Archive member included to satisfy reference by file (symbol)

C:/devkitPro/libctru/lib\libcitro3d.a(attribs.o)
                              render.o (AttrInfo_Init)
C:/devkitPro/libctru/lib\libcitro3d.a(base.o)
                              C:/devkitPro/libctru/lib\libcitro3d.a(attribs.o) (__C3D_Context)
C:/devkitPro/libctru/lib\libcitro3d.a(buffers.o)
                              render.o (BufInfo_Init)
C:/devkitPro/libctru/lib\libcitro3d.a(drawArrays.o)
                              render.o (C3D_DrawArrays)
C:/devkitPro/libctru/lib\libcitro3d.a(effect.o)
                              C:/devkitPro/libctru/lib\libcitro3d.a(base.o) (C3D_DepthMap)
C:/devkitPro/libctru/lib\libcitro3d.a(framebuffer.o)
                              C:/devkitPro/libctru/lib\libcitro3d.a(base.o) (C3Di_FrameBufBind)
C:/devkitPro/libctru/lib\libcitro3d.a(immediate.o)
                              C:/devkitPro/libctru/lib\libcitro3d.a(base.o) (C3D_ImmSendAttrib)
C:/devkitPro/libctru/lib\libcitro3d.a(renderqueue.o)
                              C:/devkitPro/libctru/lib\libcitro3d.a(base.o) (C3Di_RenderQueueEnableVBlank)
C:/devkitPro/libctru/lib\libcitro3d.a(texenv.o)
                              render.o (C3D_GetTexEnv)
C:/devkitPro/libctru/lib\libcitro3d.a(texture.o)
                              C:/devkitPro/libctru/lib\libcitro3d.a(base.o) (C3Di_SetTex)
C:/devkitPro/libctru/lib\libcitro3d.a(uniforms.o)
                              C:/devkitPro/libctru/lib\libcitro3d.a(base.o) (C3D_UpdateUniforms)
C:/devkitPro/libctru/lib\libcitro3d.a(mtx_lookat.o)
                              camera.o (Mtx_LookAt)
C:/devkitPro/libctru/lib\libcitro3d.a(mtx_multiply.o)
                              render.o (Mtx_Multiply)
C:/devkitPro/libctru/lib\libcitro3d.a(mtx_orthotilt.o)
                              render.o (Mtx_OrthoTilt)
C:/devkitPro/libctru/lib\libctru.a(linear.o)
                              render.o (linearAlloc)
C:/devkitPro/libctru/lib\libctru.a(mem_pool.o)
                              C:/devkitPro/libctru/lib\libctru.a(linear.o) (MemPool::Allocate(MemChunk&, unsigned long, int))
C:/devkitPro/libctru/lib\libctru.a(vram.o)
                              C:/devkitPro/libctru/lib\libcitro3d.a(renderqueue.o) (vramAlloc)
C:/devkitPro/libctru/lib\libctru.a(gfx.o)
                              render.o (gfxInitDefault)
C:/devkitPro/libctru/lib\libctru.a(os.o)
                              C:/devkitPro/libctru/lib\libcitro3d.a(buffers.o) (osConvertVirtToPhys)
C:/devkitPro/libctru/lib\libctru.a(gpu.o)
                              C:/devkitPro/libctru/lib\libcitro3d.a(renderqueue.o) (gpuCmdBuf)
C:/devkitPro/libctru/lib\libctru.a(gx.o)
                              C:/devkitPro/libctru/lib\libcitro3d.a(renderqueue.o) (GX_BindQueue)
C:/devkitPro/libctru/lib\libctru.a(gxqueue.o)
                              C:/devkitPro/libctru/lib\libcitro3d.a(renderqueue.o) (gxCmdQueueClear)
C:/devkitPro/libctru/lib\libctru.a(shaderProgram.o)
                              render.o (shaderInstanceGetUniformLocation)
C:/devkitPro/libctru/lib\libctru.a(shbin.o)
                              render.o (DVLB_ParseFile)
C:/devkitPro/libctru/lib\libctru.a(apt.o)
                              C:/devkitPro/libctru/lib\libcitro3d.a(base.o) (aptHook)
C:/devkitPro/libctru/lib\libctru.a(gspgpu.o)
                              C:/devkitPro/libctru/lib\libctru.a(gfx.o) (gspInit)
C:/devkitPro/libctru/lib\libctru.a(hid.o)
                              main.o (hidScanInput)
C:/devkitPro/libctru/lib\libctru.a(irrst.o)
                              C:/devkitPro/libctru/lib\libctru.a(hid.o) (irrstInit)
C:/devkitPro/libctru/lib\libctru.a(ptmsysm.o)
                              C:/devkitPro/libctru/lib\libctru.a(os.o) (ptmSysmInit)
C:/devkitPro/libctru/lib\libctru.a(rbtree_find.o)
                              C:/devkitPro/libctru/lib\libctru.a(linear.o) (rbtree_find)
C:/devkitPro/libctru/lib\libctru.a(rbtree_init.o)
                              C:/devkitPro/libctru/lib\libctru.a(linear.o) (rbtree_init)
C:/devkitPro/libctru/lib\libctru.a(rbtree_insert.o)
                              C:/devkitPro/libctru/lib\libctru.a(linear.o) (rbtree_insert)
C:/devkitPro/libctru/lib\libctru.a(rbtree_remove.o)
                              C:/devkitPro/libctru/lib\libctru.a(linear.o) (rbtree_remove)
C:/devkitPro/libctru/lib\libctru.a(rbtree_rotate.o)
                              C:/devkitPro/libctru/lib\libctru.a(rbtree_insert.o) (rbtree_rotate)
C:/devkitPro/libctru/lib\libctru.a(allocateHeaps.o)
                              C:/devkitPro/libctru/lib\libcitro3d.a(renderqueue.o) (__ctru_linear_heap_size)
C:/devkitPro/libctru/lib\libctru.a(ctru_init.o)
                              C:/devkitPro/libctru/lib\libctru.a(apt.o) (__system_retAddr)
C:/devkitPro/libctru/lib\libctru.a(initArgv.o)
                              C:/devkitPro/libctru/lib\libctru.a(ctru_init.o) (__system_initArgv)
[...]
Memory Configuration

Name             Origin             Length             Attributes
*default*        0x00000000         0xffffffff

Linker script and memory map

                0x00000000                        __sync_synchronize = __sync_synchronize_dmb
                0x00100000                        PROVIDE (__start__ = 0x100000)
                0x00100000                        . = __start__

.text           0x00100000    0x10250
 *(.crt0)
 .crt0          0x00100000       0x94 C:/devkitPro/devkitARM/bin/../lib/gcc/arm-none-eabi/16.1.0/../../../../arm-none-eabi/lib/armv6k/fpu/3dsx_crt0.o
                0x00100000                _start
                0x00100008                __service_ptr
                0x0010000c                __apt_appid
                0x00100010                __heap_size
                0x00100014                __linear_heap_size
                0x00100018                __system_arglist
                0x0010001c                __system_runflags
 *(.init)
 .init          0x00100094        0xc C:/devkitPro/devkitARM/bin/../lib/gcc/arm-none-eabi/16.1.0/armv6k/fpu/crti.o
                0x00100094                _init
 .init          0x001000a0        0xc C:/devkitPro/devkitARM/bin/../lib/gcc/arm-none-eabi/16.1.0/armv6k/fpu/crtn.o
                0x001000ac                        . = ALIGN (0x4)
 *(.text)
 .text          0x001000ac      0x3c0 C:/devkitPro/devkitARM/bin/../lib/gcc/arm-none-eabi/16.1.0/armv6k/fpu\libgcc.a(_arm_addsubdf3.o)
                0x001000ac                __aeabi_drsub
                0x001000b4                __aeabi_dsub
                0x001000b4                __subdf3
                0x001000b8                __aeabi_dadd
                0x001000b8                __adddf3
                0x00100364                __floatunsidf
                0x00100364                __aeabi_ui2d
                0x00100388                __floatsidf
                0x00100388                __aeabi_i2d
                0x001003b0                __aeabi_f2d
                0x001003b0                __extendsfdf2
                0x001003f8                __floatundidf
                0x001003f8                __aeabi_ul2d
                0x0010040c                __floatdidf
                0x0010040c                __aeabi_l2d
 .text          0x0010046c        0x4 C:/devkitPro/devkitARM/bin/../lib/gcc/arm-none-eabi/16.1.0/armv6k/fpu\libgcc.a(_dvmd_tls.o)
                0x0010046c                __aeabi_idiv0
                0x0010046c                __aeabi_ldiv0
 *fill*         0x00100470       0x10 
 .text          0x00100480      0x390 C:/devkitPro/devkitARM/bin/../lib/gcc/arm-none-eabi/16.1.0/../../../../arm-none-eabi/lib/armv6k/fpu\libg.a(libc_a-strcmp.o)
                0x00100488                strcmp
 .text          0x00100810      0x20c C:/devkitPro/devkitARM/bin/../lib/gcc/arm-none-eabi/16.1.0/armv6k/fpu\libgcc.a(_udivsi3.o)
                0x00100810                __aeabi_uidiv
                0x00100810                __udivsi3
                0x001009fc                __aeabi_uidivmod
 *(.text.*)
 .text.__do_global_dtors_aux
                0x00100a1c       0x50 C:/devkitPro/devkitARM/bin/../lib/gcc/arm-none-eabi/16.1.0/armv6k/fpu/crtbegin.o
 .text.frame_dummy
                0x00100a6c       0x2c C:/devkitPro/devkitARM/bin/../lib/gcc/arm-none-eabi/16.1.0/armv6k/fpu/crtbegin.o
 .text._Z10cameraInitR6Camera
                0x00100a98       0x24 camera.o
                0x00100a98                cameraInit(Camera&)
 .text._Z12cameraUpdateR6Cameram
                0x00100abc      0x19c camera.o
                0x00100abc                cameraUpdate(Camera&, unsigned long)
 .text._Z16cameraViewMatrixRK6CameraP7C3D_Mtx
                0x00100c58       0xa4 camera.o
                0x00100c58                cameraViewMatrix(Camera const&, C3D_Mtx*)
 .text.startup.main
                0x00100cfc       0x6c main.o
                0x00100cfc                main
 .text._ZN8Renderer4initEv
                0x00100d68      0x1e4 render.o
                0x00100d68                Renderer::init()
 .text._ZN8Renderer11renderFrameERK6Camera
                0x00100f4c      0x16c render.o
                0x00100f4c                Renderer::renderFrame(Camera const&)
 .text._ZN8Renderer7cleanupEv
                0x001010b8       0x2c render.o
                0x001010b8                Renderer::cleanup()
 .text.AttrInfo_Init
                0x001010e4       0x28 C:/devkitPro/libctru/lib\libcitro3d.a(attribs.o)
                0x001010e4                AttrInfo_Init
 .text.AttrInfo_AddLoader
                0x0010110c       0x94 C:/devkitPro/libctru/lib\libcitro3d.a(attribs.o)
                0x0010110c                AttrInfo_AddLoader
 .text.C3D_GetAttrInfo
                0x001011a0       0x20 C:/devkitPro/libctru/lib\libcitro3d.a(attribs.o)
                0x001011a0                C3D_GetAttrInfo
 .text.C3Di_AttrInfoBind
                0x001011c0       0x80 C:/devkitPro/libctru/lib\libcitro3d.a(attribs.o)
                0x001011c0                C3Di_AttrInfoBind
 .text.C3Di_LightEnvUpdate
                0x00101240        0x4 C:/devkitPro/libctru/lib\libcitro3d.a(base.o)
                0x00101240                C3Di_LightEnvUpdate
 .text.C3Di_LightEnvDirty
                0x00101244        0x4 C:/devkitPro/libctru/lib\libcitro3d.a(base.o)
                0x00101244                C3Di_LightEnvDirty
 .text.C3Di_ProcTexUpdate
                0x00101248        0x4 C:/devkitPro/libctru/lib\libcitro3d.a(base.o)
                0x00101248                C3Di_ProcTexUpdate
 .text.C3Di_ProcTexDirty
                0x0010124c        0x4 C:/devkitPro/libctru/lib\libcitro3d.a(base.o)
                0x0010124c                C3Di_ProcTexDirty
 .text.C3Di_AptEventHook
                0x00101250       0xb4 C:/devkitPro/libctru/lib\libcitro3d.a(base.o)
 .text.C3Di_GasUpdate
                0x00101304        0x4 C:/devkitPro/libctru/lib\libcitro3d.a(base.o)
                0x00101304                C3Di_GasUpdate
 .text.C3D_Init
                0x00101308      0x1d0 C:/devkitPro/libctru/lib\libcitro3d.a(base.o)
                0x00101308                C3D_Init
 .text.C3D_SetViewport
                0x001014d8       0x98 C:/devkitPro/libctru/lib\libcitro3d.a(base.o)
                0x001014d8                C3D_SetViewport
 .text.C3Di_UpdateContext
                0x00101570      0x4e8 C:/devkitPro/libctru/lib\libcitro3d.a(base.o)
                0x00101570                C3Di_UpdateContext
 .text.C3Di_SplitFrame
                0x00101a58       0xe0 C:/devkitPro/libctru/lib\libcitro3d.a(base.o)
                0x00101a58                C3Di_SplitFrame
 .text.C3D_Fini
                0x00101b38       0x44 C:/devkitPro/libctru/lib\libcitro3d.a(base.o)
                0x00101b38                C3D_Fini
 .text.C3D_BindProgram
                0x00101b7c      0x194 C:/devkitPro/libctru/lib\libcitro3d.a(base.o)
                0x00101b7c                C3D_BindProgram
 .text.BufInfo_Init
                0x00101d10       0x24 C:/devkitPro/libctru/lib\libcitro3d.a(buffers.o)
                0x00101d10                BufInfo_Init
 .text.BufInfo_Add
                0x00101d34       0x80 C:/devkitPro/libctru/lib\libcitro3d.a(buffers.o)
                0x00101d34                BufInfo_Add
 .text.C3D_GetBufInfo
                0x00101db4       0x20 C:/devkitPro/libctru/lib\libcitro3d.a(buffers.o)
                0x00101db4                C3D_GetBufInfo
 .text.C3Di_BufInfoBind
                0x00101dd4       0x48 C:/devkitPro/libctru/lib\libcitro3d.a(buffers.o)
                0x00101dd4                C3Di_BufInfoBind
 .text.C3D_DrawArrays
                0x00101e1c      0x148 C:/devkitPro/libctru/lib\libcitro3d.a(drawArrays.o)
                0x00101e1c                C3D_DrawArrays
 .text.C3D_DepthMap
                0x00101f64       0x40 C:/devkitPro/libctru/lib\libcitro3d.a(effect.o)
                0x00101f64                C3D_DepthMap
 .text.C3D_CullFace
                0x00101fa4       0x1c C:/devkitPro/libctru/lib\libcitro3d.a(effect.o)
                0x00101fa4                C3D_CullFace
 .text.C3D_StencilTest
                0x00101fc0       0x40 C:/devkitPro/libctru/lib\libcitro3d.a(effect.o)
                0x00101fc0                C3D_StencilTest
 .text.C3D_StencilOp
                0x00102000       0x24 C:/devkitPro/libctru/lib\libcitro3d.a(effect.o)
                0x00102000                C3D_StencilOp
 .text.C3D_BlendingColor
                0x00102024       0x1c C:/devkitPro/libctru/lib\libcitro3d.a(effect.o)
                0x00102024                C3D_BlendingColor
 .text.C3D_EarlyDepthTest
                0x00102040       0x24 C:/devkitPro/libctru/lib\libcitro3d.a(effect.o)
                0x00102040                C3D_EarlyDepthTest
 .text.C3D_DepthTest
                0x00102064       0x2c C:/devkitPro/libctru/lib\libcitro3d.a(effect.o)
                0x00102064                C3D_DepthTest
 .text.C3D_AlphaTest
                0x00102090       0x2c C:/devkitPro/libctru/lib\libcitro3d.a(effect.o)
                0x00102090                C3D_AlphaTest
 .text.C3D_AlphaBlend
                0x001020bc       0x50 C:/devkitPro/libctru/lib\libcitro3d.a(effect.o)
                0x001020bc                C3D_AlphaBlend
 .text.C3D_FragOpMode
                0x0010210c       0x30 C:/devkitPro/libctru/lib\libcitro3d.a(effect.o)
                0x0010210c                C3D_FragOpMode
 .text.C3D_FragOpShadow
                0x0010213c       0x44 C:/devkitPro/libctru/lib\libcitro3d.a(effect.o)
                0x0010213c                C3D_FragOpShadow
 .text.C3Di_EffectBind
                0x00102180      0x1ac C:/devkitPro/libctru/lib\libcitro3d.a(effect.o)
                0x00102180                C3Di_EffectBind
 .text.C3D_CalcColorBufSize
                0x0010232c       0x1c C:/devkitPro/libctru/lib\libcitro3d.a(framebuffer.o)
                0x0010232c                C3D_CalcColorBufSize
 .text.C3D_CalcDepthBufSize
                0x00102348       0x1c C:/devkitPro/libctru/lib\libcitro3d.a(framebuffer.o)
                0x00102348                C3D_CalcDepthBufSize
 .text.C3D_SetFrameBuf
                0x00102364       0x44 C:/devkitPro/libctru/lib\libcitro3d.a(framebuffer.o)
                0x00102364                C3D_SetFrameBuf
 .text.C3Di_FrameBufBind
                0x001023a8      0x16c C:/devkitPro/libctru/lib\libcitro3d.a(framebuffer.o)
                0x001023a8                C3Di_FrameBufBind
 .text.C3D_FrameBufClear
                0x00102514       0xc8 C:/devkitPro/libctru/lib\libcitro3d.a(framebuffer.o)
                0x00102514                C3D_FrameBufClear
 .text.C3D_FrameBufTransfer
                0x001025dc       0x44 C:/devkitPro/libctru/lib\libcitro3d.a(framebuffer.o)
                0x001025dc                C3D_FrameBufTransfer
 .text.C3D_ImmSendAttrib
                0x00102620       0xa8 C:/devkitPro/libctru/lib\libcitro3d.a(immediate.o)
                0x00102620                C3D_ImmSendAttrib
 .text.onVBlank0
                0x001026c8       0x4c C:/devkitPro/libctru/lib\libcitro3d.a(renderqueue.o)
 .text.onVBlank1
                0x00102714       0x4c C:/devkitPro/libctru/lib\libcitro3d.a(renderqueue.o)
 .text.C3Di_RenderTargetDestroy
                0x00102760       0x80 C:/devkitPro/libctru/lib\libcitro3d.a(renderqueue.o)
 .text.onQueueFinish
                0x001027e0       0xf4 C:/devkitPro/libctru/lib\libcitro3d.a(renderqueue.o)
 .text.C3Di_RenderQueueEnableVBlank
                0x001028d4       0x38 C:/devkitPro/libctru/lib\libcitro3d.a(renderqueue.o)
                0x001028d4                C3Di_RenderQueueEnableVBlank
 .text.C3Di_RenderQueueDisableVBlank
                0x0010290c       0x30 C:/devkitPro/libctru/lib\libcitro3d.a(renderqueue.o)
                0x0010290c                C3Di_RenderQueueDisableVBlank
 .text.C3Di_RenderQueueInit
                0x0010293c       0x60 C:/devkitPro/libctru/lib\libcitro3d.a(renderqueue.o)
                0x0010293c                C3Di_RenderQueueInit
 .text.C3Di_RenderQueueExit
                0x0010299c       0xb4 C:/devkitPro/libctru/lib\libcitro3d.a(renderqueue.o)
                0x0010299c                C3Di_RenderQueueExit
 .text.C3Di_RenderQueueWaitDone
                0x00102a50       0x34 C:/devkitPro/libctru/lib\libcitro3d.a(renderqueue.o)
                0x00102a50                C3Di_RenderQueueWaitDone
 .text.C3D_FrameBegin
                0x00102a84       0xe8 C:/devkitPro/libctru/lib\libcitro3d.a(renderqueue.o)
                0x00102a84                C3D_FrameBegin
 .text.C3D_FrameDrawOn
                0x00102b6c       0x48 C:/devkitPro/libctru/lib\libcitro3d.a(renderqueue.o)
                0x00102b6c                C3D_FrameDrawOn
 .text.C3D_FrameEnd
                0x00102bb4      0x1d0 C:/devkitPro/libctru/lib\libcitro3d.a(renderqueue.o)
                0x00102bb4                C3D_FrameEnd
 .text.C3D_RenderTargetCreate
                0x00102d84      0x170 C:/devkitPro/libctru/lib\libcitro3d.a(renderqueue.o)
                0x00102d84                C3D_RenderTargetCreate
 .text.C3D_RenderTargetSetOutput
                0x00102ef4       0xa8 C:/devkitPro/libctru/lib\libcitro3d.a(renderqueue.o)
                0x00102ef4                C3D_RenderTargetSetOutput
 .text.C3D_GetTexEnv
                0x00102f9c       0x34 C:/devkitPro/libctru/lib\libcitro3d.a(texenv.o)
                0x00102f9c                C3D_GetTexEnv
 .text.C3Di_TexEnvBind
                0x00102fd0       0x24 C:/devkitPro/libctru/lib\libcitro3d.a(texenv.o)
                0x00102fd0                C3Di_TexEnvBind
 .text.C3Di_SetTex
                0x00102ff4      0x14c C:/devkitPro/libctru/lib\libcitro3d.a(texture.o)
                0x00102ff4                C3Di_SetTex
 .text.C3D_UpdateUniforms
                0x00103140      0x290 C:/devkitPro/libctru/lib\libcitro3d.a(uniforms.o)
                0x00103140                C3D_UpdateUniforms
 .text.C3Di_DirtyUniforms
                0x001033d0       0xc0 C:/devkitPro/libctru/lib\libcitro3d.a(uniforms.o)
                0x001033d0                C3Di_DirtyUniforms
 .text.C3Di_LoadShaderUniforms
                0x00103490       0xd8 C:/devkitPro/libctru/lib\libcitro3d.a(uniforms.o)
                0x00103490                C3Di_LoadShaderUniforms
 .text.C3Di_ClearShaderUniforms
                0x00103568       0x28 C:/devkitPro/libctru/lib\libcitro3d.a(uniforms.o)
                0x00103568                C3Di_ClearShaderUniforms
 .text.Mtx_LookAt
                0x00103590      0x12c C:/devkitPro/libctru/lib\libcitro3d.a(mtx_lookat.o)
                0x00103590                Mtx_LookAt
 .text.Mtx_Multiply
                0x001036bc       0xb8 C:/devkitPro/libctru/lib\libcitro3d.a(mtx_multiply.o)
                0x001036bc                Mtx_Multiply
 .text.Mtx_OrthoTilt
                0x00103774       0xcc C:/devkitPro/libctru/lib\libcitro3d.a(mtx_orthotilt.o)
                0x00103774                Mtx_OrthoTilt
 .text._ZL21addrMapNodeComparatorPK11rbtree_nodeS1_
                0x00103840       0x24 C:/devkitPro/libctru/lib\libctru.a(linear.o)
 .text._ZL21addrMapNodeDestructorP11rbtree_node
                0x00103864        0x4 C:/devkitPro/libctru/lib\libctru.a(linear.o)
 .text.linearMemAlign
                0x00103868      0x12c C:/devkitPro/libctru/lib\libctru.a(linear.o)
                0x00103868                linearMemAlign
 .text.linearAlloc
                0x00103994        0x8 C:/devkitPro/libctru/lib\libctru.a(linear.o)
                0x00103994                linearAlloc
 .text.linearFree
                0x0010399c       0x5c C:/devkitPro/libctru/lib\libctru.a(linear.o)
                0x0010399c                linearFree
 .text._ZN7MemPool13CoalesceRightEP8MemBlock
                0x001039f8       0x88 C:/devkitPro/libctru/lib\libctru.a(mem_pool.o)
                0x001039f8                MemPool::CoalesceRight(MemBlock*)
 .text._ZN7MemPool8AllocateER8MemChunkmi
                0x00103a80      0x178 C:/devkitPro/libctru/lib\libctru.a(mem_pool.o)
                0x00103a80                MemPool::Allocate(MemChunk&, unsigned long, int)
 .text._ZN7MemPool10DeallocateERK8MemChunk
                0x00103bf8      0x118 C:/devkitPro/libctru/lib\libctru.a(mem_pool.o)
                0x00103bf8                MemPool::Deallocate(MemChunk const&)
 .text._ZN7MemPool12GetFreeSpaceEv
                0x00103d10       0x30 C:/devkitPro/libctru/lib\libctru.a(mem_pool.o)
                0x00103d10                MemPool::GetFreeSpace()
 .text._ZL21addrMapNodeComparatorPK11rbtree_nodeS1_
                0x00103d40       0x24 C:/devkitPro/libctru/lib\libctru.a(vram.o)
 .text._ZL21addrMapNodeDestructorP11rbtree_node
                0x00103d64        0x4 C:/devkitPro/libctru/lib\libctru.a(vram.o)
 .text.vramMemAlignAt
                0x00103d68      0x248 C:/devkitPro/libctru/lib\libctru.a(vram.o)
                0x00103d68                vramMemAlignAt
 .text.vramAlloc
                0x00103fb0        0xc C:/devkitPro/libctru/lib\libctru.a(vram.o)
                0x00103fb0                vramAlloc
 .text.vramAllocAt
                0x00103fbc        0xc C:/devkitPro/libctru/lib\libctru.a(vram.o)
                0x00103fbc                vramAllocAt
 .text.vramFree
                0x00103fc8       0x94 C:/devkitPro/libctru/lib\libctru.a(vram.o)
                0x00103fc8                vramFree
 .text.gfxPresentFramebuffer
                0x0010405c       0xcc C:/devkitPro/libctru/lib\libctru.a(gfx.o)
 .text.gfxSetScreenFormat
                0x00104128       0xf8 C:/devkitPro/libctru/lib\libctru.a(gfx.o)
                0x00104128                gfxSetScreenFormat
 .text.gfxInit  0x00104220       0xd8 C:/devkitPro/libctru/lib\libctru.a(gfx.o)
                0x00104220                gfxInit
 .text.gfxInitDefault
                0x001042f8       0x10 C:/devkitPro/libctru/lib\libctru.a(gfx.o)
                0x001042f8                gfxInitDefault
 .text.gfxExit  0x00104308       0xb8 C:/devkitPro/libctru/lib\libctru.a(gfx.o)
                0x00104308                gfxExit
 .text.gfxGetFramebuffer
                0x001043c0       0xa0 C:/devkitPro/libctru/lib\libctru.a(gfx.o)
                0x001043c0                gfxGetFramebuffer
 .text.gfxScreenSwapBuffers
                0x00104460       0x28 C:/devkitPro/libctru/lib\libctru.a(gfx.o)
                0x00104460                gfxScreenSwapBuffers
 .text.osConvertVirtToPhys
                0x00104488       0x74 C:/devkitPro/libctru/lib\libctru.a(os.o)
                0x00104488                osConvertVirtToPhys
 .text.__ctru_speedup_config
                0x001044fc       0x34 C:/devkitPro/libctru/lib\libctru.a(os.o)
                0x001044fc                __ctru_speedup_config
 .text.GPUCMD_Add
                0x00104530      0x13c C:/devkitPro/libctru/lib\libctru.a(gpu.o)
                0x00104530                GPUCMD_Add
 .text.GPUCMD_Split
                0x0010466c       0xb0 C:/devkitPro/libctru/lib\libctru.a(gpu.o)
                0x0010466c                GPUCMD_Split
 .text.f32tof16
                0x0010471c       0x34 C:/devkitPro/libctru/lib\libctru.a(gpu.o)
                0x0010471c                f32tof16
 .text.f32tof24
                0x00104750       0x34 C:/devkitPro/libctru/lib\libctru.a(gpu.o)
                0x00104750                f32tof24
 .text.f32tof31
                0x00104784       0x38 C:/devkitPro/libctru/lib\libctru.a(gpu.o)
                0x00104784                f32tof31
 .text.GX_BindQueue
                0x001047bc       0x10 C:/devkitPro/libctru/lib\libctru.a(gx.o)
                0x001047bc                GX_BindQueue
 .text.GX_ProcessCommandList
                0x001047cc       0x7c C:/devkitPro/libctru/lib\libctru.a(gx.o)
                0x001047cc                GX_ProcessCommandList
 .text.GX_MemoryFill
                0x00104848       0x74 C:/devkitPro/libctru/lib\libctru.a(gx.o)
                0x00104848                GX_MemoryFill
 .text.GX_DisplayTransfer
                0x001048bc       0x74 C:/devkitPro/libctru/lib\libctru.a(gx.o)
                0x001048bc                GX_DisplayTransfer
 .text.gxCmdQueueDoCommands.part.0
                0x00104930       0x64 C:/devkitPro/libctru/lib\libctru.a(gxqueue.o)
 .text.gxCmdQueueInterrupt
                0x00104994       0xe4 C:/devkitPro/libctru/lib\libctru.a(gxqueue.o)
                0x00104994                gxCmdQueueInterrupt
 .text.gxCmdQueueClear
                0x00104a78       0x68 C:/devkitPro/libctru/lib\libctru.a(gxqueue.o)
                0x00104a78                gxCmdQueueClear
 .text.gxCmdQueueAdd
                0x00104ae0      0x108 C:/devkitPro/libctru/lib\libctru.a(gxqueue.o)
                0x00104ae0                gxCmdQueueAdd
 .text.gxCmdQueueRun
                0x00104be8       0x80 C:/devkitPro/libctru/lib\libctru.a(gxqueue.o)
                0x00104be8                gxCmdQueueRun
 .text.gxCmdQueueStop
                0x00104c68       0x64 C:/devkitPro/libctru/lib\libctru.a(gxqueue.o)
                0x00104c68                gxCmdQueueStop
 .text.gxCmdQueueWait
                0x00104ccc       0xac C:/devkitPro/libctru/lib\libctru.a(gxqueue.o)
                0x00104ccc                gxCmdQueueWait
 .text.shaderInstanceInit
                0x00104d78      0x1e0 C:/devkitPro/libctru/lib\libctru.a(shaderProgram.o)
                0x00104d78                shaderInstanceInit
 .text.shaderInstanceGetUniformLocation
                0x00104f58       0x18 C:/devkitPro/libctru/lib\libctru.a(shaderProgram.o)
                0x00104f58                shaderInstanceGetUniformLocation
 .text.shaderProgramInit
                0x00104f70       0x1c C:/devkitPro/libctru/lib\libctru.a(shaderProgram.o)
                0x00104f70                shaderProgramInit
 .text.shaderProgramFree
                0x00104f8c       0x74 C:/devkitPro/libctru/lib\libctru.a(shaderProgram.o)
                0x00104f8c                shaderProgramFree
 .text.shaderProgramSetVsh
                0x00105000       0x94 C:/devkitPro/libctru/lib\libctru.a(shaderProgram.o)
                0x00105000                shaderProgramSetVsh
 .text.shaderProgramConfigure
                0x00105094      0x8d0 C:/devkitPro/libctru/lib\libctru.a(shaderProgram.o)
                0x00105094                shaderProgramConfigure
 .text.DVLE_GenerateOutmap.part.0
                0x00105964      0x1dc C:/devkitPro/libctru/lib\libctru.a(shbin.o)
 .text.DVLB_ParseFile
                0x00105b40      0x1ac C:/devkitPro/libctru/lib\libctru.a(shbin.o)
                0x00105b40                DVLB_ParseFile
 .text.DVLB_Free
                0x00105cec       0x50 C:/devkitPro/libctru/lib\libctru.a(shbin.o)
                0x00105cec                DVLB_Free
 .text.DVLE_GetUniformRegister
                0x00105d3c       0x74 C:/devkitPro/libctru/lib\libctru.a(shbin.o)
                0x00105d3c                DVLE_GetUniformRegister
 .text.aptConvertScreenForCapture
                0x00105db0      0x180 C:/devkitPro/libctru/lib\libctru.a(apt.o)
 .text.aptDspSleep
                0x00105f30        0x8 C:/devkitPro/libctru/lib\libctru.a(apt.o)
                0x00105f30                aptDspSleep
 .text.aptDspWakeup
                0x00105f38        0x4 C:/devkitPro/libctru/lib\libctru.a(apt.o)
                0x00105f38                aptDspWakeup
 .text.aptDspCancel
                0x00105f3c        0x4 C:/devkitPro/libctru/lib\libctru.a(apt.o)
                0x00105f3c                aptDspCancel
 .text.aptSendCommand
                0x00105f40      0x138 C:/devkitPro/libctru/lib\libctru.a(apt.o)
                0x00105f40                aptSendCommand
 .text.aptExitProcess
                0x00106078       0x44 C:/devkitPro/libctru/lib\libctru.a(apt.o)
 .text.aptExit  0x001060bc      0x394 C:/devkitPro/libctru/lib\libctru.a(apt.o)
                0x001060bc                aptExit
 .text.aptHandleSleep
                0x00106450       0xd8 C:/devkitPro/libctru/lib\libctru.a(apt.o)
                0x00106450                aptHandleSleep
 .text.aptHook  0x00106528       0x34 C:/devkitPro/libctru/lib\libctru.a(apt.o)
                0x00106528                aptHook
 .text.aptUnhook
                0x0010655c       0x30 C:/devkitPro/libctru/lib\libctru.a(apt.o)
                0x0010655c                aptUnhook
 .text.APT_SleepIfShellClosed
                0x0010658c       0x84 C:/devkitPro/libctru/lib\libctru.a(apt.o)
                0x0010658c                APT_SleepIfShellClosed
 .text.aptSetSleepAllowed
                0x00106610       0x78 C:/devkitPro/libctru/lib\libctru.a(apt.o)
                0x00106610                aptSetSleepAllowed
 .text.APT_UnlockTransition
                0x00106688       0x84 C:/devkitPro/libctru/lib\libctru.a(apt.o)
                0x00106688                APT_UnlockTransition
 *fill*         0x0010670c        0x4 
 .text.aptEventHandler
                0x00106710      0x470 C:/devkitPro/libctru/lib\libctru.a(apt.o)
 .text.APT_ReceiveParameter
                0x00106b80       0xbc C:/devkitPro/libctru/lib\libctru.a(apt.o)
                0x00106b80                APT_ReceiveParameter
 .text.aptReceiveParameter.constprop.0
                0x00106c3c       0xb0 C:/devkitPro/libctru/lib\libctru.a(apt.o)
 *fill*         0x00106cec        0x4 
 .text.aptScreenTransfer
                0x00106cf0      0x294 C:/devkitPro/libctru/lib\libctru.a(apt.o)
 .text.aptWaitForWakeUp.isra.0
                0x00106f84      0x2d0 C:/devkitPro/libctru/lib\libctru.a(apt.o)
 .text.aptJumpToHomeMenu
                0x00107254       0xf4 C:/devkitPro/libctru/lib\libctru.a(apt.o)
                0x00107254                aptJumpToHomeMenu
 .text.aptMainLoop
                0x00107348       0x58 C:/devkitPro/libctru/lib\libctru.a(apt.o)
                0x00107348                aptMainLoop
 .text.aptInit  0x001073a0      0x240 C:/devkitPro/libctru/lib\libctru.a(apt.o)
                0x001073a0                aptInit
 .text.APT_CheckNew3DS
                0x001075e0       0x90 C:/devkitPro/libctru/lib\libctru.a(apt.o)
                0x001075e0                APT_CheckNew3DS
 .text.gspHardwareInit
                0x00107670      0xc70 C:/devkitPro/libctru/lib\libctru.a(gspgpu.o)
 .text.gspInit  0x001082e0      0x288 C:/devkitPro/libctru/lib\libctru.a(gspgpu.o)
                0x001082e0                gspInit
 .text.gspExit  0x00108568      0x104 C:/devkitPro/libctru/lib\libctru.a(gspgpu.o)
                0x00108568                gspExit
 .text.gspHasGpuRight
                0x0010866c       0x10 C:/devkitPro/libctru/lib\libctru.a(gspgpu.o)
                0x0010866c                gspHasGpuRight
 .text.gspPresentBuffer
                0x0010867c       0xa4 C:/devkitPro/libctru/lib\libctru.a(gspgpu.o)
                0x0010867c                gspPresentBuffer
 .text.gspSetEventCallback
                0x00108720       0x30 C:/devkitPro/libctru/lib\libctru.a(gspgpu.o)
                0x00108720                gspSetEventCallback
 .text.gspWaitForEvent
                0x00108750       0x50 C:/devkitPro/libctru/lib\libctru.a(gspgpu.o)
                0x00108750                gspWaitForEvent
 .text.gspWaitForAnyEvent
                0x001087a0       0x4c C:/devkitPro/libctru/lib\libctru.a(gspgpu.o)
                0x001087a0                gspWaitForAnyEvent
 .text.gspEventThreadMain
                0x001087ec      0x154 C:/devkitPro/libctru/lib\libctru.a(gspgpu.o)
 .text.gspSubmitGxCommand
                0x00108940      0x12c C:/devkitPro/libctru/lib\libctru.a(gspgpu.o)
                0x00108940                gspSubmitGxCommand
 .text.GSPGPU_FlushDataCache
                0x00108a6c       0x50 C:/devkitPro/libctru/lib\libctru.a(gspgpu.o)
                0x00108a6c                GSPGPU_FlushDataCache
 .text.GSPGPU_SetLcdForceBlack
                0x00108abc       0x34 C:/devkitPro/libctru/lib\libctru.a(gspgpu.o)
                0x00108abc                GSPGPU_SetLcdForceBlack
 .text.GSPGPU_AcquireRight
                0x00108af0       0x84 C:/devkitPro/libctru/lib\libctru.a(gspgpu.o)
                0x00108af0                GSPGPU_AcquireRight
 .text.GSPGPU_ReleaseRight
                0x00108b74       0x64 C:/devkitPro/libctru/lib\libctru.a(gspgpu.o)
                0x00108b74                GSPGPU_ReleaseRight
 .text.GSPGPU_ImportDisplayCaptureInfo
                0x00108bd8       0x7c C:/devkitPro/libctru/lib\libctru.a(gspgpu.o)
                0x00108bd8                GSPGPU_ImportDisplayCaptureInfo
 .text.GSPGPU_SaveVramSysArea
                0x00108c54       0x2c C:/devkitPro/libctru/lib\libctru.a(gspgpu.o)
                0x00108c54                GSPGPU_SaveVramSysArea
 .text.GSPGPU_RestoreVramSysArea
                0x00108c80       0x2c C:/devkitPro/libctru/lib\libctru.a(gspgpu.o)
                0x00108c80                GSPGPU_RestoreVramSysArea
 .text.hidShouldUseIrrst
                0x00108cac       0x24 C:/devkitPro/libctru/lib\libctru.a(hid.o)
                0x00108cac                hidShouldUseIrrst
 .text.hidInit  0x00108cd0      0x1cc C:/devkitPro/libctru/lib\libctru.a(hid.o)
                0x00108cd0                hidInit
 .text.hidExit  0x00108e9c       0xe8 C:/devkitPro/libctru/lib\libctru.a(hid.o)
                0x00108e9c                hidExit
 .text.hidScanInput
                0x00108f84      0x2a0 C:/devkitPro/libctru/lib\libctru.a(hid.o)
                0x00108f84                hidScanInput
 .text.hidKeysHeld
                0x00109224       0x10 C:/devkitPro/libctru/lib\libctru.a(hid.o)
                0x00109224                hidKeysHeld
 .text.hidKeysDown
                0x00109234       0x10 C:/devkitPro/libctru/lib\libctru.a(hid.o)
                0x00109234                hidKeysDown
 .text.hidCircleRead
                0x00109244       0x18 C:/devkitPro/libctru/lib\libctru.a(hid.o)
                0x00109244                hidCircleRead
 .text.irrstInit
                0x0010925c      0x1a4 C:/devkitPro/libctru/lib\libctru.a(irrst.o)
                0x0010925c                irrstInit
 .text.irrstExit
                0x00109400       0xdc C:/devkitPro/libctru/lib\libctru.a(irrst.o)
                0x00109400                irrstExit
 .text.irrstScanInput
                0x001094dc       0xb4 C:/devkitPro/libctru/lib\libctru.a(irrst.o)
                0x001094dc                irrstScanInput
 .text.irrstKeysHeld
                0x00109590       0x24 C:/devkitPro/libctru/lib\libctru.a(irrst.o)
                0x00109590                irrstKeysHeld
 .text.ptmSysmInit
                0x001095b4       0x78 C:/devkitPro/libctru/lib\libctru.a(ptmsysm.o)
                0x001095b4                ptmSysmInit
 .text.ptmSysmExit
                0x0010962c       0x3c C:/devkitPro/libctru/lib\libctru.a(ptmsysm.o)
                0x0010962c                ptmSysmExit
 .text.PTMSYSM_ConfigureNew3DSCPU
                0x00109668       0x34 C:/devkitPro/libctru/lib\libctru.a(ptmsysm.o)
                0x00109668                PTMSYSM_ConfigureNew3DSCPU
 .text.rbtree_find
                0x0010969c       0x74 C:/devkitPro/libctru/lib\libctru.a(rbtree_find.o)
                0x0010969c                rbtree_find
 .text.rbtree_init
                0x00109710       0x10 C:/devkitPro/libctru/lib\libctru.a(rbtree_init.o)
                0x00109710                rbtree_init
 .text.do_insert
                0x00109720      0x198 C:/devkitPro/libctru/lib\libctru.a(rbtree_insert.o)
 .text.rbtree_insert
                0x001098b8        0x8 C:/devkitPro/libctru/lib\libctru.a(rbtree_insert.o)
                0x001098b8                rbtree_insert
 .text.rbtree_remove
                0x001098c0      0x310 C:/devkitPro/libctru/lib\libctru.a(rbtree_remove.o)
                0x001098c0                rbtree_remove
 .text.rbtree_rotate
                0x00109bd0       0x90 C:/devkitPro/libctru/lib\libctru.a(rbtree_rotate.o)
                0x00109bd0                rbtree_rotate
 .text.__system_allocateHeaps
                0x00109c60      0x1e8 C:/devkitPro/libctru/lib\libctru.a(allocateHeaps.o)
                0x00109c60                __system_allocateHeaps
 .text.__libctru_init
                0x00109e48       0x38 C:/devkitPro/libctru/lib\libctru.a(ctru_init.o)
                0x00109e48                __libctru_init
 .text.__system_initArgv
                0x00109e80      0x16c C:/devkitPro/libctru/lib\libctru.a(initArgv.o)
                0x00109e80                __system_initArgv
 .text.__syscall_getreent
                0x00109fec       0x30 C:/devkitPro/libctru/lib\libctru.a(syscalls.o)
                0x00109fec                __syscall_getreent
 .text.__syscall_lock_acquire_recursive
                0x0010a01c        0x4 C:/devkitPro/libctru/lib\libctru.a(syscalls.o)
                0x0010a01c                __syscall_lock_acquire_recursive
 .text.__syscall_lock_release_recursive
                0x0010a020        0x4 C:/devkitPro/libctru/lib\libctru.a(syscalls.o)
                0x0010a020                __syscall_lock_release_recursive
 .text.__syscall_exit
                0x0010a024        0x4 C:/devkitPro/libctru/lib\libctru.a(syscalls.o)
                0x0010a024                __syscall_exit
 .text.initThreadVars
                0x0010a028       0x54 C:/devkitPro/libctru/lib\libctru.a(syscalls.o)
                0x0010a028                initThreadVars
 .text.__system_initSyscalls
                0x0010a07c       0x80 C:/devkitPro/libctru/lib\libctru.a(syscalls.o)
                0x0010a07c                __system_initSyscalls
 .text.svcControlMemory
                0x0010a0fc       0x20 C:/devkitPro/libctru/lib\libctru.a(svc.o)
                0x0010a0fc                svcControlMemory
 .text.svcQueryMemory
                0x0010a11c       0x30 C:/devkitPro/libctru/lib\libctru.a(svc.o)
                0x0010a11c                svcQueryMemory
 .text.svcExitProcess
                0x0010a14c        0x8 C:/devkitPro/libctru/lib\libctru.a(svc.o)
                0x0010a14c                svcExitProcess
 .text.svcCreateThread
                0x0010a154       0x20 C:/devkitPro/libctru/lib\libctru.a(svc.o)
                0x0010a154                svcCreateThread
 .text.svcExitThread
                0x0010a174        0x8 C:/devkitPro/libctru/lib\libctru.a(svc.o)
                0x0010a174                svcExitThread
 .text.svcSleepThread
                0x0010a17c        0x8 C:/devkitPro/libctru/lib\libctru.a(svc.o)
                0x0010a17c                svcSleepThread
 .text.svcReleaseMutex
                0x0010a184        0x8 C:/devkitPro/libctru/lib\libctru.a(svc.o)
                0x0010a184                svcReleaseMutex
 .text.svcCreateEvent
                0x0010a18c       0x14 C:/devkitPro/libctru/lib\libctru.a(svc.o)
                0x0010a18c                svcCreateEvent
 .text.svcSignalEvent
                0x0010a1a0        0x8 C:/devkitPro/libctru/lib\libctru.a(svc.o)
                0x0010a1a0                svcSignalEvent
 .text.svcClearEvent
                0x0010a1a8        0x8 C:/devkitPro/libctru/lib\libctru.a(svc.o)
                0x0010a1a8                svcClearEvent
 .text.svcMapMemoryBlock
                0x0010a1b0        0x8 C:/devkitPro/libctru/lib\libctru.a(svc.o)
                0x0010a1b0                svcMapMemoryBlock
 .text.svcUnmapMemoryBlock
                0x0010a1b8        0x8 C:/devkitPro/libctru/lib\libctru.a(svc.o)
                0x0010a1b8                svcUnmapMemoryBlock
 .text.svcCreateAddressArbiter
                0x0010a1c0       0x14 C:/devkitPro/libctru/lib\libctru.a(svc.o)
                0x0010a1c0                svcCreateAddressArbiter
 .text.svcArbitrateAddressNoTimeout
                0x0010a1d4        0x8 C:/devkitPro/libctru/lib\libctru.a(svc.o)
                0x0010a1d4                svcArbitrateAddressNoTimeout
 .text.svcCloseHandle
                0x0010a1dc        0x8 C:/devkitPro/libctru/lib\libctru.a(svc.o)
                0x0010a1dc                svcCloseHandle
 .text.svcWaitSynchronization
                0x0010a1e4        0x8 C:/devkitPro/libctru/lib\libctru.a(svc.o)
                0x0010a1e4                svcWaitSynchronization
 .text.svcWaitSynchronizationN
                0x0010a1ec       0x28 C:/devkitPro/libctru/lib\libctru.a(svc.o)
                0x0010a1ec                svcWaitSynchronizationN
 .text.svcDuplicateHandle
                0x0010a214       0x14 C:/devkitPro/libctru/lib\libctru.a(svc.o)
                0x0010a214                svcDuplicateHandle
 .text.svcGetSystemTick
                0x0010a228        0x8 C:/devkitPro/libctru/lib\libctru.a(svc.o)
                0x0010a228                svcGetSystemTick
 .text.svcConnectToPort
                0x0010a230       0x14 C:/devkitPro/libctru/lib\libctru.a(svc.o)
                0x0010a230                svcConnectToPort
 .text.svcSendSyncRequest
                0x0010a244        0x8 C:/devkitPro/libctru/lib\libctru.a(svc.o)
                0x0010a244                svcSendSyncRequest
 .text.svcGetResourceLimit
                0x0010a24c       0x14 C:/devkitPro/libctru/lib\libctru.a(svc.o)
                0x0010a24c                svcGetResourceLimit
 .text.svcGetResourceLimitLimitValues
                0x0010a260        0x8 C:/devkitPro/libctru/lib\libctru.a(svc.o)
                0x0010a260                svcGetResourceLimitLimitValues
 .text.svcGetResourceLimitCurrentValues
                0x0010a268        0x8 C:/devkitPro/libctru/lib\libctru.a(svc.o)
                0x0010a268                svcGetResourceLimitCurrentValues
 .text.svcBreak
                0x0010a270        0x8 C:/devkitPro/libctru/lib\libctru.a(svc.o)
                0x0010a270                svcBreak
 .text.initSystem
                0x0010a278       0x50 C:/devkitPro/libctru/lib\libctru.a(stack_adjust.o)
                0x0010a278                initSystem
 .text.__ctru_exit
                0x0010a2c8       0x14 C:/devkitPro/libctru/lib\libctru.a(stack_adjust.o)
                0x0010a2c8                __ctru_exit
 .text.envGetHandle
                0x0010a2dc       0x8c C:/devkitPro/libctru/lib\libctru.a(env.o)
                0x0010a2dc                envGetHandle
 .text.envDestroyHandles
                0x0010a368       0x50 C:/devkitPro/libctru/lib\libctru.a(env.o)
                0x0010a368                envDestroyHandles
 .text.srvInit  0x0010a3b8      0x164 C:/devkitPro/libctru/lib\libctru.a(srv.o)
                0x0010a3b8                srvInit
 .text.srvExit  0x0010a51c       0x64 C:/devkitPro/libctru/lib\libctru.a(srv.o)
                0x0010a51c                srvExit
 .text.srvEnableNotification
                0x0010a580       0x60 C:/devkitPro/libctru/lib\libctru.a(srv.o)
                0x0010a580                srvEnableNotification
 .text.srvGetServiceHandleDirect
                0x0010a5e0       0xa0 C:/devkitPro/libctru/lib\libctru.a(srv.o)
                0x0010a5e0                srvGetServiceHandleDirect
 .text.srvGetServiceHandle
                0x0010a680       0x48 C:/devkitPro/libctru/lib\libctru.a(srv.o)
                0x0010a680                srvGetServiceHandle
 .text.srvSubscribe
                0x0010a6c8       0x34 C:/devkitPro/libctru/lib\libctru.a(srv.o)
                0x0010a6c8                srvSubscribe
 .text.srvReceiveNotification
                0x0010a6fc       0x60 C:/devkitPro/libctru/lib\libctru.a(srv.o)
                0x0010a6fc                srvReceiveNotification
 .text.srvPublishToSubscriber
                0x0010a75c       0x38 C:/devkitPro/libctru/lib\libctru.a(srv.o)
                0x0010a75c                srvPublishToSubscriber
 .text.__sync_init
                0x0010a794        0xc C:/devkitPro/libctru/lib\libctru.a(synchronization.o)
                0x0010a794                __sync_init
 .text.__sync_fini
                0x0010a7a0       0x18 C:/devkitPro/libctru/lib\libctru.a(synchronization.o)
                0x0010a7a0                __sync_fini
 .text.syncArbitrateAddress
                0x0010a7b8       0x28 C:/devkitPro/libctru/lib\libctru.a(synchronization.o)
                0x0010a7b8                syncArbitrateAddress
 .text.LightLock_Lock
                0x0010a7e0       0xac C:/devkitPro/libctru/lib\libctru.a(synchronization.o)
                0x0010a7e0                LightLock_Lock
 .text.LightLock_Unlock
                0x0010a88c       0x40 C:/devkitPro/libctru/lib\libctru.a(synchronization.o)
                0x0010a88c                LightLock_Unlock
 .text.RecursiveLock_Lock
                0x0010a8cc       0x54 C:/devkitPro/libctru/lib\libctru.a(synchronization.o)
                0x0010a8cc                RecursiveLock_Lock
 .text.RecursiveLock_Unlock
                0x0010a920       0x54 C:/devkitPro/libctru/lib\libctru.a(synchronization.o)
                0x0010a920                RecursiveLock_Unlock
 .text.LightEvent_Init
                0x0010a974       0x44 C:/devkitPro/libctru/lib\libctru.a(synchronization.o)
                0x0010a974                LightEvent_Init
 .text.LightEvent_Clear
                0x0010a9b8       0xb8 C:/devkitPro/libctru/lib\libctru.a(synchronization.o)
                0x0010a9b8                LightEvent_Clear
 .text.LightEvent_Signal
                0x0010aa70       0xdc C:/devkitPro/libctru/lib\libctru.a(synchronization.o)
                0x0010aa70                LightEvent_Signal
 .text.LightEvent_TryWait
                0x0010ab4c       0x50 C:/devkitPro/libctru/lib\libctru.a(synchronization.o)
                0x0010ab4c                LightEvent_TryWait
 .text.LightEvent_Wait
                0x0010ab9c       0xac C:/devkitPro/libctru/lib\libctru.a(synchronization.o)
                0x0010ab9c                LightEvent_Wait
 .text.threadCreate
                0x0010ac48      0x1fc C:/devkitPro/libctru/lib\libctru.a(thread.o)
                0x0010ac48                threadCreate
 .text.threadFree
                0x0010ae44       0x38 C:/devkitPro/libctru/lib\libctru.a(thread.o)
                0x0010ae44                threadFree
 .text.threadJoin
                0x0010ae7c       0x24 C:/devkitPro/libctru/lib\libctru.a(thread.o)
                0x0010ae7c                threadJoin
 .text.threadGetCurrent
                0x0010aea0       0x30 C:/devkitPro/libctru/lib\libctru.a(thread.o)
                0x0010aea0                threadGetCurrent
 .text.threadExit
                0x0010aed0       0x40 C:/devkitPro/libctru/lib\libctru.a(thread.o)
                0x0010aed0                threadExit
 .text._thread_begin
                0x0010af10       0x20 C:/devkitPro/libctru/lib\libctru.a(thread.o)
 .text.mappableFindAddressWithin
                0x0010af30       0x90 C:/devkitPro/libctru/lib\libctru.a(mappable.o)
 .text.mappableInit
                0x0010afc0       0x28 C:/devkitPro/libctru/lib\libctru.a(mappable.o)
                0x0010afc0                mappableInit
 .text.mappableAlloc
                0x0010afe8       0x7c C:/devkitPro/libctru/lib\libctru.a(mappable.o)
                0x0010afe8                mappableAlloc
 .text.mappableFree
                0x0010b064        0x4 C:/devkitPro/libctru/lib\libctru.a(mappable.o)
                0x0010b064                mappableFree
 .text.srvPmGetSessionHandle
                0x0010b068        0xc C:/devkitPro/libctru/lib\libctru.a(srvpm.o)
                0x0010b068                srvPmGetSessionHandle
 .text.rbtree_node_next
                0x0010b074       0x60 C:/devkitPro/libctru/lib\libctru.a(rbtree_iterator.o)
                0x0010b074                rbtree_node_next
 .text.__appExit
                0x0010b0d4       0x30 C:/devkitPro/libctru/lib\libctru.a(appExit.o)
                0x0010b0d4                __appExit
 .text.__appInit
                0x0010b104       0x30 C:/devkitPro/libctru/lib\libctru.a(appInit.o)
                0x0010b104                __appInit
 .text.__libctru_exit
                0x0010b134       0x90 C:/devkitPro/libctru/lib\libctru.a(ctru_exit.o)
                0x0010b134                __libctru_exit
 .text.error_cmp
                0x0010b1c4       0x24 C:/devkitPro/libctru/lib\libctru.a(archive_dev.o)
 .text.archive_translate_error
                0x0010b1e8       0x50 C:/devkitPro/libctru/lib\libctru.a(archive_dev.o)
 .text.archive_seek
                0x0010b238       0xc0 C:/devkitPro/libctru/lib\libctru.a(archive_dev.o)
 .text._archiveInit.part.0
                0x0010b2f8       0x78 C:/devkitPro/libctru/lib\libctru.a(archive_dev.o)
 .text.archiveFindDevice.part.0
                0x0010b370      0x110 C:/devkitPro/libctru/lib\libctru.a(archive_dev.o)
 .text.archive_utf16path
                0x0010b480      0x298 C:/devkitPro/libctru/lib\libctru.a(archive_dev.o)
 .text._archiveUnmountDeviceStruct.part.0
                0x0010b718       0x98 C:/devkitPro/libctru/lib\libctru.a(archive_dev.o)
 .text._archiveMountDevice
                0x0010b7b0      0x178 C:/devkitPro/libctru/lib\libctru.a(archive_dev.o)
 .text.archive_diropen
                0x0010b928       0xf8 C:/devkitPro/libctru/lib\libctru.a(archive_dev.o)
 .text.archive_fstat
                0x0010ba20       0xac C:/devkitPro/libctru/lib\libctru.a(archive_dev.o)
 .text.archive_fsync
                0x0010bacc       0x74 C:/devkitPro/libctru/lib\libctru.a(archive_dev.o)
 .text.archive_close
                0x0010bb40       0x74 C:/devkitPro/libctru/lib\libctru.a(archive_dev.o)
 .text.archive_dirclose
                0x0010bbb4       0x78 C:/devkitPro/libctru/lib\libctru.a(archive_dev.o)
 .text.sdmc_statvfs
                0x0010bc2c       0xec C:/devkitPro/libctru/lib\libctru.a(archive_dev.o)
 .text.archive_chdir
                0x0010bd18       0xf8 C:/devkitPro/libctru/lib\libctru.a(archive_dev.o)
 .text.archive_ftruncate
                0x0010be10       0x8c C:/devkitPro/libctru/lib\libctru.a(archive_dev.o)
 .text.archive_read
                0x0010be9c       0xbc C:/devkitPro/libctru/lib\libctru.a(archive_dev.o)
 .text.archive_unlink
                0x0010bf58       0xa8 C:/devkitPro/libctru/lib\libctru.a(archive_dev.o)
 .text.archive_rmdir
                0x0010c000       0xc0 C:/devkitPro/libctru/lib\libctru.a(archive_dev.o)
 .text.archive_mkdir
                0x0010c0c0       0xd8 C:/devkitPro/libctru/lib\libctru.a(archive_dev.o)
 .text.archive_stat
                0x0010c198      0x1a0 C:/devkitPro/libctru/lib\libctru.a(archive_dev.o)
 .text.archive_dirnext
                0x0010c338      0x164 C:/devkitPro/libctru/lib\libctru.a(archive_dev.o)
 .text.archive_write
                0x0010c49c      0x13c C:/devkitPro/libctru/lib\libctru.a(archive_dev.o)
 .text.archive_open
                0x0010c5d8      0x254 C:/devkitPro/libctru/lib\libctru.a(archive_dev.o)
 .text.archive_rename
                0x0010c82c      0x270 C:/devkitPro/libctru/lib\libctru.a(archive_dev.o)
 .text.archiveMountSdmc
                0x0010ca9c      0x1c8 C:/devkitPro/libctru/lib\libctru.a(archive_dev.o)
                0x0010ca9c                archiveMountSdmc
 .text.archiveUnmountAll
                0x0010cc64       0x54 C:/devkitPro/libctru/lib\libctru.a(archive_dev.o)
                0x0010cc64                archiveUnmountAll
 .text.fsInit   0x0010ccb8      0x104 C:/devkitPro/libctru/lib\libctru.a(fs.o)
                0x0010ccb8                fsInit
 .text.fsExit   0x0010cdbc       0x3c C:/devkitPro/libctru/lib\libctru.a(fs.o)
                0x0010cdbc                fsExit
 .text.fsExemptFromSession
                0x0010cdf8       0x68 C:/devkitPro/libctru/lib\libctru.a(fs.o)
                0x0010cdf8                fsExemptFromSession
 .text.fsUnexemptFromSession
                0x0010ce60       0x50 C:/devkitPro/libctru/lib\libctru.a(fs.o)
                0x0010ce60                fsUnexemptFromSession
 .text.FSUSER_OpenFile
                0x0010ceb0       0xcc C:/devkitPro/libctru/lib\libctru.a(fs.o)
                0x0010ceb0                FSUSER_OpenFile
 .text.FSUSER_DeleteFile
                0x0010cf7c       0xb8 C:/devkitPro/libctru/lib\libctru.a(fs.o)
                0x0010cf7c                FSUSER_DeleteFile
 .text.FSUSER_RenameFile
                0x0010d034       0xf4 C:/devkitPro/libctru/lib\libctru.a(fs.o)
                0x0010d034                FSUSER_RenameFile
 .text.FSUSER_DeleteDirectory
                0x0010d128       0xb8 C:/devkitPro/libctru/lib\libctru.a(fs.o)
                0x0010d128                FSUSER_DeleteDirectory
 .text.FSUSER_CreateFile
                0x0010d1e0       0xd0 C:/devkitPro/libctru/lib\libctru.a(fs.o)
                0x0010d1e0                FSUSER_CreateFile
 .text.FSUSER_CreateDirectory
                0x0010d2b0       0xc0 C:/devkitPro/libctru/lib\libctru.a(fs.o)
                0x0010d2b0                FSUSER_CreateDirectory
 .text.FSUSER_RenameDirectory
                0x0010d370       0xf4 C:/devkitPro/libctru/lib\libctru.a(fs.o)
                0x0010d370                FSUSER_RenameDirectory
 .text.FSUSER_OpenDirectory
                0x0010d464       0xb4 C:/devkitPro/libctru/lib\libctru.a(fs.o)
                0x0010d464                FSUSER_OpenDirectory
 .text.FSUSER_OpenArchive
                0x0010d518       0x90 C:/devkitPro/libctru/lib\libctru.a(fs.o)
                0x0010d518                FSUSER_OpenArchive
 .text.FSUSER_CloseArchive
                0x0010d5a8       0x8c C:/devkitPro/libctru/lib\libctru.a(fs.o)
                0x0010d5a8                FSUSER_CloseArchive
 .text.FSUSER_GetSdmcArchiveResource
                0x0010d634       0x74 C:/devkitPro/libctru/lib\libctru.a(fs.o)
                0x0010d634                FSUSER_GetSdmcArchiveResource
 .text.FSUSER_IsSdmcWritable
                0x0010d6a8       0x64 C:/devkitPro/libctru/lib\libctru.a(fs.o)
                0x0010d6a8                FSUSER_IsSdmcWritable
 .text.FSFILE_Read
                0x0010d70c       0x64 C:/devkitPro/libctru/lib\libctru.a(fs.o)
                0x0010d70c                FSFILE_Read
 .text.FSFILE_Write
                0x0010d770       0x6c C:/devkitPro/libctru/lib\libctru.a(fs.o)
                0x0010d770                FSFILE_Write
 .text.FSFILE_GetSize
                0x0010d7dc       0x44 C:/devkitPro/libctru/lib\libctru.a(fs.o)
                0x0010d7dc                FSFILE_GetSize
 .text.FSFILE_SetSize
                0x0010d820       0x28 C:/devkitPro/libctru/lib\libctru.a(fs.o)
                0x0010d820                FSFILE_SetSize
 .text.FSFILE_Close
                0x0010d848       0x3c C:/devkitPro/libctru/lib\libctru.a(fs.o)
                0x0010d848                FSFILE_Close
 .text.FSFILE_Flush
                0x0010d884       0x24 C:/devkitPro/libctru/lib\libctru.a(fs.o)
                0x0010d884                FSFILE_Flush
 .text.FSDIR_Read
                0x0010d8a8       0x60 C:/devkitPro/libctru/lib\libctru.a(fs.o)
                0x0010d8a8                FSDIR_Read
 .text.FSDIR_Close
                0x0010d908       0x3c C:/devkitPro/libctru/lib\libctru.a(fs.o)
                0x0010d908                FSDIR_Close
 .text.decode_utf8
                0x0010d944      0x140 C:/devkitPro/libctru/lib\libctru.a(decode_utf8.o)
                0x0010d944                decode_utf8
 .text.utf16_to_utf8
                0x0010da84       0xe8 C:/devkitPro/libctru/lib\libctru.a(utf16_to_utf8.o)
                0x0010da84                utf16_to_utf8
 .text.utf8_to_utf16
                0x0010db6c       0xc0 C:/devkitPro/libctru/lib\libctru.a(utf8_to_utf16.o)
                0x0010db6c                utf8_to_utf16
 .text.__aeabi_read_tp
                0x0010dc2c        0xc C:/devkitPro/libctru/lib\libctru.a(readtp.o)
                0x0010dc2c                __aeabi_read_tp
 .text.decode_utf16
                0x0010dc38       0x54 C:/devkitPro/libctru/lib\libctru.a(decode_utf16.o)
                0x0010dc38                decode_utf16
 .text.encode_utf16
                0x0010dc8c       0x54 C:/devkitPro/libctru/lib\libctru.a(encode_utf16.o)
                0x0010dc8c                encode_utf16
 .text.encode_utf8
                0x0010dce0       0xe0 C:/devkitPro/libctru/lib\libctru.a(encode_utf8.o)
                0x0010dce0                encode_utf8
 .text.sinf     0x0010ddc0      0x264 C:/devkitPro/devkitARM/bin/../lib/gcc/arm-none-eabi/16.1.0/../../../../arm-none-eabi/lib/armv6k/fpu\libm.a(libm_a-sinf.o)
                0x0010ddc0                sinf
 .text.with_errnof
                0x0010e024       0x24 C:/devkitPro/devkitARM/bin/../lib/gcc/arm-none-eabi/16.1.0/../../../../arm-none-eabi/lib/armv6k/fpu\libm.a(libm_a-math_errf.o)
 .text.__math_invalidf
                0x0010e048       0x1c C:/devkitPro/devkitARM/bin/../lib/gcc/arm-none-eabi/16.1.0/../../../../arm-none-eabi/lib/armv6k/fpu\libm.a(libm_a-math_errf.o)
                0x0010e048                __math_invalidf
 *fill*         0x0010e064        0x4 
 .text.cosf     0x0010e068      0x25c C:/devkitPro/devkitARM/bin/../lib/gcc/arm-none-eabi/16.1.0/../../../../arm-none-eabi/lib/armv6k/fpu\libm.a(libm_a-cosf.o)
                0x0010e068                cosf
 .text.strncat  0x0010e2c4       0xe4 C:/devkitPro/devkitARM/bin/../lib/gcc/arm-none-eabi/16.1.0/../../../../arm-none-eabi/lib/armv6k/fpu\libg.a(libc_a-strncat.o)
                0x0010e2c4                strncat
 .text.memcpy   0x0010e3a8      0x128 C:/devkitPro/devkitARM/bin/../lib/gcc/arm-none-eabi/16.1.0/../../../../arm-none-eabi/lib/armv6k/fpu\libg.a(libc_a-memcpy-stub.o)
                0x0010e3a8                memcpy
 .text.strlen   0x0010e4d0       0x8c C:/devkitPro/devkitARM/bin/../lib/gcc/arm-none-eabi/16.1.0/../../../../arm-none-eabi/lib/armv6k/fpu\libg.a(libc_a-strlen.o)
                0x0010e4d0                strlen
 .text.bsearch  0x0010e55c       0x78 C:/devkitPro/devkitARM/bin/../lib/gcc/arm-none-eabi/16.1.0/../../../../arm-none-eabi/lib/armv6k/fpu\libg.a(libc_a-bsearch.o)
                0x0010e55c                bsearch
 .text.memalign
                0x0010e5d4       0x28 C:/devkitPro/devkitARM/bin/../lib/gcc/arm-none-eabi/16.1.0/../../../../arm-none-eabi/lib/armv6k/fpu\libg.a(libc_a-malign.o)
                0x0010e5d4                memalign
 .text._strtoul_l.isra.0
                0x0010e5fc      0x1ec C:/devkitPro/devkitARM/bin/../lib/gcc/arm-none-eabi/16.1.0/../../../../arm-none-eabi/lib/armv6k/fpu\libg.a(libc_a-strtoul.o)
 .text.strtoul  0x0010e7e8       0x3c C:/devkitPro/devkitARM/bin/../lib/gcc/arm-none-eabi/16.1.0/../../../../arm-none-eabi/lib/armv6k/fpu\libg.a(libc_a-strtoul.o)
                0x0010e7e8                strtoul
 .text.calloc   0x0010e824       0x28 C:/devkitPro/devkitARM/bin/../lib/gcc/arm-none-eabi/16.1.0/../../../../arm-none-eabi/lib/armv6k/fpu\libg.a(libc_a-calloc.o)
                0x0010e824                calloc
 .text._memalign_r
                0x0010e84c      0x16c C:/devkitPro/devkitARM/bin/../lib/gcc/arm-none-eabi/16.1.0/../../../../arm-none-eabi/lib/armv6k/fpu\libg.a(libc_a-malignr.o)
                0x0010e84c                _memalign_r
 .text.__errno  0x0010e9b8        0xc C:/devkitPro/devkitARM/bin/../lib/gcc/arm-none-eabi/16.1.0/../../../../arm-none-eabi/lib/armv6k/fpu\libg.a(libc_a-errno.o)
                0x0010e9b8                __errno
 .text.memset   0x0010e9c4       0xe4 C:/devkitPro/devkitARM/bin/../lib/gcc/arm-none-eabi/16.1.0/../../../../arm-none-eabi/lib/armv6k/fpu\libg.a(libc_a-memset.o)
                0x0010e9c4                memset
 .text._calloc_r
                0x0010eaa8       0xd8 C:/devkitPro/devkitARM/bin/../lib/gcc/arm-none-eabi/16.1.0/../../../../arm-none-eabi/lib/armv6k/fpu\libg.a(libc_a-callocr.o)
                0x0010eaa8                _calloc_r
 .text._malloc_r
                0x0010eb80      0x82c C:/devkitPro/devkitARM/bin/../lib/gcc/arm-none-eabi/16.1.0/../../../../arm-none-eabi/lib/armv6k/fpu\libg.a(libc_a-mallocr.o)
                0x0010eb80                _malloc_r
 .text._malloc_trim_r
                0x0010f3ac      0x114 C:/devkitPro/devkitARM/bin/../lib/gcc/arm-none-eabi/16.1.0/../../../../arm-none-eabi/lib/armv6k/fpu\libg.a(libc_a-freer.o)
                0x0010f3ac                _malloc_trim_r
 .text._free_r  0x0010f4c0      0x314 C:/devkitPro/devkitARM/bin/../lib/gcc/arm-none-eabi/16.1.0/../../../../arm-none-eabi/lib/armv6k/fpu\libg.a(libc_a-freer.o)
                0x0010f4c0                _free_r
 .text.__libc_init_array
                0x0010f7d4       0x84 C:/devkitPro/devkitARM/bin/../lib/gcc/arm-none-eabi/16.1.0/../../../../arm-none-eabi/lib/armv6k/fpu\libg.a(libc_a-init.o)
                0x0010f7d4                __libc_init_array
 .text.strncpy  0x0010f858       0xd4 C:/devkitPro/devkitARM/bin/../lib/gcc/arm-none-eabi/16.1.0/../../../../arm-none-eabi/lib/armv6k/fpu\libg.a(libc_a-strncpy.o)
                0x0010f858                strncpy
 .text.malloc   0x0010f92c       0x40 C:/devkitPro/devkitARM/bin/../lib/gcc/arm-none-eabi/16.1.0/../../../../arm-none-eabi/lib/armv6k/fpu\libg.a(libc_a-malloc.o)
                0x0010f92c                malloc
 .text.free     0x0010f96c       0x20 C:/devkitPro/devkitARM/bin/../lib/gcc/arm-none-eabi/16.1.0/../../../../arm-none-eabi/lib/armv6k/fpu\libg.a(libc_a-malloc.o)
                0x0010f96c                free
 .text.__malloc_lock
                0x0010f98c        0xc C:/devkitPro/devkitARM/bin/../lib/gcc/arm-none-eabi/16.1.0/../../../../arm-none-eabi/lib/armv6k/fpu\libg.a(libc_a-mlock.o)
                0x0010f98c                __malloc_lock
 .text.__malloc_unlock
                0x0010f998        0xc C:/devkitPro/devkitARM/bin/../lib/gcc/arm-none-eabi/16.1.0/../../../../arm-none-eabi/lib/armv6k/fpu\libg.a(libc_a-mlock.o)
                0x0010f998                __malloc_unlock
 .text.__call_exitprocs
                0x0010f9a4        0x4 C:/devkitPro/devkitARM/bin/../lib/gcc/arm-none-eabi/16.1.0/../../../../arm-none-eabi/lib/armv6k/fpu\libg.a(libc_a-exit.o)
                0x0010f9a4                __call_exitprocs
 .text.exit     0x0010f9a8       0x30 C:/devkitPro/devkitARM/bin/../lib/gcc/arm-none-eabi/16.1.0/../../../../arm-none-eabi/lib/armv6k/fpu\libg.a(libc_a-exit.o)
                0x0010f9a8                exit
 .text.__libc_fini_array
                0x0010f9d8       0x3c C:/devkitPro/devkitARM/bin/../lib/gcc/arm-none-eabi/16.1.0/../../../../arm-none-eabi/lib/armv6k/fpu\libg.a(libc_a-fini.o)
                0x0010f9d8                __libc_fini_array
 .text.strnlen  0x0010fa14       0x3c C:/devkitPro/devkitARM/bin/../lib/gcc/arm-none-eabi/16.1.0/../../../../arm-none-eabi/lib/armv6k/fpu\libg.a(libc_a-strnlen.o)
                0x0010fa14                strnlen
 .text.strncmp  0x0010fa50       0xd8 C:/devkitPro/devkitARM/bin/../lib/gcc/arm-none-eabi/16.1.0/../../../../arm-none-eabi/lib/armv6k/fpu\libg.a(libc_a-strncmp.o)
                0x0010fa50                strncmp
 .text._exit    0x0010fb28       0x20 C:/devkitPro/devkitARM/bin/../lib/gcc/arm-none-eabi/16.1.0/../../../../arm-none-eabi/lib/armv6k/fpu\libsysbase.a(libsysbase_libsysbase_a-_exit.o)
                0x0010fb28                _exit
 .text.chdir    0x0010fb48      0x140 C:/devkitPro/devkitARM/bin/../lib/gcc/arm-none-eabi/16.1.0/../../../../arm-none-eabi/lib/armv6k/fpu\libsysbase.a(libsysbase_libsysbase_a-chdir.o)
                0x0010fb48                chdir
 .text._concatenate_path
                0x0010fc88      0x1c8 C:/devkitPro/devkitARM/bin/../lib/gcc/arm-none-eabi/16.1.0/../../../../arm-none-eabi/lib/armv6k/fpu\libsysbase.a(libsysbase_libsysbase_a-concatenate.o)
                0x0010fc88                _concatenate_path
 .text.__getreent
                0x0010fe50       0x2c C:/devkitPro/devkitARM/bin/../lib/gcc/arm-none-eabi/16.1.0/../../../../arm-none-eabi/lib/armv6k/fpu\libsysbase.a(libsysbase_libsysbase_a-getreent.o)
                0x0010fe50                __getreent
 .text.null_write
                0x0010fe7c        0x8 C:/devkitPro/devkitARM/bin/../lib/gcc/arm-none-eabi/16.1.0/../../../../arm-none-eabi/lib/armv6k/fpu\libsysbase.a(libsysbase_libsysbase_a-iosupport.o)
 .text.setDefaultDevice
                0x0010fe84       0x18 C:/devkitPro/devkitARM/bin/../lib/gcc/arm-none-eabi/16.1.0/../../../../arm-none-eabi/lib/armv6k/fpu\libsysbase.a(libsysbase_libsysbase_a-iosupport.o)
                0x0010fe84                setDefaultDevice
 .text.FindDevice
                0x0010fe9c       0x98 C:/devkitPro/devkitARM/bin/../lib/gcc/arm-none-eabi/16.1.0/../../../../arm-none-eabi/lib/armv6k/fpu\libsysbase.a(libsysbase_libsysbase_a-iosupport.o)
                0x0010fe9c                FindDevice
 .text.RemoveDevice
                0x0010ff34       0x24 C:/devkitPro/devkitARM/bin/../lib/gcc/arm-none-eabi/16.1.0/../../../../arm-none-eabi/lib/armv6k/fpu\libsysbase.a(libsysbase_libsysbase_a-iosupport.o)
                0x0010ff34                RemoveDevice
 .text.AddDevice
                0x0010ff58       0x88 C:/devkitPro/devkitARM/bin/../lib/gcc/arm-none-eabi/16.1.0/../../../../arm-none-eabi/lib/armv6k/fpu\libsysbase.a(libsysbase_libsysbase_a-iosupport.o)
                0x0010ff58                AddDevice
 .text.GetDeviceOpTab
                0x0010ffe0       0x20 C:/devkitPro/devkitARM/bin/../lib/gcc/arm-none-eabi/16.1.0/../../../../arm-none-eabi/lib/armv6k/fpu\libsysbase.a(libsysbase_libsysbase_a-iosupport.o)
                0x0010ffe0                GetDeviceOpTab
 .text._sbrk_r  0x00110000       0x78 C:/devkitPro/devkitARM/bin/../lib/gcc/arm-none-eabi/16.1.0/../../../../arm-none-eabi/lib/armv6k/fpu\libsysbase.a(libsysbase_libsysbase_a-sbrk.o)
                0x00110000                _sbrk_r
 .text.__libc_lock_acquire_recursive
                0x00110078       0x1c C:/devkitPro/devkitARM/bin/../lib/gcc/arm-none-eabi/16.1.0/../../../../arm-none-eabi/lib/armv6k/fpu\libsysbase.a(libsysbase_libsysbase_a-syscall_support.o)
                0x00110078                __libc_lock_acquire_recursive
 .text.__libc_lock_release_recursive
                0x00110094       0x1c C:/devkitPro/devkitARM/bin/../lib/gcc/arm-none-eabi/16.1.0/../../../../arm-none-eabi/lib/armv6k/fpu\libsysbase.a(libsysbase_libsysbase_a-syscall_support.o)
                0x00110094                __libc_lock_release_recursive
 .text.strchr   0x001100b0      0x140 C:/devkitPro/devkitARM/bin/../lib/gcc/arm-none-eabi/16.1.0/../../../../arm-none-eabi/lib/armv6k/fpu\libg.a(libc_a-strchr.o)
                0x001100b0                strchr
 .text.strrchr  0x001101f0       0x48 C:/devkitPro/devkitARM/bin/../lib/gcc/arm-none-eabi/16.1.0/../../../../arm-none-eabi/lib/armv6k/fpu\libg.a(libc_a-strrchr.o)
                0x001101f0                strrchr
 *(.glue_7)
 .glue_7        0x00110238        0x0 linker stubs
 *(.glue_7t)
 .glue_7t       0x00110238        0x0 linker stubs
 *(.stub)
 *(.gnu.warning)
 *(.gnu.linkonce.t*)
                0x00110238                        . = ALIGN (0x4)
 *(.fini)
 .fini          0x00110238        0xc C:/devkitPro/devkitARM/bin/../lib/gcc/arm-none-eabi/16.1.0/armv6k/fpu/crti.o
                0x00110238                _fini
 .fini          0x00110244        0xc C:/devkitPro/devkitARM/bin/../lib/gcc/arm-none-eabi/16.1.0/armv6k/fpu/crtn.o
                0x00110250                        . = ALIGN (0x4)

.vfp11_veneer   0x00110250        0x0
 .vfp11_veneer  0x00110250        0x0 linker stubs

.v4_bx          0x00110250        0x0
 .v4_bx         0x00110250        0x0 linker stubs

.iplt           0x00110250        0x0
 .iplt          0x00110250        0x0 C:/devkitPro/devkitARM/bin/../lib/gcc/arm-none-eabi/16.1.0/../../../../arm-none-eabi/lib/armv6k/fpu/3dsx_crt0.o
                0x00111000                        . = ALIGN (0x1000)

.rodata         0x00111000      0x598
 *(.rodata)
 .rodata        0x00111000       0x54 render.o
 .rodata        0x00111054        0xc C:/devkitPro/libctru/lib\libctru.a(archive_dev.o)
 *(.roda)
 *(.rodata.*)
 .rodata.default_shbin
                0x00111060       0xd4 default.shbin.o
                0x00111060                default_shbin
                0x00111134                default_shbin_end
 .rodata.str1.4
                0x00111134       0x94 render.o
                                  0x8 (size before relaxing)
 .rodata.depthFmtSizes
                0x001111c8        0x4 C:/devkitPro/libctru/lib\libcitro3d.a(framebuffer.o)
 .rodata.colorFmtSizes
                0x001111cc        0x5 C:/devkitPro/libctru/lib\libcitro3d.a(framebuffer.o)
 .rodata.DVLE_GenerateOutmap.part.0
                0x001111d1        0x9 C:/devkitPro/libctru/lib\libctru.a(shbin.o)
 .rodata.aptEventHandler
                0x001111da        0xb C:/devkitPro/libctru/lib\libctru.a(apt.o)
 .rodata.aptWaitForWakeUp.isra.0
                0x001111e5       0x11 C:/devkitPro/libctru/lib\libctru.a(apt.o)
 *fill*         0x001111f6        0x2 
 .rodata.morton_y.2
                0x001111f8        0x8 C:/devkitPro/libctru/lib\libctru.a(apt.o)
 .rodata.morton_x.3
                0x00111200        0x8 C:/devkitPro/libctru/lib\libctru.a(apt.o)
 .rodata.s_sleepWakeEvents.4
                0x00111208        0x8 C:/devkitPro/libctru/lib\libctru.a(apt.o)
 .rodata.str1.4
                0x00111210        0x0 C:/devkitPro/libctru/lib\libctru.a(apt.o)
                                 0x16 (size before relaxing)
 .rodata.serviceNameTable.5
                0x00111210        0xc C:/devkitPro/libctru/lib\libctru.a(apt.o)
 .rodata.gspInit.str1.4
                0x0011121c        0x0 C:/devkitPro/libctru/lib\libctru.a(gspgpu.o)
                                  0x9 (size before relaxing)
 .rodata.hidInit.str1.4
                0x0011121c        0x0 C:/devkitPro/libctru/lib\libctru.a(hid.o)
                                 0x15 (size before relaxing)
 .rodata.irrstInit.str1.4
                0x0011121c        0x0 C:/devkitPro/libctru/lib\libctru.a(irrst.o)
                                  0x7 (size before relaxing)
 .rodata.ptmSysmInit.str1.4
                0x0011121c        0x0 C:/devkitPro/libctru/lib\libctru.a(ptmsysm.o)
                                  0x9 (size before relaxing)
 .rodata.__system_initArgv.str1.4
                0x0011121c        0x0 C:/devkitPro/libctru/lib\libctru.a(initArgv.o)
                                  0xa (size before relaxing)
 .rodata.srvInit.str1.4
                0x0011121c        0x0 C:/devkitPro/libctru/lib\libctru.a(srv.o)
                                  0x5 (size before relaxing)
 .rodata.archive_utf16path.str1.4
                0x0011121c        0x0 C:/devkitPro/libctru/lib\libctru.a(archive_dev.o)
                                  0x2 (size before relaxing)
 .rodata._archiveUnmountDeviceStruct.part.0.str1.4
                0x0011121c        0x0 C:/devkitPro/libctru/lib\libctru.a(archive_dev.o)
                                  0x2 (size before relaxing)
 .rodata._archiveMountDevice.str1.4
                0x0011121c        0x0 C:/devkitPro/libctru/lib\libctru.a(archive_dev.o)
                                  0xc (size before relaxing)
 .rodata.archiveMountSdmc.str1.4
                0x0011121c        0x0 C:/devkitPro/libctru/lib\libctru.a(archive_dev.o)
                                  0x5 (size before relaxing)
 .rodata.error_table
                0x0011121c       0x30 C:/devkitPro/libctru/lib\libctru.a(archive_dev.o)
 .rodata.str1.4
                0x0011124c        0x0 C:/devkitPro/libctru/lib\libctru.a(archive_dev.o)
                                  0x8 (size before relaxing)
 .rodata.archive_devoptab
                0x0011124c       0x80 C:/devkitPro/libctru/lib\libctru.a(archive_dev.o)
 .rodata.fsInit.str1.4
                0x001112cc        0x0 C:/devkitPro/libctru/lib\libctru.a(fs.o)
                                  0x8 (size before relaxing)
 .rodata.__inv_pio4
                0x001112cc       0x60 C:/devkitPro/devkitARM/bin/../lib/gcc/arm-none-eabi/16.1.0/../../../../arm-none-eabi/lib/armv6k/fpu\libm.a(libm_a-sincosf_data.o)
                0x001112cc                __inv_pio4
 *fill*         0x0011132c        0x4 
 .rodata.__sincosf_table
                0x00111330       0xe0 C:/devkitPro/devkitARM/bin/../lib/gcc/arm-none-eabi/16.1.0/../../../../arm-none-eabi/lib/armv6k/fpu\libm.a(libm_a-sincosf_data.o)
                0x00111330                __sincosf_table
 .rodata._ctype_
                0x00111410      0x101 C:/devkitPro/devkitARM/bin/../lib/gcc/arm-none-eabi/16.1.0/../../../../arm-none-eabi/lib/armv6k/fpu\libg.a(libc_a-ctype_.o)
                0x00111410                _ctype_
 .rodata.str1.4
                0x00111511        0x0 C:/devkitPro/devkitARM/bin/../lib/gcc/arm-none-eabi/16.1.0/../../../../arm-none-eabi/lib/armv6k/fpu\libsysbase.a(libsysbase_libsysbase_a-iosupport.o)
                                  0x8 (size before relaxing)
 *fill*         0x00111511        0x3 
 .rodata.dotab_stdnull
                0x00111514       0x80 C:/devkitPro/devkitARM/bin/../lib/gcc/arm-none-eabi/16.1.0/../../../../arm-none-eabi/lib/armv6k/fpu\libsysbase.a(libsysbase_libsysbase_a-iosupport.o)
                0x00111514                dotab_stdnull
 *all.rodata*(*)
 *(.gnu.linkonce.r*)
                0x00111594                        . = ALIGN (0x4)
                0x00111594                        __tdata_align = .
                0x00111594        0x4 LONG 0x4 ALIGNOF (.tdata)
                0x00111598                        . = ALIGN (0x4)

.eh_frame       0x00111598        0x0
 .eh_frame      0x00111598        0x0 C:/devkitPro/devkitARM/bin/../lib/gcc/arm-none-eabi/16.1.0/armv6k/fpu/crtbegin.o

.rel.dyn        0x00111598        0x0
 .rel.iplt      0x00111598        0x0 C:/devkitPro/devkitARM/bin/../lib/gcc/arm-none-eabi/16.1.0/../../../../arm-none-eabi/lib/armv6k/fpu/3dsx_crt0.o
 .rel.got       0x00111598        0x0 C:/devkitPro/devkitARM/bin/../lib/gcc/arm-none-eabi/16.1.0/../../../../arm-none-eabi/lib/armv6k/fpu/3dsx_crt0.o

.ARM.extab
 *(.ARM.extab* .gnu.linkonce.armextab.*)
                0x00111598                        __exidx_start = .

.ARM.exidx
 *(.ARM.exidx* .gnu.linkonce.armexidx.*)
                0x00111598                        __exidx_end = .
                0x00112000                        . = ALIGN (0x1000)

.data           0x00112000      0xac8
 *(.data)
 *(.data.*)
 .data.framerateCounter
                0x00112000        0x8 C:/devkitPro/libctru/lib\libcitro3d.a(renderqueue.o)
 .data.framerate
                0x00112008        0x4 C:/devkitPro/libctru/lib\libcitro3d.a(renderqueue.o)
 .data.queueLock
                0x0011200c        0x4 C:/devkitPro/libctru/lib\libctru.a(gxqueue.o)
 .data.aptChainloadDeliverArgSize
                0x00112010        0x4 C:/devkitPro/libctru/lib\libctru.a(apt.o)
 .data.kCount   0x00112014        0x4 C:/devkitPro/libctru/lib\libctru.a(hid.o)
 .data.kInterval
                0x00112018        0x4 C:/devkitPro/libctru/lib\libctru.a(hid.o)
 .data.kDelay   0x0011201c        0x4 C:/devkitPro/libctru/lib\libctru.a(hid.o)
 .data.__stacksize__
                0x00112020        0x4 C:/devkitPro/libctru/lib\libctru.a(stack_adjust.o)
                0x00112020                __stacksize__
 .data._impure_ptr
                0x00112024        0x4 C:/devkitPro/devkitARM/bin/../lib/gcc/arm-none-eabi/16.1.0/../../../../arm-none-eabi/lib/armv6k/fpu\libg.a(libc_a-impure.o)
                0x00112024                _impure_ptr
 .data._impure_data
                0x00112028      0x200 C:/devkitPro/devkitARM/bin/../lib/gcc/arm-none-eabi/16.1.0/../../../../arm-none-eabi/lib/armv6k/fpu\libg.a(libc_a-impure.o)
                0x00112028                _impure_data
 .data.__malloc_sbrk_base
                0x00112228        0x4 C:/devkitPro/devkitARM/bin/../lib/gcc/arm-none-eabi/16.1.0/../../../../arm-none-eabi/lib/armv6k/fpu\libg.a(libc_a-mallocr.o)
                0x00112228                __malloc_sbrk_base
 .data.__malloc_trim_threshold
                0x0011222c        0x4 C:/devkitPro/devkitARM/bin/../lib/gcc/arm-none-eabi/16.1.0/../../../../arm-none-eabi/lib/armv6k/fpu\libg.a(libc_a-mallocr.o)
                0x0011222c                __malloc_trim_threshold
 .data.__malloc_av_
                0x00112230      0x408 C:/devkitPro/devkitARM/bin/../lib/gcc/arm-none-eabi/16.1.0/../../../../arm-none-eabi/lib/armv6k/fpu\libg.a(libc_a-mallocr.o)
                0x00112230                __malloc_av_
 .data._current_working_directory
                0x00112638      0x400 C:/devkitPro/devkitARM/bin/../lib/gcc/arm-none-eabi/16.1.0/../../../../arm-none-eabi/lib/armv6k/fpu\libsysbase.a(libsysbase_libsysbase_a-chdir.o)
 .data.devoptab_list
                0x00112a38       0x8c C:/devkitPro/devkitARM/bin/../lib/gcc/arm-none-eabi/16.1.0/../../../../arm-none-eabi/lib/armv6k/fpu\libsysbase.a(libsysbase_libsysbase_a-iosupport.o)
                0x00112a38                devoptab_list
 .data.defaultDevice
                0x00112ac4        0x4 C:/devkitPro/devkitARM/bin/../lib/gcc/arm-none-eabi/16.1.0/../../../../arm-none-eabi/lib/armv6k/fpu\libsysbase.a(libsysbase_libsysbase_a-iosupport.o)
 *(.gnu.linkonce.d*)
                0x00112ac8                        . = ALIGN (0x4)

.igot.plt       0x00112ac8        0x0
 .igot.plt      0x00112ac8        0x0 C:/devkitPro/devkitARM/bin/../lib/gcc/arm-none-eabi/16.1.0/../../../../arm-none-eabi/lib/armv6k/fpu/3dsx_crt0.o

.got            0x00112ac8        0x8
 .got           0x00112ac8        0x8 C:/devkitPro/devkitARM/bin/../lib/gcc/arm-none-eabi/16.1.0/../../../../arm-none-eabi/lib/armv6k/fpu/3dsx_crt0.o

.got.plt        0x00112ad0        0xc
 .got.plt       0x00112ad0        0xc C:/devkitPro/devkitARM/bin/../lib/gcc/arm-none-eabi/16.1.0/../../../../arm-none-eabi/lib/armv6k/fpu/3dsx_crt0.o
                0x00112ad0                _GLOBAL_OFFSET_TABLE_

.tdata          0x00112adc        0x0
                0x00112adc                        __tdata_lma = .
 *(.tdata)
 *(.tdata.*)
 *(.gnu.linkonce.td.*)
                0x00112adc                        . = ALIGN (0x4)
                0x00112adc                        __tdata_lma_end = .

.tbss           0x00112adc      0xc08
 *(.tbss)
 *(.tbss.*)
 .tbss.__ctru_dev_utf16_buf
                0x00112adc      0x802 C:/devkitPro/libctru/lib\libctru.a(path_buf.o)
                0x00112adc                __ctru_dev_utf16_buf
 *fill*         0x001132de        0x2 
 .tbss.__ctru_dev_path_buf
                0x001132e0      0x401 C:/devkitPro/libctru/lib\libctru.a(path_buf.o)
                0x001132e0                __ctru_dev_path_buf
 *(.gnu.linkonce.tb.*)
 *(.tcommon)
                0x001136e4                        . = ALIGN (0x4)
 *fill*         0x001136e1        0x3 

.preinit_array  0x00112adc        0x0
                0x00112adc                        PROVIDE (__preinit_array_start = .)
 *(.preinit_array)
                0x00112adc                        PROVIDE (__preinit_array_end = .)

.init_array     0x00112adc        0x4
                0x00112adc                        PROVIDE (__init_array_start = .)
 *(SORT_BY_NAME(.init_array.*))
 *(.init_array)
 .init_array    0x00112adc        0x4 C:/devkitPro/devkitARM/bin/../lib/gcc/arm-none-eabi/16.1.0/armv6k/fpu/crtbegin.o
                0x00112ae0                        PROVIDE (__init_array_end = .)

.fini_array     0x00112ae0        0x4
                0x00112ae0                        PROVIDE (__fini_array_start = .)
 *(.fini_array)
 .fini_array    0x00112ae0        0x4 C:/devkitPro/devkitARM/bin/../lib/gcc/arm-none-eabi/16.1.0/armv6k/fpu/crtbegin.o
 *(SORT_BY_NAME(.fini_array.*))
                0x00112ae4                        PROVIDE (__fini_array_end = .)

.ctors
 *crtbegin.o(.ctors)
 *(EXCLUDE_FILE(*crtend.o) .ctors)
 *(SORT_BY_NAME(.ctors.*))
 *(.ctors)

.dtors
 *crtbegin.o(.dtors)
 *(EXCLUDE_FILE(*crtend.o) .dtors)
 *(SORT_BY_NAME(.dtors.*))
 *(.dtors)
                0x00112ae4                        __bss_start__ = .

.bss            0x00112ae4     0x3e80
 *(.dynbss)
 *(.bss)
 *(.bss.*)
 .bss.completed.1
                0x00112ae4        0x1 C:/devkitPro/devkitARM/bin/../lib/gcc/arm-none-eabi/16.1.0/armv6k/fpu/crtbegin.o
 *fill*         0x00112ae5        0x3 
 .bss.object.0  0x00112ae8       0x18 C:/devkitPro/devkitARM/bin/../lib/gcc/arm-none-eabi/16.1.0/armv6k/fpu/crtbegin.o
 .bss.hookCookie
                0x00112b00        0xc C:/devkitPro/libctru/lib\libcitro3d.a(base.o)
 *fill*         0x00112b0c        0x4 
 .bss.__C3D_Context
                0x00112b10      0x2d0 C:/devkitPro/libctru/lib\libcitro3d.a(base.o)
                0x00112b10                __C3D_Context
 .bss.frameEndCbData
                0x00112de0        0x4 C:/devkitPro/libctru/lib\libcitro3d.a(renderqueue.o)
 .bss.frameEndCb
                0x00112de4        0x4 C:/devkitPro/libctru/lib\libcitro3d.a(renderqueue.o)
 .bss.frameCounter
                0x00112de8        0x8 C:/devkitPro/libctru/lib\libcitro3d.a(renderqueue.o)
 .bss.isTopStereo
                0x00112df0        0x1 C:/devkitPro/libctru/lib\libcitro3d.a(renderqueue.o)
 .bss.needSwapBot
                0x00112df1        0x1 C:/devkitPro/libctru/lib\libcitro3d.a(renderqueue.o)
 .bss.needSwapTop
                0x00112df2        0x1 C:/devkitPro/libctru/lib\libcitro3d.a(renderqueue.o)
 .bss.measureGpuTime
                0x00112df3        0x1 C:/devkitPro/libctru/lib\libcitro3d.a(renderqueue.o)
 .bss.inSafeTransfer
                0x00112df4        0x1 C:/devkitPro/libctru/lib\libcitro3d.a(renderqueue.o)
 .bss.inFrame   0x00112df5        0x1 C:/devkitPro/libctru/lib\libcitro3d.a(renderqueue.o)
 *fill*         0x00112df6        0x2 
 .bss.cpuTime   0x00112df8       0x10 C:/devkitPro/libctru/lib\libcitro3d.a(renderqueue.o)
 .bss.gpuTime   0x00112e08       0x10 C:/devkitPro/libctru/lib\libcitro3d.a(renderqueue.o)
 .bss.linkedTarget
                0x00112e18        0xc C:/devkitPro/libctru/lib\libcitro3d.a(renderqueue.o)
 .bss.lastTarget
                0x00112e24        0x4 C:/devkitPro/libctru/lib\libcitro3d.a(renderqueue.o)
 .bss.firstTarget
                0x00112e28        0x4 C:/devkitPro/libctru/lib\libcitro3d.a(renderqueue.o)
 .bss.C3Di_IVUnifEverDirty
                0x00112e2c        0x8 C:/devkitPro/libctru/lib\libcitro3d.a(uniforms.o)
 .bss.C3Di_FVUnifEverDirty
                0x00112e34       0xc0 C:/devkitPro/libctru/lib\libcitro3d.a(uniforms.o)
 .bss.C3Di_ShaderFVecData
                0x00112ef4       0x18 C:/devkitPro/libctru/lib\libcitro3d.a(uniforms.o)
 .bss.C3D_BoolUnifsDirty
                0x00112f0c        0x2 C:/devkitPro/libctru/lib\libcitro3d.a(uniforms.o)
                0x00112f0c                C3D_BoolUnifsDirty
 *fill*         0x00112f0e        0x2 
 .bss.C3D_IVUnifDirty
                0x00112f10        0x8 C:/devkitPro/libctru/lib\libcitro3d.a(uniforms.o)
                0x00112f10                C3D_IVUnifDirty
 .bss.C3D_FVUnifDirty
                0x00112f18       0xc0 C:/devkitPro/libctru/lib\libcitro3d.a(uniforms.o)
                0x00112f18                C3D_FVUnifDirty
 .bss.C3D_BoolUnifs
                0x00112fd8        0x4 C:/devkitPro/libctru/lib\libcitro3d.a(uniforms.o)
                0x00112fd8                C3D_BoolUnifs
 .bss.C3D_IVUnif
                0x00112fdc       0x20 C:/devkitPro/libctru/lib\libcitro3d.a(uniforms.o)
                0x00112fdc                C3D_IVUnif
 .bss.C3D_FVUnif
                0x00112ffc      0xc00 C:/devkitPro/libctru/lib\libcitro3d.a(uniforms.o)
                0x00112ffc                C3D_FVUnif
 *fill*         0x00113bfc        0x4 
 .bss._ZL11sLinearPool
                0x00113c00        0x8 C:/devkitPro/libctru/lib\libctru.a(linear.o)
 .bss._ZL8sAddrMap
                0x00113c08        0xc C:/devkitPro/libctru/lib\libctru.a(linear.o)
 *fill*         0x00113c14        0x4 
 .bss._ZL10sVramPoolB
                0x00113c18        0x8 C:/devkitPro/libctru/lib\libctru.a(vram.o)
 .bss._ZL10sVramPoolA
                0x00113c20        0x8 C:/devkitPro/libctru/lib\libctru.a(vram.o)
 .bss._ZL8sAddrMap
                0x00113c28        0xc C:/devkitPro/libctru/lib\libctru.a(vram.o)
 .bss.screenAlloc
                0x00113c34        0x4 C:/devkitPro/libctru/lib\libctru.a(gfx.o)
 .bss.screenFree
                0x00113c38        0x4 C:/devkitPro/libctru/lib\libctru.a(gfx.o)
 .bss.gfxIsDoubleBuf
                0x00113c3c        0x2 C:/devkitPro/libctru/lib\libctru.a(gfx.o)
 *fill*         0x00113c3e        0x2 
 .bss.gfxCurBuf
                0x00113c40        0x2 C:/devkitPro/libctru/lib\libctru.a(gfx.o)
 .bss.gfxIsVram
                0x00113c42        0x1 C:/devkitPro/libctru/lib\libctru.a(gfx.o)
 .bss.gfxTopMode
                0x00113c43        0x1 C:/devkitPro/libctru/lib\libctru.a(gfx.o)
 .bss.gfxFramebufferFormats
                0x00113c44        0x2 C:/devkitPro/libctru/lib\libctru.a(gfx.o)
 *fill*         0x00113c46        0x2 
 .bss.gfxBottomFramebufferMaxSize
                0x00113c48        0x4 C:/devkitPro/libctru/lib\libctru.a(gfx.o)
 .bss.gfxTopFramebufferMaxSize
                0x00113c4c        0x4 C:/devkitPro/libctru/lib\libctru.a(gfx.o)
 .bss.gfxBottomFramebuffers
                0x00113c50        0x8 C:/devkitPro/libctru/lib\libctru.a(gfx.o)
 .bss.gfxTopFramebuffers
                0x00113c58        0x8 C:/devkitPro/libctru/lib\libctru.a(gfx.o)
 .bss.__ctru_speedup
                0x00113c60        0x1 C:/devkitPro/libctru/lib\libctru.a(os.o)
                0x00113c60                __ctru_speedup
 *fill*         0x00113c61        0x3 
 .bss.gpuCmdBufOffset
                0x00113c64        0x4 C:/devkitPro/libctru/lib\libctru.a(gpu.o)
                0x00113c64                gpuCmdBufOffset
 .bss.gpuCmdBufSize
                0x00113c68        0x4 C:/devkitPro/libctru/lib\libctru.a(gpu.o)
                0x00113c68                gpuCmdBufSize
 .bss.gpuCmdBuf
                0x00113c6c        0x4 C:/devkitPro/libctru/lib\libctru.a(gpu.o)
                0x00113c6c                gpuCmdBuf
 .bss.boundQueue
                0x00113c70        0x4 C:/devkitPro/libctru/lib\libctru.a(gx.o)
 .bss.shouldStop
                0x00113c74        0x1 C:/devkitPro/libctru/lib\libctru.a(gxqueue.o)
 .bss.isRunning
                0x00113c75        0x1 C:/devkitPro/libctru/lib\libctru.a(gxqueue.o)
 .bss.isActive  0x00113c76        0x1 C:/devkitPro/libctru/lib\libctru.a(gxqueue.o)
 *fill*         0x00113c77        0x1 
 .bss.curQueue  0x00113c78        0x4 C:/devkitPro/libctru/lib\libctru.a(gxqueue.o)
 .bss.flagValue.0
                0x00113c7c        0x1 C:/devkitPro/libctru/lib\libctru.a(apt.o)
 .bss.flagInit.1
                0x00113c7d        0x1 C:/devkitPro/libctru/lib\libctru.a(apt.o)
 *fill*         0x00113c7e        0x2 
 .bss.serviceName.6
                0x00113c80        0x4 C:/devkitPro/libctru/lib\libctru.a(apt.o)
 .bss.aptChainloadFlags
                0x00113c84        0x1 C:/devkitPro/libctru/lib\libctru.a(apt.o)
 .bss.aptChainloadMediatype
                0x00113c85        0x1 C:/devkitPro/libctru/lib\libctru.a(apt.o)
 *fill*         0x00113c86        0x2 
 .bss.aptChainloadHmac
                0x00113c88       0x20 C:/devkitPro/libctru/lib\libctru.a(apt.o)
 .bss.aptChainloadDeliverArg
                0x00113ca8      0x300 C:/devkitPro/libctru/lib\libctru.a(apt.o)
 .bss.aptChainloadTid
                0x00113fa8        0x8 C:/devkitPro/libctru/lib\libctru.a(apt.o)
 .bss.aptParameters
                0x00113fb0     0x1000 C:/devkitPro/libctru/lib\libctru.a(apt.o)
 .bss.aptFlags  0x00114fb0        0x4 C:/devkitPro/libctru/lib\libctru.a(apt.o)
 .bss.aptHomeButtonState
                0x00114fb4        0x1 C:/devkitPro/libctru/lib\libctru.a(apt.o)
 *fill*         0x00114fb5        0x3 
 .bss.aptMessageFuncData
                0x00114fb8        0x4 C:/devkitPro/libctru/lib\libctru.a(apt.o)
 .bss.aptMessageFunc
                0x00114fbc        0x4 C:/devkitPro/libctru/lib\libctru.a(apt.o)
 .bss.aptFirstHook
                0x00114fc0        0xc C:/devkitPro/libctru/lib\libctru.a(apt.o)
 .bss.aptEventHandlerThreadQuit
                0x00114fcc        0x1 C:/devkitPro/libctru/lib\libctru.a(apt.o)
 *fill*         0x00114fcd        0x3 
 .bss.aptEventHandlerThread
                0x00114fd0        0x4 C:/devkitPro/libctru/lib\libctru.a(apt.o)
 .bss.aptSleepEvent
                0x00114fd4        0x8 C:/devkitPro/libctru/lib\libctru.a(apt.o)
 .bss.aptReceiveEvent
                0x00114fdc        0x8 C:/devkitPro/libctru/lib\libctru.a(apt.o)
 .bss.aptEvents
                0x00114fe4        0x8 C:/devkitPro/libctru/lib\libctru.a(apt.o)
 .bss.aptLockHandle
                0x00114fec        0x4 C:/devkitPro/libctru/lib\libctru.a(apt.o)
 .bss.aptRefCount
                0x00114ff0        0x4 C:/devkitPro/libctru/lib\libctru.a(apt.o)
 .bss.gspEventCbOneShot
                0x00114ff4        0x7 C:/devkitPro/libctru/lib\libctru.a(gspgpu.o)
 *fill*         0x00114ffb        0x1 
 .bss.gspEventCbData
                0x00114ffc       0x1c C:/devkitPro/libctru/lib\libctru.a(gspgpu.o)
 .bss.gspEventCb
                0x00115018       0x1c C:/devkitPro/libctru/lib\libctru.a(gspgpu.o)
 .bss.gspEvents
                0x00115034       0x38 C:/devkitPro/libctru/lib\libctru.a(gspgpu.o)
 .bss.gspLastEvent
                0x0011506c        0x4 C:/devkitPro/libctru/lib\libctru.a(gspgpu.o)
 .bss.gspRunEvents
                0x00115070        0x1 C:/devkitPro/libctru/lib\libctru.a(gspgpu.o)
 *fill*         0x00115071        0x3 
 .bss.gspEventThread
                0x00115074        0x4 C:/devkitPro/libctru/lib\libctru.a(gspgpu.o)
 .bss.gspEvent  0x00115078        0x4 C:/devkitPro/libctru/lib\libctru.a(gspgpu.o)
 .bss.gspGpuRight
                0x0011507c        0x1 C:/devkitPro/libctru/lib\libctru.a(gspgpu.o)
 .bss.gspThreadId
                0x0011507d        0x1 C:/devkitPro/libctru/lib\libctru.a(gspgpu.o)
 *fill*         0x0011507e        0x2 
 .bss.gspSharedMem
                0x00115080        0x4 C:/devkitPro/libctru/lib\libctru.a(gspgpu.o)
 .bss.gspSharedMemHandle
                0x00115084        0x4 C:/devkitPro/libctru/lib\libctru.a(gspgpu.o)
 .bss.gspRefCount
                0x00115088        0x4 C:/devkitPro/libctru/lib\libctru.a(gspgpu.o)
 .bss.gspGpuHandle
                0x0011508c        0x4 C:/devkitPro/libctru/lib\libctru.a(gspgpu.o)
 .bss.usingIrrst
                0x00115090        0x1 C:/devkitPro/libctru/lib\libctru.a(hid.o)
 *fill*         0x00115091        0x3 
 .bss.hidRefCount
                0x00115094        0x4 C:/devkitPro/libctru/lib\libctru.a(hid.o)
 .bss.gRate     0x00115098        0x6 C:/devkitPro/libctru/lib\libctru.a(hid.o)
 *fill*         0x0011509e        0x2 
 .bss.aVec      0x001150a0        0x6 C:/devkitPro/libctru/lib\libctru.a(hid.o)
 *fill*         0x001150a6        0x2 
 .bss.cPos      0x001150a8        0x4 C:/devkitPro/libctru/lib\libctru.a(hid.o)
 .bss.tPos      0x001150ac        0x4 C:/devkitPro/libctru/lib\libctru.a(hid.o)
 .bss.kRepeat   0x001150b0        0x4 C:/devkitPro/libctru/lib\libctru.a(hid.o)
 .bss.kUp       0x001150b4        0x4 C:/devkitPro/libctru/lib\libctru.a(hid.o)
 .bss.kDown     0x001150b8        0x4 C:/devkitPro/libctru/lib\libctru.a(hid.o)
 .bss.kHeld     0x001150bc        0x4 C:/devkitPro/libctru/lib\libctru.a(hid.o)
 .bss.kOld      0x001150c0        0x4 C:/devkitPro/libctru/lib\libctru.a(hid.o)
 .bss.hidSharedMem
                0x001150c4        0x4 C:/devkitPro/libctru/lib\libctru.a(hid.o)
                0x001150c4                hidSharedMem
 .bss.hidEvents
                0x001150c8       0x14 C:/devkitPro/libctru/lib\libctru.a(hid.o)
                0x001150c8                hidEvents
 .bss.hidMemHandle
                0x001150dc        0x4 C:/devkitPro/libctru/lib\libctru.a(hid.o)
                0x001150dc                hidMemHandle
 .bss.hidHandle
                0x001150e0        0x4 C:/devkitPro/libctru/lib\libctru.a(hid.o)
                0x001150e0                hidHandle
 .bss.irrstRefCount
                0x001150e4        0x4 C:/devkitPro/libctru/lib\libctru.a(irrst.o)
 .bss.csPos     0x001150e8        0x4 C:/devkitPro/libctru/lib\libctru.a(irrst.o)
 .bss.kHeld     0x001150ec        0x4 C:/devkitPro/libctru/lib\libctru.a(irrst.o)
 .bss.irrstSharedMem
                0x001150f0        0x4 C:/devkitPro/libctru/lib\libctru.a(irrst.o)
                0x001150f0                irrstSharedMem
 .bss.irrstEvent
                0x001150f4        0x4 C:/devkitPro/libctru/lib\libctru.a(irrst.o)
                0x001150f4                irrstEvent
 .bss.irrstMemHandle
                0x001150f8        0x4 C:/devkitPro/libctru/lib\libctru.a(irrst.o)
                0x001150f8                irrstMemHandle
 .bss.irrstHandle
                0x001150fc        0x4 C:/devkitPro/libctru/lib\libctru.a(irrst.o)
                0x001150fc                irrstHandle
 .bss.ptmSysmRefCount
                0x00115100        0x4 C:/devkitPro/libctru/lib\libctru.a(ptmsysm.o)
 .bss.ptmSysmHandle
                0x00115104        0x4 C:/devkitPro/libctru/lib\libctru.a(ptmsysm.o)
 .bss.__ctru_linear_heap_size
                0x00115108        0x4 C:/devkitPro/libctru/lib\libctru.a(allocateHeaps.o)
                0x00115108                __ctru_linear_heap_size
 .bss.__ctru_heap_size
                0x0011510c        0x4 C:/devkitPro/libctru/lib\libctru.a(allocateHeaps.o)
                0x0011510c                __ctru_heap_size
 .bss.__ctru_linear_heap
                0x00115110        0x4 C:/devkitPro/libctru/lib\libctru.a(allocateHeaps.o)
                0x00115110                __ctru_linear_heap
 .bss.__ctru_heap
                0x00115114        0x4 C:/devkitPro/libctru/lib\libctru.a(allocateHeaps.o)
                0x00115114                __ctru_heap
 .bss.__system_retAddr
                0x00115118        0x4 C:/devkitPro/libctru/lib\libctru.a(ctru_init.o)
                0x00115118                __system_retAddr
 .bss.__system_argv
                0x0011511c        0x4 C:/devkitPro/libctru/lib\libctru.a(initArgv.o)
                0x0011511c                __system_argv
 .bss.__system_argc
                0x00115120        0x4 C:/devkitPro/libctru/lib\libctru.a(initArgv.o)
                0x00115120                __system_argc
 .bss.saved_stack.42
                0x00115124        0x8 C:/devkitPro/libctru/lib\libctru.a(stack_adjust.o)
 .bss.__3dslink_host
                0x0011512c        0x4 C:/devkitPro/libctru/lib\libctru.a(3dslink.o)
                0x0011512c                __3dslink_host
 .bss.srvRefCount
                0x00115130        0x4 C:/devkitPro/libctru/lib\libctru.a(srv.o)
 .bss.srvHandle
                0x00115134        0x4 C:/devkitPro/libctru/lib\libctru.a(srv.o)
 .bss.arbiter   0x00115138        0x4 C:/devkitPro/libctru/lib\libctru.a(synchronization.o)
 .bss.currentAddr
                0x0011513c        0x4 C:/devkitPro/libctru/lib\libctru.a(mappable.o)
 .bss.maxAddr   0x00115140        0x4 C:/devkitPro/libctru/lib\libctru.a(mappable.o)
 .bss.minAddr   0x00115144        0x4 C:/devkitPro/libctru/lib\libctru.a(mappable.o)
 .bss.srvPmHandle
                0x00115148        0x4 C:/devkitPro/libctru/lib\libctru.a(srvpm.o)
 *fill*         0x0011514c        0x4 
 .bss.archive_devices
                0x00115150      0x5c0 C:/devkitPro/libctru/lib\libctru.a(archive_dev.o)
 .bss.archive_device_cwd
                0x00115710        0x4 C:/devkitPro/libctru/lib\libctru.a(archive_dev.o)
 .bss.archive_initialized
                0x00115714        0x1 C:/devkitPro/libctru/lib\libctru.a(archive_dev.o)
 *fill*         0x00115715        0x3 
 .bss.fsExemptArchives
                0x00115718       0x80 C:/devkitPro/libctru/lib\libctru.a(fs.o)
 .bss.fsuRefCount
                0x00115798        0x4 C:/devkitPro/libctru/lib\libctru.a(fs.o)
 .bss.fsuHandle
                0x0011579c        0x4 C:/devkitPro/libctru/lib\libctru.a(fs.o)
 .bss.__malloc_current_mallinfo
                0x001157a0       0x28 C:/devkitPro/devkitARM/bin/../lib/gcc/arm-none-eabi/16.1.0/../../../../arm-none-eabi/lib/armv6k/fpu\libg.a(libc_a-mallocr.o)
                0x001157a0                __malloc_current_mallinfo
 .bss.__malloc_max_total_mem
                0x001157c8        0x4 C:/devkitPro/devkitARM/bin/../lib/gcc/arm-none-eabi/16.1.0/../../../../arm-none-eabi/lib/armv6k/fpu\libg.a(libc_a-mallocr.o)
                0x001157c8                __malloc_max_total_mem
 .bss.__malloc_max_sbrked_mem
                0x001157cc        0x4 C:/devkitPro/devkitARM/bin/../lib/gcc/arm-none-eabi/16.1.0/../../../../arm-none-eabi/lib/armv6k/fpu\libg.a(libc_a-mallocr.o)
                0x001157cc                __malloc_max_sbrked_mem
 .bss.__malloc_top_pad
                0x001157d0        0x4 C:/devkitPro/devkitARM/bin/../lib/gcc/arm-none-eabi/16.1.0/../../../../arm-none-eabi/lib/armv6k/fpu\libg.a(libc_a-mallocr.o)
                0x001157d0                __malloc_top_pad
 *fill*         0x001157d4        0x4 
 .bss.__sf      0x001157d8      0x168 C:/devkitPro/devkitARM/bin/../lib/gcc/arm-none-eabi/16.1.0/../../../../arm-none-eabi/lib/armv6k/fpu\libg.a(libc_a-findfp.o)
                0x001157d8                __sf
 .bss.__stdio_exit_handler
                0x00115940        0x4 C:/devkitPro/devkitARM/bin/../lib/gcc/arm-none-eabi/16.1.0/../../../../arm-none-eabi/lib/armv6k/fpu\libg.a(libc_a-findfp.o)