         w __deregister_frame_info
         w __register_frame_info
         w userAppExit
         w userAppInit
00000000 00000802 B __ctru_dev_utf16_buf
00000000 A __sync_synchronize
00000000 b _TLS_MODULE_BASE_
00000000 a shift
00000000 a shift
00000804 00000401 B __ctru_dev_path_buf
00100000 A __start__
00100000 T _start
00100008 T __service_ptr
0010000c T __apt_appid
00100010 T __heap_size
00100014 T __linear_heap_size
00100018 T __system_arglist
0010001c T __system_runflags
00100020 t startup
00100058 t ClearMem
0010006c t ClrLoop
00100094 T _init
001000ac T __aeabi_idiv
001000ac 00000220 T __divsi3
001000b4 t .divsi3_skip_div0_test
001002cc 00000020 T __aeabi_idivmod
001002ec 00000004 W __aeabi_idiv0
001002ec 00000004 W __aeabi_ldiv0
001002f0 T __aeabi_drsub
001002f8 000002b0 T __aeabi_dsub
001002f8 000002b0 T __subdf3
001002fc 000002ac T __adddf3
001002fc 000002ac T __aeabi_dadd
001005a8 00000024 T __aeabi_ui2d
001005a8 00000024 T __floatunsidf
001005cc 00000028 T __aeabi_i2d
001005cc 00000028 T __floatsidf
001005f4 00000048 T __aeabi_f2d
001005f4 00000048 T __extendsfdf2
0010063c 00000074 T __aeabi_ul2d
0010063c 00000074 T __floatundidf
00100650 00000060 T __aeabi_l2d
00100650 00000060 T __floatdidf
001006b0 T __aeabi_uldivmod
00100708 00000390 T strcmp
00100a90 t .udivsi3_skip_div0_test
00100a90 T __aeabi_uidiv
00100a90 000001ec T __udivsi3
00100c7c 00000020 T __aeabi_uidivmod
00100c9c t __do_global_dtors_aux
00100cec t frame_dummy
00100d18 00000024 T cameraInit(Camera&)
00100d3c 000001b8 T cameraUpdate(Camera&, unsigned long)
00100ef4 000000a4 T cameraViewMatrix(Camera const&, C3D_Mtx*)
00100f98 0000010c T main
001010a4 00000048 T Mesh::initCube()
001010ec 0000018c T Renderer::init()
00101278 000000fc T Renderer::renderFrame(Camera const&, Mesh const&, C3D_Mtx const&)
00101374 00000024 T Renderer::cleanup()
00101398 00000028 T AttrInfo_Init
001013c0 00000094 T AttrInfo_AddLoader
00101454 00000020 T C3D_GetAttrInfo
00101474 00000080 T C3Di_AttrInfoBind
001014f4 00000004 W C3Di_LightEnvUpdate
001014f8 00000004 W C3Di_LightEnvDirty
001014fc 00000004 W C3Di_ProcTexUpdate
00101500 00000004 W C3Di_ProcTexDirty
00101504 000000b4 t C3Di_AptEventHook
001015b8 00000004 W C3Di_GasUpdate
001015bc 000001d0 T C3D_Init
0010178c 00000098 T C3D_SetViewport
00101824 000004e8 T C3Di_UpdateContext
00101d0c 000000e0 T C3Di_SplitFrame
00101dec 00000044 T C3D_Fini
00101e30 00000194 T C3D_BindProgram
00101fc4 00000024 T BufInfo_Init
00101fe8 00000080 T BufInfo_Add
00102068 00000020 T C3D_GetBufInfo
00102088 00000048 T C3Di_BufInfoBind
001020d0 00000148 T C3D_DrawArrays
00102218 00000040 T C3D_DepthMap
00102258 0000001c T C3D_CullFace
00102274 00000040 T C3D_StencilTest
001022b4 00000024 T C3D_StencilOp
001022d8 0000001c T C3D_BlendingColor
001022f4 00000024 T C3D_EarlyDepthTest
00102318 0000002c T C3D_DepthTest
00102344 0000002c T C3D_AlphaTest
00102370 00000050 T C3D_AlphaBlend
001023c0 00000030 T C3D_FragOpMode
001023f0 00000044 T C3D_FragOpShadow
00102434 000001ac T C3Di_EffectBind
001025e0 0000001c T C3D_CalcColorBufSize
001025fc 0000001c T C3D_CalcDepthBufSize
00102618 00000044 T C3D_SetFrameBuf
0010265c 0000016c T C3Di_FrameBufBind
001027c8 000000c8 T C3D_FrameBufClear
00102890 00000044 T C3D_FrameBufTransfer
001028d4 000000a8 T C3D_ImmSendAttrib
0010297c 0000004c t onVBlank0
001029c8 0000004c t onVBlank1
00102a14 00000080 t C3Di_RenderTargetDestroy
00102a94 000000f4 t onQueueFinish
00102b88 00000038 T C3Di_RenderQueueEnableVBlank
00102bc0 00000030 T C3Di_RenderQueueDisableVBlank
00102bf0 00000060 T C3Di_RenderQueueInit
00102c50 000000b4 T C3Di_RenderQueueExit
00102d04 00000034 T C3Di_RenderQueueWaitDone
00102d38 000000e8 T C3D_FrameBegin
00102e20 00000048 T C3D_FrameDrawOn
00102e68 000001d0 T C3D_FrameEnd
00103038 00000170 T C3D_RenderTargetCreate
001031a8 000000a8 T C3D_RenderTargetSetOutput
00103250 00000034 T C3D_GetTexEnv
00103284 00000024 T C3Di_TexEnvBind
001032a8 0000014c T C3Di_SetTex
001033f4 00000290 T C3D_UpdateUniforms
00103684 000000c0 T C3Di_DirtyUniforms
00103744 000000d8 T C3Di_LoadShaderUniforms
0010381c 00000028 T C3Di_ClearShaderUniforms
00103844 0000012c T Mtx_LookAt
00103970 000000b8 T Mtx_Multiply
00103a28 000000cc T Mtx_OrthoTilt
00103af4 00000094 T Mtx_PerspTilt
00103b88 00000024 t addrMapNodeComparator(rbtree_node const*, rbtree_node const*)
00103bac 00000004 t addrMapNodeDestructor(rbtree_node*)
00103bb0 0000012c T linearMemAlign
00103cdc 00000008 T linearAlloc
00103ce4 0000005c T linearFree
00103d40 00000088 T MemPool::CoalesceRight(MemBlock*)
00103dc8 00000178 T MemPool::Allocate(MemChunk&, unsigned long, int)
00103f40 00000118 T MemPool::Deallocate(MemChunk const&)
00104058 00000030 T MemPool::GetFreeSpace()
00104088 00000024 t addrMapNodeComparator(rbtree_node const*, rbtree_node const*)
001040ac 00000004 t addrMapNodeDestructor(rbtree_node*)
001040b0 00000248 T vramMemAlignAt
001042f8 0000000c T vramAlloc
00104304 0000000c T vramAllocAt
00104310 00000094 T vramFree
001043a4 000001c8 T consoleDrawChar
0010456c 00000170 T consolePrintChar
001046dc 00000cc8 T con_write
001053a4 000000fc t newRow
001054a0 00000180 T consoleInit
00105620 000000cc t gfxPresentFramebuffer
001056ec 0000001c T gfxIsWide
00105708 000000f8 T gfxSetScreenFormat
00105800 00000010 T gfxSetDoubleBuffering
00105810 000000d8 T gfxInit
001058e8 00000010 T gfxInitDefault
001058f8 000000b8 T gfxExit
001059b0 000000a0 T gfxGetFramebuffer
00105a50 00000100 T gfxFlushBuffers
00105b50 00000028 T gfxScreenSwapBuffers
00105b78 00000050 T gfxSwapBuffersGpu
00105bc8 00000074 T osConvertVirtToPhys
00105c3c 00000034 T __ctru_speedup_config
00105c70 0000013c T GPUCMD_Add
00105dac 000000b0 T GPUCMD_Split
00105e5c 00000034 T f32tof16
00105e90 00000034 T f32tof24
00105ec4 00000038 T f32tof31
00105efc 00000010 T GX_BindQueue
00105f0c 0000007c T GX_ProcessCommandList
00105f88 00000074 T GX_MemoryFill
00105ffc 00000074 T GX_DisplayTransfer
00106070 00000064 t gxCmdQueueDoCommands.part.0
001060d4 000000e4 T gxCmdQueueInterrupt
001061b8 00000068 T gxCmdQueueClear
00106220 00000108 T gxCmdQueueAdd
00106328 00000080 T gxCmdQueueRun
001063a8 00000064 T gxCmdQueueStop
0010640c 000000ac T gxCmdQueueWait
001064b8 000001e0 T shaderInstanceInit
00106698 00000018 T shaderInstanceGetUniformLocation
001066b0 0000001c T shaderProgramInit
001066cc 00000074 T shaderProgramFree
00106740 00000094 T shaderProgramSetVsh
001067d4 000008d0 T shaderProgramConfigure
001070a4 000001dc t DVLE_GenerateOutmap.part.0
00107280 000001ac T DVLB_ParseFile
0010742c 00000050 T DVLB_Free
0010747c 00000074 T DVLE_GetUniformRegister
001074f0 00000180 t aptConvertScreenForCapture
00107670 00000008 W aptDspSleep
00107678 00000004 W aptDspWakeup
0010767c 00000004 W aptDspCancel
00107680 00000138 T aptSendCommand
001077b8 00000044 t aptExitProcess
001077fc 00000394 T aptExit
00107b90 000000d8 T aptHandleSleep
00107c68 00000034 T aptHook
00107c9c 00000030 T aptUnhook
00107ccc 00000084 T APT_SleepIfShellClosed
00107d50 00000078 T aptSetSleepAllowed
00107dc8 00000084 T APT_UnlockTransition
00107e50 00000470 t aptEventHandler
001082c0 000000bc T APT_ReceiveParameter
0010837c 000000b0 t aptReceiveParameter.constprop.0
00108430 00000294 t aptScreenTransfer
001086c4 000002d0 t aptWaitForWakeUp.isra.0
00108994 000000f4 T aptJumpToHomeMenu
00108a88 00000058 T aptMainLoop
00108ae0 00000240 T aptInit
00108d20 00000090 T APT_CheckNew3DS
00108db0 00000c70 t gspHardwareInit
00109a20 00000288 T gspInit
00109ca8 00000104 T gspExit
00109dac 00000010 T gspHasGpuRight
00109dbc 000000a4 T gspPresentBuffer
00109e60 00000030 T gspSetEventCallback
00109e90 00000050 T gspWaitForEvent
00109ee0 0000004c T gspWaitForAnyEvent
00109f2c 00000154 t gspEventThreadMain
0010a080 0000012c T gspSubmitGxCommand
0010a1ac 00000050 T GSPGPU_FlushDataCache
0010a1fc 00000034 T GSPGPU_SetLcdForceBlack
0010a230 00000084 T GSPGPU_AcquireRight
0010a2b4 00000064 T GSPGPU_ReleaseRight
0010a318 0000007c T GSPGPU_ImportDisplayCaptureInfo
0010a394 0000002c T GSPGPU_SaveVramSysArea
0010a3c0 0000002c T GSPGPU_RestoreVramSysArea
0010a3ec 00000024 W hidShouldUseIrrst
0010a410 000001cc T hidInit
0010a5dc 000000e8 T hidExit
0010a6c4 000002a0 T hidScanInput
0010a964 00000010 T hidKeysHeld
0010a974 00000010 T hidKeysDown
0010a984 00000018 T hidCircleRead
0010a99c 000001a4 T irrstInit
0010ab40 000000dc T irrstExit
0010ac1c 000000b4 T irrstScanInput
0010acd0 00000024 T irrstKeysHeld
0010acf4 00000078 T ptmSysmInit
0010ad6c 0000003c T ptmSysmExit
0010ada8 00000034 T PTMSYSM_ConfigureNew3DSCPU
0010addc 00000074 T rbtree_find
0010ae50 00000010 T rbtree_init
0010ae60 00000198 t do_insert
0010aff8 00000008 T rbtree_insert
0010b000 00000310 T rbtree_remove
0010b310 00000090 T rbtree_rotate
0010b3a0 000001e8 W __system_allocateHeaps
0010b588 00000038 W __libctru_init
0010b5c0 0000016c W __system_initArgv
0010b72c 00000030 T __syscall_getreent
0010b75c 00000004 T __syscall_lock_acquire
0010b760 00000004 T __syscall_lock_release
0010b764 00000004 T __syscall_lock_acquire_recursive
0010b768 00000004 T __syscall_lock_release_recursive
0010b76c 00000004 T __syscall_exit
0010b770 00000054 T initThreadVars
0010b7c4 00000080 T __system_initSyscalls
0010b844 T svcControlMemory
0010b864 T svcQueryMemory
0010b894 T svcExitProcess
0010b89c T svcCreateThread
0010b8bc T svcExitThread
0010b8c4 T svcSleepThread
0010b8cc T svcReleaseMutex
0010b8d4 T svcCreateEvent
0010b8e8 T svcSignalEvent
0010b8f0 T svcClearEvent
0010b8f8 T svcMapMemoryBlock
0010b900 T svcUnmapMemoryBlock
0010b908 T svcCreateAddressArbiter
0010b91c T svcArbitrateAddressNoTimeout
0010b924 T svcCloseHandle
0010b92c T svcWaitSynchronization
0010b934 T svcWaitSynchronizationN
0010b95c T svcDuplicateHandle
0010b970 T svcGetSystemTick
0010b978 T svcConnectToPort
0010b98c T svcSendSyncRequest
0010b994 T svcGetResourceLimit
0010b9a8 T svcGetResourceLimitLimitValues
0010b9b0 T svcGetResourceLimitCurrentValues
0010b9b8 T svcBreak
0010b9c0 W initSystem
0010ba10 W __ctru_exit
0010ba24 0000008c W envGetHandle
0010bab0 00000050 W envDestroyHandles
0010bb00 00000164 T srvInit
0010bc64 00000064 T srvExit
0010bcc8 00000060 T srvEnableNotification
0010bd28 000000a0 T srvGetServiceHandleDirect
0010bdc8 00000048 T srvGetServiceHandle
0010be10 00000034 T srvSubscribe
0010be44 00000060 T srvReceiveNotification
0010bea4 00000038 T srvPublishToSubscriber
0010bedc 0000000c T __sync_init
0010bee8 00000018 T __sync_fini
0010bf00 00000028 T syncArbitrateAddress
0010bf28 000000ac T LightLock_Lock
0010bfd4 00000040 T LightLock_Unlock
0010c014 00000054 T RecursiveLock_Lock
0010c068 00000054 T RecursiveLock_Unlock
0010c0bc 00000044 T LightEvent_Init
0010c100 000000b8 T LightEvent_Clear
0010c1b8 000000dc T LightEvent_Signal
0010c294 00000050 T LightEvent_TryWait
0010c2e4 000000ac T LightEvent_Wait
0010c390 000001fc T threadCreate
0010c58c 00000038 T threadFree
0010c5c4 00000024 T threadJoin
0010c5e8 00000030 T threadGetCurrent
0010c618 00000040 T threadExit
0010c658 00000020 t _thread_begin
0010c678 00000090 t mappableFindAddressWithin
0010c708 00000028 T mappableInit
0010c730 0000007c T mappableAlloc
0010c7ac 00000004 T mappableFree
0010c7b0 0000000c T srvPmGetSessionHandle
0010c7bc 00000060 T rbtree_node_next
0010c81c 00000030 W __appExit
0010c84c 00000030 W __appInit
0010c87c 00000090 W __libctru_exit
0010c90c 00000024 t error_cmp
0010c930 00000050 t archive_translate_error
0010c980 000000c0 t archive_seek
0010ca40 00000078 t _archiveInit.part.0
0010cab8 00000110 t archiveFindDevice.part.0
0010cbc8 00000298 t archive_utf16path
0010ce60 00000098 t _archiveUnmountDeviceStruct.part.0
0010cef8 00000178 t _archiveMountDevice
0010d070 000000f8 t archive_diropen
0010d168 000000ac t archive_fstat
0010d214 00000074 t archive_fsync
0010d288 00000074 t archive_close
0010d2fc 00000078 t archive_dirclose
0010d374 000000ec t sdmc_statvfs
0010d460 000000f8 t archive_chdir
0010d558 0000008c t archive_ftruncate
0010d5e4 000000bc t archive_read
0010d6a0 000000a8 t archive_unlink
0010d748 000000c0 t archive_rmdir
0010d808 000000d8 t archive_mkdir
0010d8e0 000001a0 t archive_stat
0010da80 00000164 t archive_dirnext
0010dbe4 0000013c t archive_write
0010dd20 00000254 t archive_open
0010df74 00000270 t archive_rename
0010e1e4 000001c8 T archiveMountSdmc
0010e3ac 00000054 T archiveUnmountAll
0010e400 00000104 T fsInit
0010e504 0000003c T fsExit
0010e540 00000068 T fsExemptFromSession
0010e5a8 00000050 T fsUnexemptFromSession
0010e5f8 000000cc T FSUSER_OpenFile
0010e6c4 000000b8 T FSUSER_DeleteFile
0010e77c 000000f4 T FSUSER_RenameFile
0010e870 000000b8 T FSUSER_DeleteDirectory
0010e928 000000d0 T FSUSER_CreateFile
0010e9f8 000000c0 T FSUSER_CreateDirectory
0010eab8 000000f4 T FSUSER_RenameDirectory
0010ebac 000000b4 T FSUSER_OpenDirectory
0010ec60 00000090 T FSUSER_OpenArchive
0010ecf0 0000008c T FSUSER_CloseArchive
0010ed7c 00000074 T FSUSER_GetSdmcArchiveResource
0010edf0 00000064 T FSUSER_IsSdmcWritable
0010ee54 00000064 T FSFILE_Read
0010eeb8 0000006c T FSFILE_Write
0010ef24 00000044 T FSFILE_GetSize
0010ef68 00000028 T FSFILE_SetSize
0010ef90 0000003c T FSFILE_Close
0010efcc 00000024 T FSFILE_Flush
0010eff0 00000060 T FSDIR_Read
0010f050 0000003c T FSDIR_Close
0010f08c 00000140 T decode_utf8
0010f1cc 000000e8 T utf16_to_utf8
0010f2b4 000000c0 T utf8_to_utf16
0010f374 T __aeabi_read_tp
0010f380 00000054 T decode_utf16
0010f3d4 00000054 T encode_utf16
0010f428 000000e0 T encode_utf8
0010f508 00000264 T sinf
0010f76c 00000070 T tanf
0010f7dc 00000024 t with_errnof
0010f800 0000001c T __math_invalidf
0010f820 0000025c T cosf
0010fa7c 000002e0 T __ieee754_rem_pio2f
0010fd5c 0000020c T __kernel_tanf
0010ff68 00000010 T fabsf
0010ff78 000008c0 T __kernel_rem_pio2f
00110838 0000012c T scalbnf
00110964 000000c0 T floorf
00110a24 00000130 T __udivmoddi4
00110b54 000000e4 T strncat
00110c38 00000128 T memcpy
00110d60 0000008c T strlen
00110dec 00000078 T bsearch
00110e64 00000028 T memalign
00110e8c 00000034 T printf
00110ec0 000001ec t _strtoul_l.isra.0
001110ac 0000003c T strtoul
001110e8 00000028 T calloc
00111110 0000016c T _memalign_r
0011127c 0000000c T __errno
00111288 000000e4 T memset
0011136c 000000d8 T _calloc_r
00111444 0000022c T __sflush_r
00111670 000000c4 T _fflush_r
00111734 0000082c T _malloc_r
00111f60 00000114 T _malloc_trim_r
00112074 00000314 T _free_r
00112388 00000294 T setvbuf
0011261c 0000001c t stdio_exit_handler
00112638 0000005c t cleanup_stdio
00112694 00000154 t global_stdio_init.part.0
001127e8 0000005c T __sinit
00112844 0000000c T __sfp_lock_acquire
00112850 0000000c T __sfp_lock_release
0011285c 00000084 T __libc_init_array
001128e0 000000d4 T strncpy
001129b4 00000040 T malloc
001129f4 00000020 T free
00112a14 00000044 T __sread
00112a58 00000068 T __swrite
00112ac0 00000040 T __sseek
00112b00 00000008 T __sclose
00112b08 0000000c T __malloc_lock
00112b14 0000000c T __malloc_unlock
00112b20 00000148 T _fclose_r
00112c68 00000004 W __call_exitprocs
00112c6c 00000030 T exit
00112c9c 0000003c T __libc_fini_array
00112cd8 0000003c T strnlen
00112d14 000000d8 T strncmp
00112dec 00000070 T _fwalk_sglue
00112e5c 000005e0 t get_arg
00113440 00003554 T _vfprintf_r
00116994 000000b4 t __sbprintf
00116a48 000000a0 T _wcrtomb_r
00116ae8 00000164 T __smakebuf_r
00116c4c 00000090 T __swhatbuf_r
00116cdc 00000024 T __locale_mb_cur_max
00116d00 00000030 T __sprint_r
00116d30 000001c0 t quorem
00116ef0 00001420 T _dtoa_r
00118310 000000e8 T memchr
001183f8 00000028 T _wcsrtombs_r
00118420 00000140 T __swsetup_r
00118560 00000024 T _localeconv_r
00118584 000000f8 T __utf8_wctomb
0011867c 0000015c T _wcsnrtombs_l
001187d8 00000064 T _wcsnrtombs_r
00118840 00000088 T frexp
001188c8 0000005c T __assert_func
00118924 00000088 T _Balloc
001189ac 0000001c T _Bfree
001189c8 000000f4 T __multadd
00118abc 00000080 T __hi0bits
00118b3c 000000f0 T __lo0bits
00118c2c 000000a4 T __i2b
00118cd0 00000230 T __multiply
00118f00 00000130 T __pow5mult
00119030 00000138 T __lshift
00119168 00000058 T __mcmp
001191c0 00000218 T __mdiff
001193d8 00000120 T __d2b
001194f8 00000340 T __utf8_mbtowc
00119838 0000003c T fiprintf
00119874 000004a4 T __sfvwrite_r
00119d18 00000140 T strchr
00119e58 00000014 T abort
00119e6c 000001a8 T memmove
0011a014 000004f0 T _realloc_r
0011a504 000005e0 t get_arg
0011aae4 000022f8 T _vfiprintf_r
0011cddc 000000b4 t __sbprintf
0011ce90 0000009c T _raise_r
0011cf2c 00000020 T raise
0011cf4c 00000020 T _exit
0011cf6c 00000140 T chdir
0011d0ac 000001c8 T _concatenate_path
0011d274 0000009c T _fstat_r
0011d310 00000014 T _getpid_r
0011d324 0000002c T __getreent
0011d350 00000058 T __get_handle
0011d3a8 00000110 T _close_r
0011d4b8 00000008 t null_write
0011d4c0 00000018 T setDefaultDevice
0011d4d8 00000098 T FindDevice
0011d570 00000024 T RemoveDevice
0011d594 00000088 T AddDevice
0011d61c 00000020 T GetDeviceOpTab
0011d63c 00000008 T _isatty_r
0011d644 00000014 T _kill_r
0011d658 00000094 T _lseek_r
0011d6ec 00000094 T _read_r
0011d780 00000078 W _sbrk_r
0011d7f8 0000001c T __libc_lock_acquire
0011d814 0000001c T __libc_lock_release
0011d830 0000001c T __libc_lock_acquire_recursive
0011d84c 0000001c T __libc_lock_release_recursive
0011d868 00000094 T _write_r
0011d8fc 00000048 T strrchr
0011d944 T _fini
0011e3fc R default_shbin
0011e4d0 R default_shbin_end
0011e61c r .LC2
0011e760 00000004 r depthFmtSizes
0011e764 00000005 r colorFmtSizes
0011e9ac 00000080 r dotab_stdout
0011ea2c 00000018 r grayScale
0011ea44 00000006 r colorCube
0011ea4c 00000030 r colorTable
0011eaa4 00000008 r morton_y.2
0011eaac 00000008 r morton_x.3
0011eab4 00000008 r s_sleepWakeEvents.4
0011eabc 0000000c r serviceNameTable.5
0011eac8 R default_font_bin
0011f2c8 R default_font_bin_end
0011f2c8 00000030 r error_table
0011f2f8 00000080 r archive_devoptab
0011f378 00000060 R __inv_pio4
0011f3d8 000000e0 R __sincosf_table
0011f4b8 00000080 r npio2_hw
0011f538 00000318 r two_over_pi
0011f850 0000002c r PIo2
0011f87c 0000000c r init_jk
0011f888 00000101 R _ctype_
0011fab0 00000010 r zeroes.0
0011fac0 00000010 r blanks.1
0011fad0 0000006c R __action_table
0011fb3c 0000006c R __state_table
0011fba8 00000100 R __chclass
0011fcb0 0000000c r p05.0
0011fcc0 00000028 R __mprec_bigtens
0011fce8 000000c8 R __mprec_tens
0011fe9c 00000010 r zeroes.0
0011feac 00000010 r blanks.1
0011febc 00000080 R dotab_stdnull
0011ff3c R __tdata_align
0011ff40 r __EH_FRAME_BEGIN__
0011ff40 R __exidx_end
0011ff40 R __exidx_start
00120000 00000008 d framerateCounter
00120008 00000004 d framerate
0012000c 00000001 d firstConsoleInit.0
00120010 00000004 D currentConsole
00120014 00000048 D defaultConsole
0012005c 00000004 d queueLock
00120060 00000004 d aptChainloadDeliverArgSize
00120064 00000004 d kCount
00120068 00000004 d kInterval
0012006c 00000004 d kDelay
00120070 W __stacksize__
00120074 00000004 D _impure_ptr
00120078 00000200 D _impure_data
00120278 00000004 D __malloc_sbrk_base
0012027c 00000004 D __malloc_trim_threshold
00120280 00000408 D __malloc_av_
00120688 0000000c D __sglue
00120694 00000254 D __global_locale
001208e8 00000400 d _current_working_directory
00120ce8 00001000 d handles
00121ce8 0000000c d __stderr_handle
00121cf4 0000000c d __stdout_handle
00121d00 0000000c d __stdin_handle
00121d0c 0000008c D devoptab_list
00121d98 00000004 d defaultDevice
00121da4 d _GLOBAL_OFFSET_TABLE_
00121db0 d __frame_dummy_init_array_entry
00121db0 D __init_array_start
00121db0 B __preinit_array_end
00121db0 B __preinit_array_start
00121db0 D __tdata_lma
00121db0 D __tdata_lma_end
00121db4 d __do_global_dtors_aux_fini_array_entry
00121db4 D __fini_array_start
00121db4 D __init_array_end
00121db8 D __bss_start__
00121db8 D __fini_array_end
00121db8 b completed.1
00121dbc b object.0
00121dd4 0000000c b hookCookie
00121de0 000002d0 B __C3D_Context
001220b0 00000004 b frameEndCbData
001220b4 00000004 b frameEndCb
001220b8 00000008 b frameCounter
001220c0 00000001 b isTopStereo
001220c1 00000001 b needSwapBot
001220c2 00000001 b needSwapTop
001220c3 00000001 b measureGpuTime
001220c4 00000001 b inSafeTransfer
001220c5 00000001 b inFrame
001220c8 00000010 b cpuTime
001220d8 00000010 b gpuTime
001220e8 0000000c b linkedTarget
001220f4 00000004 b lastTarget
001220f8 00000004 b firstTarget
001220fc 00000008 b C3Di_IVUnifEverDirty
00122104 000000c0 b C3Di_FVUnifEverDirty
001221c4 00000018 b C3Di_ShaderFVecData
001221dc 00000002 B C3D_BoolUnifsDirty
001221e0 00000008 B C3D_IVUnifDirty
001221e8 000000c0 B C3D_FVUnifDirty
001222a8 00000004 B C3D_BoolUnifs
001222ac 00000020 B C3D_IVUnif
001222cc 00000c00 B C3D_FVUnif
00122ed0 00000008 b sLinearPool
00122ed8 0000000c b sAddrMap
00122ee8 00000008 b sVramPoolB
00122ef0 00000008 b sVramPoolA
00122ef8 0000000c b sAddrMap
00122f04 00000064 b escapeSeq
00122f68 00000048 B currentCopy
00122fb0 00000004 b screenAlloc
00122fb4 00000004 b screenFree
00122fb8 00000002 b gfxIsDoubleBuf
00122fbc 00000002 b gfxCurBuf
00122fbe 00000001 b gfxIsVram
00122fbf 00000001 b gfxTopMode
00122fc0 00000002 b gfxFramebufferFormats
00122fc4 00000004 b gfxBottomFramebufferMaxSize
00122fc8 00000004 b gfxTopFramebufferMaxSize
00122fd0 00000008 b gfxBottomFramebuffers
00122fd8 00000008 b gfxTopFramebuffers
00122fe0 00000001 V __ctru_speedup
00122fe4 00000004 B gpuCmdBufOffset
00122fe8 00000004 B gpuCmdBufSize
00122fec 00000004 B gpuCmdBuf
00122ff0 00000004 b boundQueue
00122ff4 00000001 b shouldStop
00122ff5 00000001 b isRunning
00122ff6 00000001 b isActive
00122ff8 00000004 b curQueue
00122ffc 00000001 b flagValue.0
00122ffd 00000001 b flagInit.1
00123000 00000004 b serviceName.6
00123004 00000001 b aptChainloadFlags
00123005 00000001 b aptChainloadMediatype
00123008 00000020 b aptChainloadHmac
00123028 00000300 b aptChainloadDeliverArg
00123328 00000008 b aptChainloadTid
00123330 00001000 b aptParameters
00124330 00000004 b aptFlags
00124334 00000001 b aptHomeButtonState
00124338 00000004 b aptMessageFuncData
0012433c 00000004 b aptMessageFunc
00124340 0000000c b aptFirstHook
0012434c 00000001 b aptEventHandlerThreadQuit
00124350 00000004 b aptEventHandlerThread
00124354 00000008 b aptSleepEvent
0012435c 00000008 b aptReceiveEvent
00124364 00000008 b aptEvents
0012436c 00000004 b aptLockHandle
00124370 00000004 b aptRefCount
00124374 00000007 b gspEventCbOneShot
0012437c 0000001c b gspEventCbData
00124398 0000001c b gspEventCb
001243b4 00000038 b gspEvents
001243ec 00000004 b gspLastEvent
001243f0 00000001 b gspRunEvents
001243f4 00000004 b gspEventThread
001243f8 00000004 b gspEvent
001243fc 00000001 b gspGpuRight
001243fd 00000001 b gspThreadId
00124400 00000004 b gspSharedMem
00124404 00000004 b gspSharedMemHandle
00124408 00000004 b gspRefCount
0012440c 00000004 b gspGpuHandle
00124410 00000001 b usingIrrst
00124414 00000004 b hidRefCount
00124418 00000006 b gRate
00124420 00000006 b aVec
00124428 00000004 b cPos
0012442c 00000004 b tPos
00124430 00000004 b kRepeat
00124434 00000004 b kUp
00124438 00000004 b kDown
0012443c 00000004 b kHeld
00124440 00000004 b kOld
00124444 00000004 B hidSharedMem
00124448 00000014 B hidEvents
0012445c 00000004 B hidMemHandle
00124460 00000004 B hidHandle
00124464 00000004 b irrstRefCount
00124468 00000004 b csPos
0012446c 00000004 b kHeld
00124470 00000004 B irrstSharedMem
00124474 00000004 B irrstEvent
00124478 00000004 B irrstMemHandle
0012447c 00000004 B irrstHandle
00124480 00000004 b ptmSysmRefCount
00124484 00000004 b ptmSysmHandle
00124488 00000004 V __ctru_linear_heap_size
0012448c 00000004 V __ctru_heap_size
00124490 00000004 B __ctru_linear_heap
00124494 00000004 B __ctru_heap
00124498 00000004 B __system_retAddr
0012449c 00000004 B __system_argv
001244a0 00000004 B __system_argc
001244a4 b saved_stack
001244ac 00000004 B __3dslink_host
001244b0 00000004 b srvRefCount
001244b4 00000004 b srvHandle
001244b8 00000004 b arbiter
001244bc 00000004 b currentAddr
001244c0 00000004 b maxAddr
001244c4 00000004 b minAddr
001244c8 00000004 b srvPmHandle
001244d0 000005c0 b archive_devices
00124a90 00000004 b archive_device_cwd
00124a94 00000001 b archive_initialized
00124a98 00000080 b fsExemptArchives
00124b18 00000004 b fsuRefCount
00124b1c 00000004 b fsuHandle
00124b20 00000028 B __malloc_current_mallinfo
00124b48 00000004 B __malloc_max_total_mem
00124b4c 00000004 B __malloc_max_sbrked_mem
00124b50 00000004 B __malloc_top_pad
00124b54 0000000c b __sfp_recursive_mutex
00124b60 00000168 B __sf
00124cc8 00000004 B __stdio_exit_handler
00124ccc 0000000c b __malloc_recursive_mutex
00124cd8 00000400 b temp_cwd
001250d8 00000004 b __hndl_lock
001250dc 00000004 B fake_heap_start
001250e0 00000004 B fake_heap_end
001250e4 00000004 b heap_start.0
001250e8 B __tls_start
00125cf0 B __bss_end__
00125cf0 A __end__
00125cf0 B __tls_end
