Archive member included to satisfy reference by file (symbol)

C:/devkitPro/libctru/lib\libctru.a(console.o)
                              main.o (consoleInit)
C:/devkitPro/libctru/lib\libctru.a(gfx.o)
                              C:/devkitPro/libctru/lib\libctru.a(console.o) (gfxIsWide)
C:/devkitPro/libctru/lib\libctru.a(apt.o)
                              main.o (aptMainLoop)
C:/devkitPro/libctru/lib\libctru.a(gspgpu.o)
                              C:/devkitPro/libctru/lib\libctru.a(gfx.o) (gspInit)
C:/devkitPro/libctru/lib\libctru.a(hid.o)
                              main.o (hidScanInput)
C:/devkitPro/libctru/lib\libctru.a(irrst.o)
                              C:/devkitPro/libctru/lib\libctru.a(hid.o) (irrstInit)
C:/devkitPro/libctru/lib\libctru.a(ctru_init.o)
                              C:/devkitPro/libctru/lib\libctru.a(apt.o) (__system_retAddr)
C:/devkitPro/libctru/lib\libctru.a(initArgv.o)
                              C:/devkitPro/libctru/lib\libctru.a(ctru_init.o) (__system_initArgv)
C:/devkitPro/libctru/lib\libctru.a(syscalls.o)
                              C:/devkitPro/libctru/lib\libctru.a(ctru_init.o) (__system_initSyscalls)
C:/devkitPro/libctru/lib\libctru.a(svc.o)
                              C:/devkitPro/libctru/lib\libctru.a(apt.o) (svcSleepThread)
C:/devkitPro/libctru/lib\libctru.a(stack_adjust.o)
                              C:/devkitPro/devkitARM/bin/../lib/gcc/arm-none-eabi/16.1.0/../../../../arm-none-eabi/lib/armv6k/fpu/3dsx_crt0.o (initSystem)
C:/devkitPro/libctru/lib\libctru.a(default_font.bin.o)
                              C:/devkitPro/libctru/lib\libctru.a(console.o) (default_font_bin)
C:/devkitPro/libctru/lib\libctru.a(linear.o)
                              C:/devkitPro/libctru/lib\libctru.a(gfx.o) (linearAlloc)
C:/devkitPro/libctru/lib\libctru.a(mem_pool.o)
                              C:/devkitPro/libctru/lib\libctru.a(linear.o) (MemPool::Allocate(MemChunk&, unsigned long, int))
C:/devkitPro/libctru/lib\libctru.a(vram.o)
                              C:/devkitPro/libctru/lib\libctru.a(gfx.o) (vramAlloc)
C:/devkitPro/libctru/lib\libctru.a(3dslink.o)
                              C:/devkitPro/libctru/lib\libctru.a(initArgv.o) (__3dslink_host)
C:/devkitPro/libctru/lib\libctru.a(env.o)
                              C:/devkitPro/libctru/lib\libctru.a(irrst.o) (envGetHandle)
C:/devkitPro/libctru/lib\libctru.a(os.o)
                              C:/devkitPro/libctru/lib\libctru.a(syscalls.o) (osGetTime)
C:/devkitPro/libctru/lib\libctru.a(srv.o)
                              C:/devkitPro/libctru/lib\libctru.a(apt.o) (srvInit)
C:/devkitPro/libctru/lib\libctru.a(synchronization.o)
                              C:/devkitPro/libctru/lib\libctru.a(ctru_init.o) (__sync_init)
C:/devkitPro/libctru/lib\libctru.a(thread.o)
                              C:/devkitPro/libctru/lib\libctru.a(apt.o) (threadCreate)
C:/devkitPro/libctru/lib\libctru.a(mappable.o)
                              C:/devkitPro/libctru/lib\libctru.a(apt.o) (mappableAlloc)
C:/devkitPro/libctru/lib\libctru.a(ptmsysm.o)
                              C:/devkitPro/libctru/lib\libctru.a(os.o) (ptmSysmInit)
C:/devkitPro/libctru/lib\libctru.a(srvpm.o)
                              C:/devkitPro/libctru/lib\libctru.a(srv.o) (srvPmGetSessionHandle)
C:/devkitPro/libctru/lib\libctru.a(soc_connect.o)
                              C:/devkitPro/libctru/lib\libctru.a(3dslink.o) (connect)
C:/devkitPro/libctru/lib\libctru.a(soc_socket.o)
                              C:/devkitPro/libctru/lib\libctru.a(3dslink.o) (socket)
C:/devkitPro/libctru/lib\libctru.a(rbtree_find.o)
                              C:/devkitPro/libctru/lib\libctru.a(linear.o) (rbtree_find)
C:/devkitPro/libctru/lib\libctru.a(rbtree_init.o)
                              C:/devkitPro/libctru/lib\libctru.a(linear.o) (rbtree_init)
C:/devkitPro/libctru/lib\libctru.a(rbtree_insert.o)
                              C:/devkitPro/libctru/lib\libctru.a(linear.o) (rbtree_insert)
C:/devkitPro/libctru/lib\libctru.a(rbtree_remove.o)
                              C:/devkitPro/libctru/lib\libctru.a(linear.o) (rbtree_remove)
C:/devkitPro/libctru/lib\libctru.a(rbtree_rotate.o)
                              C:/devkitPro/libctru/lib\libctru.a(rbtree_insert.o) (rbtree_rotate)
C:/devkitPro/libctru/lib\libctru.a(allocateHeaps.o)
                              C:/devkitPro/libctru/lib\libctru.a(ctru_init.o) (__system_allocateHeaps)
C:/devkitPro/libctru/lib\libctru.a(appExit.o)
                              C:/devkitPro/libctru/lib\libctru.a(stack_adjust.o) (__appExit)
C:/devkitPro/libctru/lib\libctru.a(appInit.o)
                              C:/devkitPro/libctru/lib\libctru.a(stack_adjust.o) (__appInit)
C:/devkitPro/libctru/lib\libctru.a(ctru_exit.o)
                              C:/devkitPro/libctru/lib\libctru.a(stack_adjust.o) (__libctru_exit)
C:/devkitPro/libctru/lib\libctru.a(archive_dev.o)
[...]
Memory Configuration

Name             Origin             Length             Attributes
*default*        0x00000000         0xffffffff

Linker script and memory map

                0x00000000                        __sync_synchronize = __sync_synchronize_dmb
                0x00100000                        PROVIDE (__start__ = 0x100000)
                0x00100000                        . = __start__

.text           0x00100000    0x17754
 *(.crt0)
 .crt0          0x00100000       0x94 C:/devkitPro/devkitARM/bin/../lib/gcc/arm-none-eabi/16.1.0/../../../../arm-none-eabi/lib/armv6k/fpu/3dsx_crt0.o
                0x00100000                _start
                0x00100008                __service_ptr
                0x0010000c                __apt_appid
                0x00100010                __heap_size
                0x00100014                __linear_heap_size
                0x00100018                __system_arglist
                0x0010001c                __system_runflags
 *(.init)
 .init          0x00100094        0xc C:/devkitPro/devkitARM/bin/../lib/gcc/arm-none-eabi/16.1.0/armv6k/fpu/crti.o
                0x00100094                _init
 .init          0x001000a0        0xc C:/devkitPro/devkitARM/bin/../lib/gcc/arm-none-eabi/16.1.0/armv6k/fpu/crtn.o
                0x001000ac                        . = ALIGN (0x4)
 *(.text)
 .text          0x001000ac      0x240 C:/devkitPro/devkitARM/bin/../lib/gcc/arm-none-eabi/16.1.0/armv6k/fpu\libgcc.a(_divsi3.o)
                0x001000ac                __divsi3
                0x001000ac                __aeabi_idiv
                0x001002cc                __aeabi_idivmod
 .text          0x001002ec        0x4 C:/devkitPro/devkitARM/bin/../lib/gcc/arm-none-eabi/16.1.0/armv6k/fpu\libgcc.a(_dvmd_tls.o)
                0x001002ec                __aeabi_idiv0
                0x001002ec                __aeabi_ldiv0
 .text          0x001002f0       0x3c C:/devkitPro/devkitARM/bin/../lib/gcc/arm-none-eabi/16.1.0/armv6k/fpu\libgcc.a(_aeabi_uldivmod.o)
                0x001002f0                __aeabi_uldivmod
 *fill*         0x0010032c       0x14 
 .text          0x00100340      0x390 C:/devkitPro/devkitARM/bin/../lib/gcc/arm-none-eabi/16.1.0/../../../../arm-none-eabi/lib/armv6k/fpu\libg.a(libc_a-strcmp.o)
                0x00100348                strcmp
 .text          0x001006d0      0x20c C:/devkitPro/devkitARM/bin/../lib/gcc/arm-none-eabi/16.1.0/armv6k/fpu\libgcc.a(_udivsi3.o)
                0x001006d0                __aeabi_uidiv
                0x001006d0                __udivsi3
                0x001008bc                __aeabi_uidivmod
 *(.text.*)
 .text.__do_global_dtors_aux
                0x001008dc       0x50 C:/devkitPro/devkitARM/bin/../lib/gcc/arm-none-eabi/16.1.0/armv6k/fpu/crtbegin.o
 .text.frame_dummy
                0x0010092c       0x2c C:/devkitPro/devkitARM/bin/../lib/gcc/arm-none-eabi/16.1.0/armv6k/fpu/crtbegin.o
 .text.startup.main
                0x00100958       0x78 main.o
                0x00100958                main
 .text.consoleDrawChar
                0x001009d0      0x1c8 C:/devkitPro/libctru/lib\libctru.a(console.o)
                0x001009d0                consoleDrawChar
 .text.consolePrintChar
                0x00100b98      0x170 C:/devkitPro/libctru/lib\libctru.a(console.o)
                0x00100b98                consolePrintChar
 .text.con_write
                0x00100d08      0xcc8 C:/devkitPro/libctru/lib\libctru.a(console.o)
                0x00100d08                con_write
 .text.newRow   0x001019d0       0xfc C:/devkitPro/libctru/lib\libctru.a(console.o)
 .text.consoleInit
                0x00101acc      0x180 C:/devkitPro/libctru/lib\libctru.a(console.o)
                0x00101acc                consoleInit
 .text.gfxPresentFramebuffer
                0x00101c4c       0xcc C:/devkitPro/libctru/lib\libctru.a(gfx.o)
 .text.gfxIsWide
                0x00101d18       0x1c C:/devkitPro/libctru/lib\libctru.a(gfx.o)
                0x00101d18                gfxIsWide
 .text.gfxSetScreenFormat
                0x00101d34       0xf8 C:/devkitPro/libctru/lib\libctru.a(gfx.o)
                0x00101d34                gfxSetScreenFormat
 .text.gfxSetDoubleBuffering
                0x00101e2c       0x10 C:/devkitPro/libctru/lib\libctru.a(gfx.o)
                0x00101e2c                gfxSetDoubleBuffering
 .text.gfxInit  0x00101e3c       0xd8 C:/devkitPro/libctru/lib\libctru.a(gfx.o)
                0x00101e3c                gfxInit
 .text.gfxInitDefault
                0x00101f14       0x10 C:/devkitPro/libctru/lib\libctru.a(gfx.o)
                0x00101f14                gfxInitDefault
 .text.gfxExit  0x00101f24       0xb8 C:/devkitPro/libctru/lib\libctru.a(gfx.o)
                0x00101f24                gfxExit
 .text.gfxGetFramebuffer
                0x00101fdc       0xa0 C:/devkitPro/libctru/lib\libctru.a(gfx.o)
                0x00101fdc                gfxGetFramebuffer
 .text.gfxFlushBuffers
                0x0010207c      0x100 C:/devkitPro/libctru/lib\libctru.a(gfx.o)
                0x0010207c                gfxFlushBuffers
 .text.gfxSwapBuffers
                0x0010217c       0x50 C:/devkitPro/libctru/lib\libctru.a(gfx.o)
                0x0010217c                gfxSwapBuffers
 .text.gfxSwapBuffersGpu
                0x001021cc       0x50 C:/devkitPro/libctru/lib\libctru.a(gfx.o)
                0x001021cc                gfxSwapBuffersGpu
 .text.aptConvertScreenForCapture
                0x0010221c      0x180 C:/devkitPro/libctru/lib\libctru.a(apt.o)
 .text.aptDspSleep
                0x0010239c        0x8 C:/devkitPro/libctru/lib\libctru.a(apt.o)
                0x0010239c                aptDspSleep
 .text.aptDspWakeup
                0x001023a4        0x4 C:/devkitPro/libctru/lib\libctru.a(apt.o)
                0x001023a4                aptDspWakeup
 .text.aptDspCancel
                0x001023a8        0x4 C:/devkitPro/libctru/lib\libctru.a(apt.o)
                0x001023a8                aptDspCancel
 .text.aptSendCommand
                0x001023ac      0x138 C:/devkitPro/libctru/lib\libctru.a(apt.o)
                0x001023ac                aptSendCommand
 *fill*         0x001024e4        0x4 
 .text.aptExitProcess
                0x001024e8       0x44 C:/devkitPro/libctru/lib\libctru.a(apt.o)
 .text.aptExit  0x0010252c      0x394 C:/devkitPro/libctru/lib\libctru.a(apt.o)
                0x0010252c                aptExit
 .text.aptHandleSleep
                0x001028c0       0xd8 C:/devkitPro/libctru/lib\libctru.a(apt.o)
                0x001028c0                aptHandleSleep
 .text.APT_SleepIfShellClosed
                0x00102998       0x84 C:/devkitPro/libctru/lib\libctru.a(apt.o)
                0x00102998                APT_SleepIfShellClosed
 .text.aptSetSleepAllowed
                0x00102a1c       0x78 C:/devkitPro/libctru/lib\libctru.a(apt.o)
                0x00102a1c                aptSetSleepAllowed
 .text.APT_UnlockTransition
                0x00102a94       0x84 C:/devkitPro/libctru/lib\libctru.a(apt.o)
                0x00102a94                APT_UnlockTransition
 .text.aptEventHandler
                0x00102b18      0x470 C:/devkitPro/libctru/lib\libctru.a(apt.o)
 .text.APT_ReceiveParameter
                0x00102f88       0xbc C:/devkitPro/libctru/lib\libctru.a(apt.o)
                0x00102f88                APT_ReceiveParameter
 .text.aptReceiveParameter.constprop.0
                0x00103044       0xb0 C:/devkitPro/libctru/lib\libctru.a(apt.o)
 *fill*         0x001030f4        0x4 
 .text.aptScreenTransfer
                0x001030f8      0x294 C:/devkitPro/libctru/lib\libctru.a(apt.o)
 .text.aptWaitForWakeUp.isra.0
                0x0010338c      0x2d0 C:/devkitPro/libctru/lib\libctru.a(apt.o)
 .text.aptJumpToHomeMenu
                0x0010365c       0xf4 C:/devkitPro/libctru/lib\libctru.a(apt.o)
                0x0010365c                aptJumpToHomeMenu
 .text.aptMainLoop
                0x00103750       0x58 C:/devkitPro/libctru/lib\libctru.a(apt.o)
                0x00103750                aptMainLoop
 .text.aptInit  0x001037a8      0x240 C:/devkitPro/libctru/lib\libctru.a(apt.o)
                0x001037a8                aptInit
 .text.APT_CheckNew3DS
                0x001039e8       0x90 C:/devkitPro/libctru/lib\libctru.a(apt.o)
                0x001039e8                APT_CheckNew3DS
 .text.gspHardwareInit
                0x00103a78      0xc70 C:/devkitPro/libctru/lib\libctru.a(gspgpu.o)
 .text.gspInit  0x001046e8      0x288 C:/devkitPro/libctru/lib\libctru.a(gspgpu.o)
                0x001046e8                gspInit
 .text.gspExit  0x00104970      0x104 C:/devkitPro/libctru/lib\libctru.a(gspgpu.o)
                0x00104970                gspExit
 .text.gspHasGpuRight
                0x00104a74       0x10 C:/devkitPro/libctru/lib\libctru.a(gspgpu.o)
                0x00104a74                gspHasGpuRight
 .text.gspPresentBuffer
                0x00104a84       0xa4 C:/devkitPro/libctru/lib\libctru.a(gspgpu.o)
                0x00104a84                gspPresentBuffer
 .text.gspWaitForEvent
                0x00104b28       0x50 C:/devkitPro/libctru/lib\libctru.a(gspgpu.o)
                0x00104b28                gspWaitForEvent
 .text.gxCmdQueueInterrupt
                0x00104b78        0x4 C:/devkitPro/libctru/lib\libctru.a(gspgpu.o)
                0x00104b78                gxCmdQueueInterrupt
 .text.gspEventThreadMain
                0x00104b7c      0x154 C:/devkitPro/libctru/lib\libctru.a(gspgpu.o)
 .text.GSPGPU_FlushDataCache
                0x00104cd0       0x50 C:/devkitPro/libctru/lib\libctru.a(gspgpu.o)
                0x00104cd0                GSPGPU_FlushDataCache
 .text.GSPGPU_SetLcdForceBlack
                0x00104d20       0x34 C:/devkitPro/libctru/lib\libctru.a(gspgpu.o)
                0x00104d20                GSPGPU_SetLcdForceBlack
 .text.GSPGPU_AcquireRight
                0x00104d54       0x84 C:/devkitPro/libctru/lib\libctru.a(gspgpu.o)
                0x00104d54                GSPGPU_AcquireRight
 .text.GSPGPU_ReleaseRight
                0x00104dd8       0x64 C:/devkitPro/libctru/lib\libctru.a(gspgpu.o)
                0x00104dd8                GSPGPU_ReleaseRight
 .text.GSPGPU_ImportDisplayCaptureInfo
                0x00104e3c       0x7c C:/devkitPro/libctru/lib\libctru.a(gspgpu.o)
                0x00104e3c                GSPGPU_ImportDisplayCaptureInfo
 .text.GSPGPU_SaveVramSysArea
                0x00104eb8       0x2c C:/devkitPro/libctru/lib\libctru.a(gspgpu.o)
                0x00104eb8                GSPGPU_SaveVramSysArea
 .text.GSPGPU_RestoreVramSysArea
                0x00104ee4       0x2c C:/devkitPro/libctru/lib\libctru.a(gspgpu.o)
                0x00104ee4                GSPGPU_RestoreVramSysArea
 .text.hidShouldUseIrrst
                0x00104f10       0x24 C:/devkitPro/libctru/lib\libctru.a(hid.o)
                0x00104f10                hidShouldUseIrrst
 .text.hidInit  0x00104f34      0x1cc C:/devkitPro/libctru/lib\libctru.a(hid.o)
                0x00104f34                hidInit
 .text.hidExit  0x00105100       0xe8 C:/devkitPro/libctru/lib\libctru.a(hid.o)
                0x00105100                hidExit
 .text.hidScanInput
                0x001051e8      0x2a0 C:/devkitPro/libctru/lib\libctru.a(hid.o)
                0x001051e8                hidScanInput
 .text.hidKeysDown
                0x00105488       0x10 C:/devkitPro/libctru/lib\libctru.a(hid.o)
                0x00105488                hidKeysDown
 .text.irrstInit
                0x00105498      0x1a4 C:/devkitPro/libctru/lib\libctru.a(irrst.o)
                0x00105498                irrstInit
 .text.irrstExit
                0x0010563c       0xdc C:/devkitPro/libctru/lib\libctru.a(irrst.o)
                0x0010563c                irrstExit
 .text.irrstScanInput
                0x00105718       0xb4 C:/devkitPro/libctru/lib\libctru.a(irrst.o)
                0x00105718                irrstScanInput
 .text.irrstKeysHeld
                0x001057cc       0x24 C:/devkitPro/libctru/lib\libctru.a(irrst.o)
                0x001057cc                irrstKeysHeld
 .text.__libctru_init
                0x001057f0       0x38 C:/devkitPro/libctru/lib\libctru.a(ctru_init.o)
                0x001057f0                __libctru_init
 .text.__system_initArgv
                0x00105828      0x16c C:/devkitPro/libctru/lib\libctru.a(initArgv.o)
                0x00105828                __system_initArgv
 .text.__syscall_getreent
                0x00105994       0x30 C:/devkitPro/libctru/lib\libctru.a(syscalls.o)
                0x00105994                __syscall_getreent
 .text.__syscall_lock_acquire
                0x001059c4        0x4 C:/devkitPro/libctru/lib\libctru.a(syscalls.o)
                0x001059c4                __syscall_lock_acquire
 .text.__syscall_lock_release
                0x001059c8        0x4 C:/devkitPro/libctru/lib\libctru.a(syscalls.o)
                0x001059c8                __syscall_lock_release
 .text.__syscall_lock_acquire_recursive
                0x001059cc        0x4 C:/devkitPro/libctru/lib\libctru.a(syscalls.o)
                0x001059cc                __syscall_lock_acquire_recursive
 .text.__syscall_lock_release_recursive
                0x001059d0        0x4 C:/devkitPro/libctru/lib\libctru.a(syscalls.o)
                0x001059d0                __syscall_lock_release_recursive
 .text.__syscall_exit
                0x001059d4        0x4 C:/devkitPro/libctru/lib\libctru.a(syscalls.o)
                0x001059d4                __syscall_exit
 .text.initThreadVars
                0x001059d8       0x54 C:/devkitPro/libctru/lib\libctru.a(syscalls.o)
                0x001059d8                initThreadVars
 .text.__system_initSyscalls
                0x00105a2c       0x80 C:/devkitPro/libctru/lib\libctru.a(syscalls.o)
                0x00105a2c                __system_initSyscalls
 .text.svcControlMemory
                0x00105aac       0x20 C:/devkitPro/libctru/lib\libctru.a(svc.o)
                0x00105aac                svcControlMemory
 .text.svcQueryMemory
                0x00105acc       0x30 C:/devkitPro/libctru/lib\libctru.a(svc.o)
                0x00105acc                svcQueryMemory
 .text.svcExitProcess
                0x00105afc        0x8 C:/devkitPro/libctru/lib\libctru.a(svc.o)
                0x00105afc                svcExitProcess
 .text.svcCreateThread
                0x00105b04       0x20 C:/devkitPro/libctru/lib\libctru.a(svc.o)
                0x00105b04                svcCreateThread
 .text.svcExitThread
                0x00105b24        0x8 C:/devkitPro/libctru/lib\libctru.a(svc.o)
                0x00105b24                svcExitThread
 .text.svcSleepThread
                0x00105b2c        0x8 C:/devkitPro/libctru/lib\libctru.a(svc.o)
                0x00105b2c                svcSleepThread
 .text.svcReleaseMutex
                0x00105b34        0x8 C:/devkitPro/libctru/lib\libctru.a(svc.o)
                0x00105b34                svcReleaseMutex
 .text.svcCreateEvent
                0x00105b3c       0x14 C:/devkitPro/libctru/lib\libctru.a(svc.o)
                0x00105b3c                svcCreateEvent
 .text.svcSignalEvent
                0x00105b50        0x8 C:/devkitPro/libctru/lib\libctru.a(svc.o)
                0x00105b50                svcSignalEvent
 .text.svcClearEvent
                0x00105b58        0x8 C:/devkitPro/libctru/lib\libctru.a(svc.o)
                0x00105b58                svcClearEvent
 .text.svcMapMemoryBlock
                0x00105b60        0x8 C:/devkitPro/libctru/lib\libctru.a(svc.o)
                0x00105b60                svcMapMemoryBlock
 .text.svcUnmapMemoryBlock
                0x00105b68        0x8 C:/devkitPro/libctru/lib\libctru.a(svc.o)
                0x00105b68                svcUnmapMemoryBlock
 .text.svcCreateAddressArbiter
                0x00105b70       0x14 C:/devkitPro/libctru/lib\libctru.a(svc.o)
                0x00105b70                svcCreateAddressArbiter
 .text.svcArbitrateAddressNoTimeout
                0x00105b84        0x8 C:/devkitPro/libctru/lib\libctru.a(svc.o)
                0x00105b84                svcArbitrateAddressNoTimeout
 .text.svcCloseHandle
                0x00105b8c        0x8 C:/devkitPro/libctru/lib\libctru.a(svc.o)
                0x00105b8c                svcCloseHandle
 .text.svcWaitSynchronization
                0x00105b94        0x8 C:/devkitPro/libctru/lib\libctru.a(svc.o)
                0x00105b94                svcWaitSynchronization
 .text.svcWaitSynchronizationN
                0x00105b9c       0x28 C:/devkitPro/libctru/lib\libctru.a(svc.o)
                0x00105b9c                svcWaitSynchronizationN
 .text.svcDuplicateHandle
                0x00105bc4       0x14 C:/devkitPro/libctru/lib\libctru.a(svc.o)
                0x00105bc4                svcDuplicateHandle
 .text.svcConnectToPort
                0x00105bd8       0x14 C:/devkitPro/libctru/lib\libctru.a(svc.o)
                0x00105bd8                svcConnectToPort
 .text.svcSendSyncRequest
                0x00105bec        0x8 C:/devkitPro/libctru/lib\libctru.a(svc.o)
                0x00105bec                svcSendSyncRequest
 .text.svcGetResourceLimit
                0x00105bf4       0x14 C:/devkitPro/libctru/lib\libctru.a(svc.o)
                0x00105bf4                svcGetResourceLimit
 .text.svcGetResourceLimitLimitValues
                0x00105c08        0x8 C:/devkitPro/libctru/lib\libctru.a(svc.o)
                0x00105c08                svcGetResourceLimitLimitValues
 .text.svcGetResourceLimitCurrentValues
                0x00105c10        0x8 C:/devkitPro/libctru/lib\libctru.a(svc.o)
                0x00105c10                svcGetResourceLimitCurrentValues
 .text.svcBreak
                0x00105c18        0x8 C:/devkitPro/libctru/lib\libctru.a(svc.o)
                0x00105c18                svcBreak
 .text.initSystem
                0x00105c20       0x50 C:/devkitPro/libctru/lib\libctru.a(stack_adjust.o)
                0x00105c20                initSystem
 .text.__ctru_exit
                0x00105c70       0x14 C:/devkitPro/libctru/lib\libctru.a(stack_adjust.o)
                0x00105c70                __ctru_exit
 .text._ZL21addrMapNodeComparatorPK11rbtree_nodeS1_
                0x00105c84       0x24 C:/devkitPro/libctru/lib\libctru.a(linear.o)
 .text._ZL21addrMapNodeDestructorP11rbtree_node
                0x00105ca8        0x4 C:/devkitPro/libctru/lib\libctru.a(linear.o)
 .text.linearMemAlign
                0x00105cac      0x12c C:/devkitPro/libctru/lib\libctru.a(linear.o)
                0x00105cac                linearMemAlign
 .text.linearAlloc
                0x00105dd8        0x8 C:/devkitPro/libctru/lib\libctru.a(linear.o)
                0x00105dd8                linearAlloc
 .text.linearFree
                0x00105de0       0x5c C:/devkitPro/libctru/lib\libctru.a(linear.o)
                0x00105de0                linearFree
 .text._ZN7MemPool13CoalesceRightEP8MemBlock
                0x00105e3c       0x88 C:/devkitPro/libctru/lib\libctru.a(mem_pool.o)
                0x00105e3c                MemPool::CoalesceRight(MemBlock*)
 .text._ZN7MemPool8AllocateER8MemChunkmi
                0x00105ec4      0x178 C:/devkitPro/libctru/lib\libctru.a(mem_pool.o)
                0x00105ec4                MemPool::Allocate(MemChunk&, unsigned long, int)
 .text._ZN7MemPool10DeallocateERK8MemChunk
                0x0010603c      0x118 C:/devkitPro/libctru/lib\libctru.a(mem_pool.o)
                0x0010603c                MemPool::Deallocate(MemChunk const&)
 .text._ZN7MemPool12GetFreeSpaceEv
                0x00106154       0x30 C:/devkitPro/libctru/lib\libctru.a(mem_pool.o)
                0x00106154                MemPool::GetFreeSpace()
 .text._ZL21addrMapNodeComparatorPK11rbtree_nodeS1_
                0x00106184       0x24 C:/devkitPro/libctru/lib\libctru.a(vram.o)
 .text._ZL21addrMapNodeDestructorP11rbtree_node
                0x001061a8        0x4 C:/devkitPro/libctru/lib\libctru.a(vram.o)
 .text.vramMemAlignAt
                0x001061ac      0x248 C:/devkitPro/libctru/lib\libctru.a(vram.o)
                0x001061ac                vramMemAlignAt
 .text.vramAlloc
                0x001063f4        0xc C:/devkitPro/libctru/lib\libctru.a(vram.o)
                0x001063f4                vramAlloc
 .text.vramFree
                0x00106400       0x94 C:/devkitPro/libctru/lib\libctru.a(vram.o)
                0x00106400                vramFree
 .text.envGetHandle
                0x00106494       0x8c C:/devkitPro/libctru/lib\libctru.a(env.o)
                0x00106494                envGetHandle
 .text.envDestroyHandles
                0x00106520       0x50 C:/devkitPro/libctru/lib\libctru.a(env.o)
                0x00106520                envDestroyHandles
 .text.__ctru_speedup_config
                0x00106570       0x34 C:/devkitPro/libctru/lib\libctru.a(os.o)
                0x00106570                __ctru_speedup_config
 .text.srvInit  0x001065a4      0x164 C:/devkitPro/libctru/lib\libctru.a(srv.o)
                0x001065a4                srvInit
 .text.srvExit  0x00106708       0x64 C:/devkitPro/libctru/lib\libctru.a(srv.o)
                0x00106708                srvExit
 .text.srvEnableNotification
                0x0010676c       0x60 C:/devkitPro/libctru/lib\libctru.a(srv.o)
                0x0010676c                srvEnableNotification
 .text.srvGetServiceHandleDirect
                0x001067cc       0xa0 C:/devkitPro/libctru/lib\libctru.a(srv.o)
                0x001067cc                srvGetServiceHandleDirect
 .text.srvGetServiceHandle
                0x0010686c       0x48 C:/devkitPro/libctru/lib\libctru.a(srv.o)
                0x0010686c                srvGetServiceHandle
 .text.srvSubscribe
                0x001068b4       0x34 C:/devkitPro/libctru/lib\libctru.a(srv.o)
                0x001068b4                srvSubscribe
 .text.srvReceiveNotification
                0x001068e8       0x60 C:/devkitPro/libctru/lib\libctru.a(srv.o)
                0x001068e8                srvReceiveNotification
 .text.srvPublishToSubscriber
                0x00106948       0x38 C:/devkitPro/libctru/lib\libctru.a(srv.o)
                0x00106948                srvPublishToSubscriber
 .text.__sync_init
                0x00106980        0xc C:/devkitPro/libctru/lib\libctru.a(synchronization.o)
                0x00106980                __sync_init
 .text.__sync_fini
                0x0010698c       0x18 C:/devkitPro/libctru/lib\libctru.a(synchronization.o)
                0x0010698c                __sync_fini
 .text.syncArbitrateAddress
                0x001069a4       0x28 C:/devkitPro/libctru/lib\libctru.a(synchronization.o)
                0x001069a4                syncArbitrateAddress
 .text.LightLock_Lock
                0x001069cc       0xac C:/devkitPro/libctru/lib\libctru.a(synchronization.o)
                0x001069cc                LightLock_Lock
 .text.LightLock_Unlock
                0x00106a78       0x40 C:/devkitPro/libctru/lib\libctru.a(synchronization.o)
                0x00106a78                LightLock_Unlock
 .text.RecursiveLock_Lock
                0x00106ab8       0x54 C:/devkitPro/libctru/lib\libctru.a(synchronization.o)
                0x00106ab8                RecursiveLock_Lock
 .text.RecursiveLock_Unlock
                0x00106b0c       0x54 C:/devkitPro/libctru/lib\libctru.a(synchronization.o)
                0x00106b0c                RecursiveLock_Unlock
 .text.LightEvent_Init
                0x00106b60       0x44 C:/devkitPro/libctru/lib\libctru.a(synchronization.o)
                0x00106b60                LightEvent_Init
 .text.LightEvent_Clear
                0x00106ba4       0xb8 C:/devkitPro/libctru/lib\libctru.a(synchronization.o)
                0x00106ba4                LightEvent_Clear
 .text.LightEvent_Signal
                0x00106c5c       0xdc C:/devkitPro/libctru/lib\libctru.a(synchronization.o)
                0x00106c5c                LightEvent_Signal
 .text.LightEvent_TryWait
                0x00106d38       0x50 C:/devkitPro/libctru/lib\libctru.a(synchronization.o)
                0x00106d38                LightEvent_TryWait
 .text.LightEvent_Wait
                0x00106d88       0xac C:/devkitPro/libctru/lib\libctru.a(synchronization.o)
                0x00106d88                LightEvent_Wait
 .text.threadCreate
                0x00106e34      0x1fc C:/devkitPro/libctru/lib\libctru.a(thread.o)
                0x00106e34                threadCreate
 .text.threadFree
                0x00107030       0x38 C:/devkitPro/libctru/lib\libctru.a(thread.o)
                0x00107030                threadFree
 .text.threadJoin
                0x00107068       0x24 C:/devkitPro/libctru/lib\libctru.a(thread.o)
                0x00107068                threadJoin
 .text.threadGetCurrent
                0x0010708c       0x30 C:/devkitPro/libctru/lib\libctru.a(thread.o)
                0x0010708c                threadGetCurrent
 .text.threadExit
                0x001070bc       0x40 C:/devkitPro/libctru/lib\libctru.a(thread.o)
                0x001070bc                threadExit
 .text._thread_begin
                0x001070fc       0x20 C:/devkitPro/libctru/lib\libctru.a(thread.o)
 .text.mappableFindAddressWithin
                0x0010711c       0x90 C:/devkitPro/libctru/lib\libctru.a(mappable.o)
 .text.mappableInit
                0x001071ac       0x28 C:/devkitPro/libctru/lib\libctru.a(mappable.o)
                0x001071ac                mappableInit
 .text.mappableAlloc
                0x001071d4       0x7c C:/devkitPro/libctru/lib\libctru.a(mappable.o)
                0x001071d4                mappableAlloc
 .text.mappableFree
                0x00107250        0x4 C:/devkitPro/libctru/lib\libctru.a(mappable.o)
                0x00107250                mappableFree
 .text.ptmSysmInit
                0x00107254       0x78 C:/devkitPro/libctru/lib\libctru.a(ptmsysm.o)
                0x00107254                ptmSysmInit
 .text.ptmSysmExit
                0x001072cc       0x3c C:/devkitPro/libctru/lib\libctru.a(ptmsysm.o)
                0x001072cc                ptmSysmExit
 .text.PTMSYSM_ConfigureNew3DSCPU
                0x00107308       0x34 C:/devkitPro/libctru/lib\libctru.a(ptmsysm.o)
                0x00107308                PTMSYSM_ConfigureNew3DSCPU
 .text.srvPmGetSessionHandle
                0x0010733c        0xc C:/devkitPro/libctru/lib\libctru.a(srvpm.o)
                0x0010733c                srvPmGetSessionHandle
 .text.rbtree_find
                0x00107348       0x74 C:/devkitPro/libctru/lib\libctru.a(rbtree_find.o)
                0x00107348                rbtree_find
 .text.rbtree_init
                0x001073bc       0x10 C:/devkitPro/libctru/lib\libctru.a(rbtree_init.o)
                0x001073bc                rbtree_init
 .text.do_insert
                0x001073cc      0x198 C:/devkitPro/libctru/lib\libctru.a(rbtree_insert.o)
 .text.rbtree_insert
                0x00107564        0x8 C:/devkitPro/libctru/lib\libctru.a(rbtree_insert.o)
                0x00107564                rbtree_insert
 .text.rbtree_remove
                0x0010756c      0x310 C:/devkitPro/libctru/lib\libctru.a(rbtree_remove.o)
                0x0010756c                rbtree_remove
 .text.rbtree_rotate
                0x0010787c       0x90 C:/devkitPro/libctru/lib\libctru.a(rbtree_rotate.o)
                0x0010787c                rbtree_rotate
 *fill*         0x0010790c        0x4 
 .text.__system_allocateHeaps
                0x00107910      0x1e8 C:/devkitPro/libctru/lib\libctru.a(allocateHeaps.o)
                0x00107910                __system_allocateHeaps
 .text.__appExit
                0x00107af8       0x30 C:/devkitPro/libctru/lib\libctru.a(appExit.o)
                0x00107af8                __appExit
 .text.__appInit
                0x00107b28       0x30 C:/devkitPro/libctru/lib\libctru.a(appInit.o)
                0x00107b28                __appInit
 .text.__libctru_exit
                0x00107b58       0x90 C:/devkitPro/libctru/lib\libctru.a(ctru_exit.o)
                0x00107b58                __libctru_exit
 .text.error_cmp
                0x00107be8       0x24 C:/devkitPro/libctru/lib\libctru.a(archive_dev.o)
 .text.archive_translate_error
                0x00107c0c       0x50 C:/devkitPro/libctru/lib\libctru.a(archive_dev.o)
 .text.archive_seek
                0x00107c5c       0xc0 C:/devkitPro/libctru/lib\libctru.a(archive_dev.o)
 .text._archiveInit.part.0
                0x00107d1c       0x78 C:/devkitPro/libctru/lib\libctru.a(archive_dev.o)
 .text.archiveFindDevice.part.0
                0x00107d94      0x110 C:/devkitPro/libctru/lib\libctru.a(archive_dev.o)
 .text.archive_utf16path
                0x00107ea4      0x298 C:/devkitPro/libctru/lib\libctru.a(archive_dev.o)
 .text._archiveUnmountDeviceStruct.part.0
                0x0010813c       0x98 C:/devkitPro/libctru/lib\libctru.a(archive_dev.o)
 .text._archiveMountDevice
                0x001081d4      0x178 C:/devkitPro/libctru/lib\libctru.a(archive_dev.o)
 .text.archive_diropen
                0x0010834c       0xf8 C:/devkitPro/libctru/lib\libctru.a(archive_dev.o)
 .text.archive_fstat
                0x00108444       0xac C:/devkitPro/libctru/lib\libctru.a(archive_dev.o)
 .text.archive_fsync
                0x001084f0       0x74 C:/devkitPro/libctru/lib\libctru.a(archive_dev.o)
 .text.archive_close
                0x00108564       0x74 C:/devkitPro/libctru/lib\libctru.a(archive_dev.o)
 .text.archive_dirclose
                0x001085d8       0x78 C:/devkitPro/libctru/lib\libctru.a(archive_dev.o)
 .text.sdmc_statvfs
                0x00108650       0xec C:/devkitPro/libctru/lib\libctru.a(archive_dev.o)
 .text.archive_chdir
                0x0010873c       0xf8 C:/devkitPro/libctru/lib\libctru.a(archive_dev.o)
 .text.archive_ftruncate
                0x00108834       0x8c C:/devkitPro/libctru/lib\libctru.a(archive_dev.o)
 .text.archive_read
                0x001088c0       0xbc C:/devkitPro/libctru/lib\libctru.a(archive_dev.o)
 .text.archive_unlink
                0x0010897c       0xa8 C:/devkitPro/libctru/lib\libctru.a(archive_dev.o)
 .text.archive_rmdir
                0x00108a24       0xc0 C:/devkitPro/libctru/lib\libctru.a(archive_dev.o)
 .text.archive_mkdir
                0x00108ae4       0xd8 C:/devkitPro/libctru/lib\libctru.a(archive_dev.o)
 .text.archive_stat
                0x00108bbc      0x1a0 C:/devkitPro/libctru/lib\libctru.a(archive_dev.o)
 .text.archive_dirnext
                0x00108d5c      0x164 C:/devkitPro/libctru/lib\libctru.a(archive_dev.o)
 .text.archive_write
                0x00108ec0      0x13c C:/devkitPro/libctru/lib\libctru.a(archive_dev.o)
 *fill*         0x00108ffc        0x4 
 .text.archive_open
                0x00109000      0x254 C:/devkitPro/libctru/lib\libctru.a(archive_dev.o)
 .text.archive_rename
                0x00109254      0x270 C:/devkitPro/libctru/lib\libctru.a(archive_dev.o)
 .text.archiveMountSdmc
                0x001094c4      0x1c8 C:/devkitPro/libctru/lib\libctru.a(archive_dev.o)
                0x001094c4                archiveMountSdmc
 .text.archiveUnmountAll
                0x0010968c       0x54 C:/devkitPro/libctru/lib\libctru.a(archive_dev.o)
                0x0010968c                archiveUnmountAll
 .text.fsInit   0x001096e0      0x104 C:/devkitPro/libctru/lib\libctru.a(fs.o)
                0x001096e0                fsInit
 .text.fsExit   0x001097e4       0x3c C:/devkitPro/libctru/lib\libctru.a(fs.o)
                0x001097e4                fsExit
 .text.fsExemptFromSession
                0x00109820       0x68 C:/devkitPro/libctru/lib\libctru.a(fs.o)
                0x00109820                fsExemptFromSession
 .text.fsUnexemptFromSession
                0x00109888       0x50 C:/devkitPro/libctru/lib\libctru.a(fs.o)
                0x00109888                fsUnexemptFromSession
 .text.FSUSER_OpenFile
                0x001098d8       0xcc C:/devkitPro/libctru/lib\libctru.a(fs.o)
                0x001098d8                FSUSER_OpenFile
 .text.FSUSER_DeleteFile
                0x001099a4       0xb8 C:/devkitPro/libctru/lib\libctru.a(fs.o)
                0x001099a4                FSUSER_DeleteFile
 .text.FSUSER_RenameFile
                0x00109a5c       0xf4 C:/devkitPro/libctru/lib\libctru.a(fs.o)
                0x00109a5c                FSUSER_RenameFile
 .text.FSUSER_DeleteDirectory
                0x00109b50       0xb8 C:/devkitPro/libctru/lib\libctru.a(fs.o)
                0x00109b50                FSUSER_DeleteDirectory
 .text.FSUSER_CreateFile
                0x00109c08       0xd0 C:/devkitPro/libctru/lib\libctru.a(fs.o)
                0x00109c08                FSUSER_CreateFile
 .text.FSUSER_CreateDirectory
                0x00109cd8       0xc0 C:/devkitPro/libctru/lib\libctru.a(fs.o)
                0x00109cd8                FSUSER_CreateDirectory
 .text.FSUSER_RenameDirectory
                0x00109d98       0xf4 C:/devkitPro/libctru/lib\libctru.a(fs.o)
                0x00109d98                FSUSER_RenameDirectory
 .text.FSUSER_OpenDirectory
                0x00109e8c       0xb4 C:/devkitPro/libctru/lib\libctru.a(fs.o)
                0x00109e8c                FSUSER_OpenDirectory
 .text.FSUSER_OpenArchive
                0x00109f40       0x90 C:/devkitPro/libctru/lib\libctru.a(fs.o)
                0x00109f40                FSUSER_OpenArchive
 .text.FSUSER_CloseArchive
                0x00109fd0       0x8c C:/devkitPro/libctru/lib\libctru.a(fs.o)
                0x00109fd0                FSUSER_CloseArchive
 .text.FSUSER_GetSdmcArchiveResource
                0x0010a05c       0x74 C:/devkitPro/libctru/lib\libctru.a(fs.o)
                0x0010a05c                FSUSER_GetSdmcArchiveResource
 .text.FSUSER_IsSdmcWritable
                0x0010a0d0       0x64 C:/devkitPro/libctru/lib\libctru.a(fs.o)
                0x0010a0d0                FSUSER_IsSdmcWritable
 .text.FSFILE_Read
                0x0010a134       0x64 C:/devkitPro/libctru/lib\libctru.a(fs.o)
                0x0010a134                FSFILE_Read
 .text.FSFILE_Write
                0x0010a198       0x6c C:/devkitPro/libctru/lib\libctru.a(fs.o)
                0x0010a198                FSFILE_Write
 .text.FSFILE_GetSize
                0x0010a204       0x44 C:/devkitPro/libctru/lib\libctru.a(fs.o)
                0x0010a204                FSFILE_GetSize
 .text.FSFILE_SetSize
                0x0010a248       0x28 C:/devkitPro/libctru/lib\libctru.a(fs.o)
                0x0010a248                FSFILE_SetSize
 .text.FSFILE_Close
                0x0010a270       0x3c C:/devkitPro/libctru/lib\libctru.a(fs.o)
                0x0010a270                FSFILE_Close
 .text.FSFILE_Flush
                0x0010a2ac       0x24 C:/devkitPro/libctru/lib\libctru.a(fs.o)
                0x0010a2ac                FSFILE_Flush
 .text.FSDIR_Read
                0x0010a2d0       0x60 C:/devkitPro/libctru/lib\libctru.a(fs.o)
                0x0010a2d0                FSDIR_Read
 .text.FSDIR_Close
                0x0010a330       0x3c C:/devkitPro/libctru/lib\libctru.a(fs.o)
                0x0010a330                FSDIR_Close
 .text.rbtree_node_next
                0x0010a36c       0x60 C:/devkitPro/libctru/lib\libctru.a(rbtree_iterator.o)
                0x0010a36c                rbtree_node_next
 .text.decode_utf8
                0x0010a3cc      0x140 C:/devkitPro/libctru/lib\libctru.a(decode_utf8.o)
                0x0010a3cc                decode_utf8
 .text.utf16_to_utf8
                0x0010a50c       0xe8 C:/devkitPro/libctru/lib\libctru.a(utf16_to_utf8.o)
                0x0010a50c                utf16_to_utf8
 .text.utf8_to_utf16
                0x0010a5f4       0xc0 C:/devkitPro/libctru/lib\libctru.a(utf8_to_utf16.o)
                0x0010a5f4                utf8_to_utf16
 .text.__aeabi_read_tp
                0x0010a6b4        0xc C:/devkitPro/libctru/lib\libctru.a(readtp.o)
                0x0010a6b4                __aeabi_read_tp
 .text.decode_utf16
                0x0010a6c0       0x54 C:/devkitPro/libctru/lib\libctru.a(decode_utf16.o)
                0x0010a6c0                decode_utf16
 .text.encode_utf16
                0x0010a714       0x54 C:/devkitPro/libctru/lib\libctru.a(encode_utf16.o)
                0x0010a714                encode_utf16
 .text.encode_utf8
                0x0010a768       0xe0 C:/devkitPro/libctru/lib\libctru.a(encode_utf8.o)
                0x0010a768                encode_utf8
 .text.__udivmoddi4
                0x0010a848      0x130 C:/devkitPro/devkitARM/bin/../lib/gcc/arm-none-eabi/16.1.0/armv6k/fpu\libgcc.a(_udivmoddi4.o)
                0x0010a848                __udivmoddi4
 .text.strncat  0x0010a978       0xe4 C:/devkitPro/devkitARM/bin/../lib/gcc/arm-none-eabi/16.1.0/../../../../arm-none-eabi/lib/armv6k/fpu\libg.a(libc_a-strncat.o)
                0x0010a978                strncat
 .text.memcpy   0x0010aa5c      0x128 C:/devkitPro/devkitARM/bin/../lib/gcc/arm-none-eabi/16.1.0/../../../../arm-none-eabi/lib/armv6k/fpu\libg.a(libc_a-memcpy-stub.o)
                0x0010aa5c                memcpy
 .text.strlen   0x0010ab84       0x8c C:/devkitPro/devkitARM/bin/../lib/gcc/arm-none-eabi/16.1.0/../../../../arm-none-eabi/lib/armv6k/fpu\libg.a(libc_a-strlen.o)
                0x0010ab84                strlen
 .text.bsearch  0x0010ac10       0x78 C:/devkitPro/devkitARM/bin/../lib/gcc/arm-none-eabi/16.1.0/../../../../arm-none-eabi/lib/armv6k/fpu\libg.a(libc_a-bsearch.o)
                0x0010ac10                bsearch
 .text.memalign
                0x0010ac88       0x28 C:/devkitPro/devkitARM/bin/../lib/gcc/arm-none-eabi/16.1.0/../../../../arm-none-eabi/lib/armv6k/fpu\libg.a(libc_a-malign.o)
                0x0010ac88                memalign
 .text.printf   0x0010acb0       0x34 C:/devkitPro/devkitARM/bin/../lib/gcc/arm-none-eabi/16.1.0/../../../../arm-none-eabi/lib/armv6k/fpu\libg.a(libc_a-printf.o)
                0x0010acb0                printf
 .text._strtoul_l.isra.0
                0x0010ace4      0x1ec C:/devkitPro/devkitARM/bin/../lib/gcc/arm-none-eabi/16.1.0/../../../../arm-none-eabi/lib/armv6k/fpu\libg.a(libc_a-strtoul.o)
 .text.strtoul  0x0010aed0       0x3c C:/devkitPro/devkitARM/bin/../lib/gcc/arm-none-eabi/16.1.0/../../../../arm-none-eabi/lib/armv6k/fpu\libg.a(libc_a-strtoul.o)
                0x0010aed0                strtoul
 .text._memalign_r
                0x0010af0c      0x16c C:/devkitPro/devkitARM/bin/../lib/gcc/arm-none-eabi/16.1.0/../../../../arm-none-eabi/lib/armv6k/fpu\libg.a(libc_a-malignr.o)
                0x0010af0c                _memalign_r
 .text.__errno  0x0010b078        0xc C:/devkitPro/devkitARM/bin/../lib/gcc/arm-none-eabi/16.1.0/../../../../arm-none-eabi/lib/armv6k/fpu\libg.a(libc_a-errno.o)
                0x0010b078                __errno
 .text.memset   0x0010b084       0xe4 C:/devkitPro/devkitARM/bin/../lib/gcc/arm-none-eabi/16.1.0/../../../../arm-none-eabi/lib/armv6k/fpu\libg.a(libc_a-memset.o)
                0x0010b084                memset
 .text.__sflush_r
                0x0010b168      0x22c C:/devkitPro/devkitARM/bin/../lib/gcc/arm-none-eabi/16.1.0/../../../../arm-none-eabi/lib/armv6k/fpu\libg.a(libc_a-fflush.o)
                0x0010b168                __sflush_r
 .text._fflush_r
                0x0010b394       0xc4 C:/devkitPro/devkitARM/bin/../lib/gcc/arm-none-eabi/16.1.0/../../../../arm-none-eabi/lib/armv6k/fpu\libg.a(libc_a-fflush.o)
                0x0010b394                _fflush_r
 .text._malloc_r
                0x0010b458      0x82c C:/devkitPro/devkitARM/bin/../lib/gcc/arm-none-eabi/16.1.0/../../../../arm-none-eabi/lib/armv6k/fpu\libg.a(libc_a-mallocr.o)
                0x0010b458                _malloc_r
 .text._malloc_trim_r
                0x0010bc84      0x114 C:/devkitPro/devkitARM/bin/../lib/gcc/arm-none-eabi/16.1.0/../../../../arm-none-eabi/lib/armv6k/fpu\libg.a(libc_a-freer.o)
                0x0010bc84                _malloc_trim_r
 .text._free_r  0x0010bd98      0x314 C:/devkitPro/devkitARM/bin/../lib/gcc/arm-none-eabi/16.1.0/../../../../arm-none-eabi/lib/armv6k/fpu\libg.a(libc_a-freer.o)
                0x0010bd98                _free_r
 .text.setvbuf  0x0010c0ac      0x294 C:/devkitPro/devkitARM/bin/../lib/gcc/arm-none-eabi/16.1.0/../../../../arm-none-eabi/lib/armv6k/fpu\libg.a(libc_a-setvbuf.o)
                0x0010c0ac                setvbuf
 .text.stdio_exit_handler
                0x0010c340       0x1c C:/devkitPro/devkitARM/bin/../lib/gcc/arm-none-eabi/16.1.0/../../../../arm-none-eabi/lib/armv6k/fpu\libg.a(libc_a-findfp.o)
 .text.cleanup_stdio
                0x0010c35c       0x5c C:/devkitPro/devkitARM/bin/../lib/gcc/arm-none-eabi/16.1.0/../../../../arm-none-eabi/lib/armv6k/fpu\libg.a(libc_a-findfp.o)
 .text.global_stdio_init.part.0
                0x0010c3b8      0x154 C:/devkitPro/devkitARM/bin/../lib/gcc/arm-none-eabi/16.1.0/../../../../arm-none-eabi/lib/armv6k/fpu\libg.a(libc_a-findfp.o)
 .text.__sinit  0x0010c50c       0x5c C:/devkitPro/devkitARM/bin/../lib/gcc/arm-none-eabi/16.1.0/../../../../arm-none-eabi/lib/armv6k/fpu\libg.a(libc_a-findfp.o)
                0x0010c50c                __sinit
 .text.__sfp_lock_acquire
                0x0010c568        0xc C:/devkitPro/devkitARM/bin/../lib/gcc/arm-none-eabi/16.1.0/../../../../arm-none-eabi/lib/armv6k/fpu\libg.a(libc_a-findfp.o)
                0x0010c568                __sfp_lock_acquire
 .text.__sfp_lock_release
                0x0010c574        0xc C:/devkitPro/devkitARM/bin/../lib/gcc/arm-none-eabi/16.1.0/../../../../arm-none-eabi/lib/armv6k/fpu\libg.a(libc_a-findfp.o)
                0x0010c574                __sfp_lock_release
 .text.__libc_init_array
                0x0010c580       0x84 C:/devkitPro/devkitARM/bin/../lib/gcc/arm-none-eabi/16.1.0/../../../../arm-none-eabi/lib/armv6k/fpu\libg.a(libc_a-init.o)
                0x0010c580                __libc_init_array
 .text.strncpy  0x0010c604       0xd4 C:/devkitPro/devkitARM/bin/../lib/gcc/arm-none-eabi/16.1.0/../../../../arm-none-eabi/lib/armv6k/fpu\libg.a(libc_a-strncpy.o)
                0x0010c604                strncpy
 .text.malloc   0x0010c6d8       0x40 C:/devkitPro/devkitARM/bin/../lib/gcc/arm-none-eabi/16.1.0/../../../../arm-none-eabi/lib/armv6k/fpu\libg.a(libc_a-malloc.o)
                0x0010c6d8                malloc
 .text.free     0x0010c718       0x20 C:/devkitPro/devkitARM/bin/../lib/gcc/arm-none-eabi/16.1.0/../../../../arm-none-eabi/lib/armv6k/fpu\libg.a(libc_a-malloc.o)
                0x0010c718                free
 .text.__sread  0x0010c738       0x44 C:/devkitPro/devkitARM/bin/../lib/gcc/arm-none-eabi/16.1.0/../../../../arm-none-eabi/lib/armv6k/fpu\libg.a(libc_a-stdio.o)
                0x0010c738                __sread
 .text.__swrite
                0x0010c77c       0x68 C:/devkitPro/devkitARM/bin/../lib/gcc/arm-none-eabi/16.1.0/../../../../arm-none-eabi/lib/armv6k/fpu\libg.a(libc_a-stdio.o)
                0x0010c77c                __swrite
 .text.__sseek  0x0010c7e4       0x40 C:/devkitPro/devkitARM/bin/../lib/gcc/arm-none-eabi/16.1.0/../../../../arm-none-eabi/lib/armv6k/fpu\libg.a(libc_a-stdio.o)
                0x0010c7e4                __sseek
 .text.__sclose
                0x0010c824        0x8 C:/devkitPro/devkitARM/bin/../lib/gcc/arm-none-eabi/16.1.0/../../../../arm-none-eabi/lib/armv6k/fpu\libg.a(libc_a-stdio.o)
                0x0010c824                __sclose
 .text.__malloc_lock
                0x0010c82c        0xc C:/devkitPro/devkitARM/bin/../lib/gcc/arm-none-eabi/16.1.0/../../../../arm-none-eabi/lib/armv6k/fpu\libg.a(libc_a-mlock.o)
                0x0010c82c                __malloc_lock
 .text.__malloc_unlock
                0x0010c838        0xc C:/devkitPro/devkitARM/bin/../lib/gcc/arm-none-eabi/16.1.0/../../../../arm-none-eabi/lib/armv6k/fpu\libg.a(libc_a-mlock.o)
                0x0010c838                __malloc_unlock
 .text._fclose_r
                0x0010c844      0x148 C:/devkitPro/devkitARM/bin/../lib/gcc/arm-none-eabi/16.1.0/../../../../arm-none-eabi/lib/armv6k/fpu\libg.a(libc_a-fclose.o)
                0x0010c844                _fclose_r
 .text.__call_exitprocs
                0x0010c98c        0x4 C:/devkitPro/devkitARM/bin/../lib/gcc/arm-none-eabi/16.1.0/../../../../arm-none-eabi/lib/armv6k/fpu\libg.a(libc_a-exit.o)
                0x0010c98c                __call_exitprocs
 .text.exit     0x0010c990       0x30 C:/devkitPro/devkitARM/bin/../lib/gcc/arm-none-eabi/16.1.0/../../../../arm-none-eabi/lib/armv6k/fpu\libg.a(libc_a-exit.o)
                0x0010c990                exit
 .text.__libc_fini_array
                0x0010c9c0       0x3c C:/devkitPro/devkitARM/bin/../lib/gcc/arm-none-eabi/16.1.0/../../../../arm-none-eabi/lib/armv6k/fpu\libg.a(libc_a-fini.o)
                0x0010c9c0                __libc_fini_array
 .text.strnlen  0x0010c9fc       0x3c C:/devkitPro/devkitARM/bin/../lib/gcc/arm-none-eabi/16.1.0/../../../../arm-none-eabi/lib/armv6k/fpu\libg.a(libc_a-strnlen.o)
                0x0010c9fc                strnlen
 .text.strncmp  0x0010ca38       0xd8 C:/devkitPro/devkitARM/bin/../lib/gcc/arm-none-eabi/16.1.0/../../../../arm-none-eabi/lib/armv6k/fpu\libg.a(libc_a-strncmp.o)
                0x0010ca38                strncmp
 .text._fwalk_sglue
                0x0010cb10       0x70 C:/devkitPro/devkitARM/bin/../lib/gcc/arm-none-eabi/16.1.0/../../../../arm-none-eabi/lib/armv6k/fpu\libg.a(libc_a-fwalk.o)
                0x0010cb10                _fwalk_sglue
 .text.get_arg  0x0010cb80      0x5e0 C:/devkitPro/devkitARM/bin/../lib/gcc/arm-none-eabi/16.1.0/../../../../arm-none-eabi/lib/armv6k/fpu\libg.a(libc_a-vfprintf.o)
 .text._vfprintf_r
                0x0010d160     0x3554 C:/devkitPro/devkitARM/bin/../lib/gcc/arm-none-eabi/16.1.0/../../../../arm-none-eabi/lib/armv6k/fpu\libg.a(libc_a-vfprintf.o)
                0x0010d160                _vfprintf_r
 .text.__sbprintf
                0x001106b4       0xb4 C:/devkitPro/devkitARM/bin/../lib/gcc/arm-none-eabi/16.1.0/../../../../arm-none-eabi/lib/armv6k/fpu\libg.a(libc_a-vfprintf.o)
 .text._wcrtomb_r
                0x00110768       0xa0 C:/devkitPro/devkitARM/bin/../lib/gcc/arm-none-eabi/16.1.0/../../../../arm-none-eabi/lib/armv6k/fpu\libg.a(libc_a-wcrtomb.o)
                0x00110768                _wcrtomb_r
 .text.__smakebuf_r
                0x00110808      0x164 C:/devkitPro/devkitARM/bin/../lib/gcc/arm-none-eabi/16.1.0/../../../../arm-none-eabi/lib/armv6k/fpu\libg.a(libc_a-makebuf.o)
                0x00110808                __smakebuf_r
 .text.__swhatbuf_r
                0x0011096c       0x90 C:/devkitPro/devkitARM/bin/../lib/gcc/arm-none-eabi/16.1.0/../../../../arm-none-eabi/lib/armv6k/fpu\libg.a(libc_a-makebuf.o)
                0x0011096c                __swhatbuf_r
 .text.__locale_mb_cur_max
                0x001109fc       0x24 C:/devkitPro/devkitARM/bin/../lib/gcc/arm-none-eabi/16.1.0/../../../../arm-none-eabi/lib/armv6k/fpu\libg.a(libc_a-locale.o)
                0x001109fc                __locale_mb_cur_max
 .text.__sprint_r
                0x00110a20       0x30 C:/devkitPro/devkitARM/bin/../lib/gcc/arm-none-eabi/16.1.0/../../../../arm-none-eabi/lib/armv6k/fpu\libg.a(libc_a-sprint_r.o)
                0x00110a20                __sprint_r
 .text.quorem   0x00110a50      0x1c0 C:/devkitPro/devkitARM/bin/../lib/gcc/arm-none-eabi/16.1.0/../../../../arm-none-eabi/lib/armv6k/fpu\libg.a(libc_a-dtoa.o)
 .text._dtoa_r  0x00110c10     0x1420 C:/devkitPro/devkitARM/bin/../lib/gcc/arm-none-eabi/16.1.0/../../../../arm-none-eabi/lib/armv6k/fpu\libg.a(libc_a-dtoa.o)
                0x00110c10                _dtoa_r
 .text.memchr   0x00112030       0xe8 C:/devkitPro/devkitARM/bin/../lib/gcc/arm-none-eabi/16.1.0/../../../../arm-none-eabi/lib/armv6k/fpu\libg.a(libc_a-memchr-stub.o)
                0x00112030                memchr
 .text._wcsrtombs_r
                0x00112118       0x28 C:/devkitPro/devkitARM/bin/../lib/gcc/arm-none-eabi/16.1.0/../../../../arm-none-eabi/lib/armv6k/fpu\libg.a(libc_a-wcsrtombs.o)
                0x00112118                _wcsrtombs_r
 .text.__swsetup_r
                0x00112140      0x140 C:/devkitPro/devkitARM/bin/../lib/gcc/arm-none-eabi/16.1.0/../../../../arm-none-eabi/lib/armv6k/fpu\libg.a(libc_a-wsetup.o)
                0x00112140                __swsetup_r
 .text._localeconv_r
                0x00112280       0x24 C:/devkitPro/devkitARM/bin/../lib/gcc/arm-none-eabi/16.1.0/../../../../arm-none-eabi/lib/armv6k/fpu\libg.a(libc_a-localeconv.o)
                0x00112280                _localeconv_r
 .text.__utf8_wctomb
                0x001122a4       0xf8 C:/devkitPro/devkitARM/bin/../lib/gcc/arm-none-eabi/16.1.0/../../../../arm-none-eabi/lib/armv6k/fpu\libg.a(libc_a-wctomb_r.o)
                0x001122a4                __utf8_wctomb
 .text._wcsnrtombs_l
                0x0011239c      0x15c C:/devkitPro/devkitARM/bin/../lib/gcc/arm-none-eabi/16.1.0/../../../../arm-none-eabi/lib/armv6k/fpu\libg.a(libc_a-wcsnrtombs.o)
                0x0011239c                _wcsnrtombs_l
 .text._wcsnrtombs_r
                0x001124f8       0x64 C:/devkitPro/devkitARM/bin/../lib/gcc/arm-none-eabi/16.1.0/../../../../arm-none-eabi/lib/armv6k/fpu\libg.a(libc_a-wcsnrtombs.o)
                0x001124f8                _wcsnrtombs_r
 *fill*         0x0011255c        0x4 
 .text.frexp    0x00112560       0x88 C:/devkitPro/devkitARM/bin/../lib/gcc/arm-none-eabi/16.1.0/../../../../arm-none-eabi/lib/armv6k/fpu\libg.a(libm_a-s_frexp.o)
                0x00112560                frexp
 .text.__assert_func
                0x001125e8       0x5c C:/devkitPro/devkitARM/bin/../lib/gcc/arm-none-eabi/16.1.0/../../../../arm-none-eabi/lib/armv6k/fpu\libg.a(libc_a-assert.o)
                0x001125e8                __assert_func
 .text._Balloc  0x00112644       0x88 C:/devkitPro/devkitARM/bin/../lib/gcc/arm-none-eabi/16.1.0/../../../../arm-none-eabi/lib/armv6k/fpu\libg.a(libc_a-mprec.o)
                0x00112644                _Balloc
 .text._Bfree   0x001126cc       0x1c C:/devkitPro/devkitARM/bin/../lib/gcc/arm-none-eabi/16.1.0/../../../../arm-none-eabi/lib/armv6k/fpu\libg.a(libc_a-mprec.o)
                0x001126cc                _Bfree
 .text.__multadd
                0x001126e8       0xf4 C:/devkitPro/devkitARM/bin/../lib/gcc/arm-none-eabi/16.1.0/../../../../arm-none-eabi/lib/armv6k/fpu\libg.a(libc_a-mprec.o)
                0x001126e8                __multadd
 .text.__hi0bits
                0x001127dc       0x80 C:/devkitPro/devkitARM/bin/../lib/gcc/arm-none-eabi/16.1.0/../../../../arm-none-eabi/lib/armv6k/fpu\libg.a(libc_a-mprec.o)
                0x001127dc                __hi0bits
 .text.__lo0bits
                0x0011285c       0xf0 C:/devkitPro/devkitARM/bin/../lib/gcc/arm-none-eabi/16.1.0/../../../../arm-none-eabi/lib/armv6k/fpu\libg.a(libc_a-mprec.o)
                0x0011285c                __lo0bits
 .text.__i2b    0x0011294c       0xa4 C:/devkitPro/devkitARM/bin/../lib/gcc/arm-none-eabi/16.1.0/../../../../arm-none-eabi/lib/armv6k/fpu\libg.a(libc_a-mprec.o)
                0x0011294c                __i2b
 .text.__multiply
                0x001129f0      0x230 C:/devkitPro/devkitARM/bin/../lib/gcc/arm-none-eabi/16.1.0/../../../../arm-none-eabi/lib/armv6k/fpu\libg.a(libc_a-mprec.o)
                0x001129f0                __multiply
 .text.__pow5mult
                0x00112c20      0x130 C:/devkitPro/devkitARM/bin/../lib/gcc/arm-none-eabi/16.1.0/../../../../arm-none-eabi/lib/armv6k/fpu\libg.a(libc_a-mprec.o)
                0x00112c20                __pow5mult
 .text.__lshift
                0x00112d50      0x138 C:/devkitPro/devkitARM/bin/../lib/gcc/arm-none-eabi/16.1.0/../../../../arm-none-eabi/lib/armv6k/fpu\libg.a(libc_a-mprec.o)
                0x00112d50                __lshift
 .text.__mcmp   0x00112e88       0x58 C:/devkitPro/devkitARM/bin/../lib/gcc/arm-none-eabi/16.1.0/../../../../arm-none-eabi/lib/armv6k/fpu\libg.a(libc_a-mprec.o)
                0x00112e88                __mcmp
 .text.__mdiff  0x00112ee0      0x218 C:/devkitPro/devkitARM/bin/../lib/gcc/arm-none-eabi/16.1.0/../../../../arm-none-eabi/lib/armv6k/fpu\libg.a(libc_a-mprec.o)
                0x00112ee0                __mdiff
 .text.__d2b    0x001130f8      0x120 C:/devkitPro/devkitARM/bin/../lib/gcc/arm-none-eabi/16.1.0/../../../../arm-none-eabi/lib/armv6k/fpu\libg.a(libc_a-mprec.o)
                0x001130f8                __d2b
 .text.__utf8_mbtowc
                0x00113218      0x340 C:/devkitPro/devkitARM/bin/../lib/gcc/arm-none-eabi/16.1.0/../../../../arm-none-eabi/lib/armv6k/fpu\libg.a(libc_a-mbtowc_r.o)
                0x00113218                __utf8_mbtowc
 .text.fiprintf
                0x00113558       0x3c C:/devkitPro/devkitARM/bin/../lib/gcc/arm-none-eabi/16.1.0/../../../../arm-none-eabi/lib/armv6k/fpu\libg.a(libc_a-fiprintf.o)
                0x00113558                fiprintf
 .text.__sfvwrite_r
                0x00113594      0x4a4 C:/devkitPro/devkitARM/bin/../lib/gcc/arm-none-eabi/16.1.0/../../../../arm-none-eabi/lib/armv6k/fpu\libg.a(libc_a-fvwrite.o)
                0x00113594                __sfvwrite_r
 .text.strchr   0x00113a38      0x140 C:/devkitPro/devkitARM/bin/../lib/gcc/arm-none-eabi/16.1.0/../../../../arm-none-eabi/lib/armv6k/fpu\libg.a(libc_a-strchr.o)
                0x00113a38                strchr
 .text.abort    0x00113b78       0x14 C:/devkitPro/devkitARM/bin/../lib/gcc/arm-none-eabi/16.1.0/../../../../arm-none-eabi/lib/armv6k/fpu\libg.a(libc_a-abort.o)
                0x00113b78                abort
 .text._calloc_r
                0x00113b8c       0xd8 C:/devkitPro/devkitARM/bin/../lib/gcc/arm-none-eabi/16.1.0/../../../../arm-none-eabi/lib/armv6k/fpu\libg.a(libc_a-callocr.o)
                0x00113b8c                _calloc_r
 .text.memmove  0x00113c64      0x1a8 C:/devkitPro/devkitARM/bin/../lib/gcc/arm-none-eabi/16.1.0/../../../../arm-none-eabi/lib/armv6k/fpu\libg.a(libc_a-memmove.o)
                0x00113c64                memmove
 .text._realloc_r
                0x00113e0c      0x4f0 C:/devkitPro/devkitARM/bin/../lib/gcc/arm-none-eabi/16.1.0/../../../../arm-none-eabi/lib/armv6k/fpu\libg.a(libc_a-reallocr.o)
                0x00113e0c                _realloc_r
 .text.get_arg  0x001142fc      0x5e0 C:/devkitPro/devkitARM/bin/../lib/gcc/arm-none-eabi/16.1.0/../../../../arm-none-eabi/lib/armv6k/fpu\libg.a(libc_a-vfiprintf.o)
 .text._vfiprintf_r
                0x001148dc     0x22f8 C:/devkitPro/devkitARM/bin/../lib/gcc/arm-none-eabi/16.1.0/../../../../arm-none-eabi/lib/armv6k/fpu\libg.a(libc_a-vfiprintf.o)
                0x001148dc                _vfiprintf_r
 .text.__sbprintf
                0x00116bd4       0xb4 C:/devkitPro/devkitARM/bin/../lib/gcc/arm-none-eabi/16.1.0/../../../../arm-none-eabi/lib/armv6k/fpu\libg.a(libc_a-vfiprintf.o)
 .text._raise_r
                0x00116c88       0x9c C:/devkitPro/devkitARM/bin/../lib/gcc/arm-none-eabi/16.1.0/../../../../arm-none-eabi/lib/armv6k/fpu\libg.a(libc_a-signal.o)
                0x00116c88                _raise_r
 .text.raise    0x00116d24       0x20 C:/devkitPro/devkitARM/bin/../lib/gcc/arm-none-eabi/16.1.0/../../../../arm-none-eabi/lib/armv6k/fpu\libg.a(libc_a-signal.o)
                0x00116d24                raise
 .text._exit    0x00116d44       0x20 C:/devkitPro/devkitARM/bin/../lib/gcc/arm-none-eabi/16.1.0/../../../../arm-none-eabi/lib/armv6k/fpu\libsysbase.a(libsysbase_libsysbase_a-_exit.o)
                0x00116d44                _exit
 .text.chdir    0x00116d64      0x140 C:/devkitPro/devkitARM/bin/../lib/gcc/arm-none-eabi/16.1.0/../../../../arm-none-eabi/lib/armv6k/fpu\libsysbase.a(libsysbase_libsysbase_a-chdir.o)
                0x00116d64                chdir
 .text._concatenate_path
                0x00116ea4      0x1c8 C:/devkitPro/devkitARM/bin/../lib/gcc/arm-none-eabi/16.1.0/../../../../arm-none-eabi/lib/armv6k/fpu\libsysbase.a(libsysbase_libsysbase_a-concatenate.o)
                0x00116ea4                _concatenate_path
 .text._fstat_r
                0x0011706c       0x9c C:/devkitPro/devkitARM/bin/../lib/gcc/arm-none-eabi/16.1.0/../../../../arm-none-eabi/lib/armv6k/fpu\libsysbase.a(libsysbase_libsysbase_a-fstat.o)
                0x0011706c                _fstat_r
 .text._getpid_r
                0x00117108       0x14 C:/devkitPro/devkitARM/bin/../lib/gcc/arm-none-eabi/16.1.0/../../../../arm-none-eabi/lib/armv6k/fpu\libsysbase.a(libsysbase_libsysbase_a-getpid.o)
                0x00117108                _getpid_r
 .text.__getreent
                0x0011711c       0x2c C:/devkitPro/devkitARM/bin/../lib/gcc/arm-none-eabi/16.1.0/../../../../arm-none-eabi/lib/armv6k/fpu\libsysbase.a(libsysbase_libsysbase_a-getreent.o)
                0x0011711c                __getreent
 .text.__get_handle
                0x00117148       0x58 C:/devkitPro/devkitARM/bin/../lib/gcc/arm-none-eabi/16.1.0/../../../../arm-none-eabi/lib/armv6k/fpu\libsysbase.a(libsysbase_libsysbase_a-handle_manager.o)
                0x00117148                __get_handle
 .text._close_r
                0x001171a0      0x110 C:/devkitPro/devkitARM/bin/../lib/gcc/arm-none-eabi/16.1.0/../../../../arm-none-eabi/lib/armv6k/fpu\libsysbase.a(libsysbase_libsysbase_a-handle_manager.o)
                0x001171a0                _close_r
 .text.null_write
                0x001172b0        0x8 C:/devkitPro/devkitARM/bin/../lib/gcc/arm-none-eabi/16.1.0/../../../../arm-none-eabi/lib/armv6k/fpu\libsysbase.a(libsysbase_libsysbase_a-iosupport.o)
 .text.setDefaultDevice
                0x001172b8       0x18 C:/devkitPro/devkitARM/bin/../lib/gcc/arm-none-eabi/16.1.0/../../../../arm-none-eabi/lib/armv6k/fpu\libsysbase.a(libsysbase_libsysbase_a-iosupport.o)
                0x001172b8                setDefaultDevice
 .text.FindDevice
                0x001172d0       0x98 C:/devkitPro/devkitARM/bin/../lib/gcc/arm-none-eabi/16.1.0/../../../../arm-none-eabi/lib/armv6k/fpu\libsysbase.a(libsysbase_libsysbase_a-iosupport.o)
                0x001172d0                FindDevice
 .text.RemoveDevice
                0x00117368       0x24 C:/devkitPro/devkitARM/bin/../lib/gcc/arm-none-eabi/16.1.0/../../../../arm-none-eabi/lib/armv6k/fpu\libsysbase.a(libsysbase_libsysbase_a-iosupport.o)
                0x00117368                RemoveDevice
 .text.AddDevice
                0x0011738c       0x88 C:/devkitPro/devkitARM/bin/../lib/gcc/arm-none-eabi/16.1.0/../../../../arm-none-eabi/lib/armv6k/fpu\libsysbase.a(libsysbase_libsysbase_a-iosupport.o)
                0x0011738c                AddDevice
 .text.GetDeviceOpTab
                0x00117414       0x20 C:/devkitPro/devkitARM/bin/../lib/gcc/arm-none-eabi/16.1.0/../../../../arm-none-eabi/lib/armv6k/fpu\libsysbase.a(libsysbase_libsysbase_a-iosupport.o)
                0x00117414                GetDeviceOpTab
 .text._isatty_r
                0x00117434        0x8 C:/devkitPro/devkitARM/bin/../lib/gcc/arm-none-eabi/16.1.0/../../../../arm-none-eabi/lib/armv6k/fpu\libsysbase.a(libsysbase_libsysbase_a-isatty.o)
                0x00117434                _isatty_r
 .text._kill_r  0x0011743c       0x14 C:/devkitPro/devkitARM/bin/../lib/gcc/arm-none-eabi/16.1.0/../../../../arm-none-eabi/lib/armv6k/fpu\libsysbase.a(libsysbase_libsysbase_a-kill.o)
                0x0011743c                _kill_r
 .text._lseek_r
                0x00117450       0x94 C:/devkitPro/devkitARM/bin/../lib/gcc/arm-none-eabi/16.1.0/../../../../arm-none-eabi/lib/armv6k/fpu\libsysbase.a(libsysbase_libsysbase_a-lseek.o)
                0x00117450                _lseek_r
 .text._read_r  0x001174e4       0x94 C:/devkitPro/devkitARM/bin/../lib/gcc/arm-none-eabi/16.1.0/../../../../arm-none-eabi/lib/armv6k/fpu\libsysbase.a(libsysbase_libsysbase_a-read.o)
                0x001174e4                _read_r
 .text._sbrk_r  0x00117578       0x78 C:/devkitPro/devkitARM/bin/../lib/gcc/arm-none-eabi/16.1.0/../../../../arm-none-eabi/lib/armv6k/fpu\libsysbase.a(libsysbase_libsysbase_a-sbrk.o)
                0x00117578                _sbrk_r
 .text.__libc_lock_acquire
                0x001175f0       0x1c C:/devkitPro/devkitARM/bin/../lib/gcc/arm-none-eabi/16.1.0/../../../../arm-none-eabi/lib/armv6k/fpu\libsysbase.a(libsysbase_libsysbase_a-syscall_support.o)
                0x001175f0                __libc_lock_acquire
 .text.__libc_lock_release
                0x0011760c       0x1c C:/devkitPro/devkitARM/bin/../lib/gcc/arm-none-eabi/16.1.0/../../../../arm-none-eabi/lib/armv6k/fpu\libsysbase.a(libsysbase_libsysbase_a-syscall_support.o)
                0x0011760c                __libc_lock_release
 .text.__libc_lock_acquire_recursive
                0x00117628       0x1c C:/devkitPro/devkitARM/bin/../lib/gcc/arm-none-eabi/16.1.0/../../../../arm-none-eabi/lib/armv6k/fpu\libsysbase.a(libsysbase_libsysbase_a-syscall_support.o)
                0x00117628                __libc_lock_acquire_recursive
 .text.__libc_lock_release_recursive
                0x00117644       0x1c C:/devkitPro/devkitARM/bin/../lib/gcc/arm-none-eabi/16.1.0/../../../../arm-none-eabi/lib/armv6k/fpu\libsysbase.a(libsysbase_libsysbase_a-syscall_support.o)
                0x00117644                __libc_lock_release_recursive
 .text._write_r
                0x00117660       0x94 C:/devkitPro/devkitARM/bin/../lib/gcc/arm-none-eabi/16.1.0/../../../../arm-none-eabi/lib/armv6k/fpu\libsysbase.a(libsysbase_libsysbase_a-write.o)
                0x00117660                _write_r
 .text.strrchr  0x001176f4       0x48 C:/devkitPro/devkitARM/bin/../lib/gcc/arm-none-eabi/16.1.0/../../../../arm-none-eabi/lib/armv6k/fpu\libg.a(libc_a-strrchr.o)
                0x001176f4                strrchr
 *(.glue_7)
 .glue_7        0x0011773c        0x0 linker stubs
 *(.glue_7t)
 .glue_7t       0x0011773c        0x0 linker stubs
 *(.stub)
 *(.gnu.warning)
 *(.gnu.linkonce.t*)
                0x0011773c                        . = ALIGN (0x4)
 *(.fini)
 .fini          0x0011773c        0xc C:/devkitPro/devkitARM/bin/../lib/gcc/arm-none-eabi/16.1.0/armv6k/fpu/crti.o
                0x0011773c                _fini
 .fini          0x00117748        0xc C:/devkitPro/devkitARM/bin/../lib/gcc/arm-none-eabi/16.1.0/armv6k/fpu/crtn.o
                0x00117754                        . = ALIGN (0x4)

.vfp11_veneer   0x00117754        0x0
 .vfp11_veneer  0x00117754        0x0 linker stubs

.v4_bx          0x00117754        0x0
 .v4_bx         0x00117754        0x0 linker stubs

.iplt           0x00117754        0x0
 .iplt          0x00117754        0x0 C:/devkitPro/devkitARM/bin/../lib/gcc/arm-none-eabi/16.1.0/../../../../arm-none-eabi/lib/armv6k/fpu/3dsx_crt0.o
                0x00118000                        . = ALIGN (0x1000)

.rodata         0x00118000     0x1540
 *(.rodata)
 .rodata        0x00118000        0xc C:/devkitPro/libctru/lib\libctru.a(archive_dev.o)
 *(.roda)
 *(.rodata.*)
 .rodata.str1.4
                0x0011800c      0x27d main.o
                                 0x45 (size before relaxing)
 .rodata.consolePrintChar
                0x00118289        0x6 C:/devkitPro/libctru/lib\libctru.a(console.o)
 *fill*         0x0011828f        0x1 
 .rodata.con_write
                0x00118290      0x23c C:/devkitPro/libctru/lib\libctru.a(console.o)
 .rodata.str1.4
                0x001184cc        0x0 C:/devkitPro/libctru/lib\libctru.a(console.o)
                                 0x10 (size before relaxing)
 .rodata.dotab_stdout
                0x001184cc       0x80 C:/devkitPro/libctru/lib\libctru.a(console.o)
 .rodata.grayScale
                0x0011854c       0x18 C:/devkitPro/libctru/lib\libctru.a(console.o)
 .rodata.colorCube
                0x00118564        0x6 C:/devkitPro/libctru/lib\libctru.a(console.o)
 *fill*         0x0011856a        0x2 
 .rodata.colorTable
                0x0011856c       0x30 C:/devkitPro/libctru/lib\libctru.a(console.o)
 .rodata.aptEventHandler
                0x0011859c        0xb C:/devkitPro/libctru/lib\libctru.a(apt.o)
 .rodata.aptWaitForWakeUp.isra.0
                0x001185a7       0x11 C:/devkitPro/libctru/lib\libctru.a(apt.o)
 .rodata.morton_y.2
                0x001185b8        0x8 C:/devkitPro/libctru/lib\libctru.a(apt.o)
 .rodata.morton_x.3
                0x001185c0        0x8 C:/devkitPro/libctru/lib\libctru.a(apt.o)
 .rodata.s_sleepWakeEvents.4
                0x001185c8        0x8 C:/devkitPro/libctru/lib\libctru.a(apt.o)
 .rodata.str1.4
                0x001185d0        0x0 C:/devkitPro/libctru/lib\libctru.a(apt.o)
                                 0x16 (size before relaxing)
 .rodata.serviceNameTable.5
                0x001185d0        0xc C:/devkitPro/libctru/lib\libctru.a(apt.o)
 .rodata.gspInit.str1.4
                0x001185dc        0x0 C:/devkitPro/libctru/lib\libctru.a(gspgpu.o)
                                  0x9 (size before relaxing)
 .rodata.hidInit.str1.4
                0x001185dc        0x0 C:/devkitPro/libctru/lib\libctru.a(hid.o)
                                 0x15 (size before relaxing)
 .rodata.irrstInit.str1.4
                0x001185dc        0x0 C:/devkitPro/libctru/lib\libctru.a(irrst.o)
                                  0x7 (size before relaxing)
 .rodata.__system_initArgv.str1.4
                0x001185dc        0x0 C:/devkitPro/libctru/lib\libctru.a(initArgv.o)
                                  0xa (size before relaxing)
 .rodata.default_font_bin
                0x001185dc      0x800 C:/devkitPro/libctru/lib\libctru.a(default_font.bin.o)
                0x001185dc                default_font_bin
                0x00118ddc                default_font_bin_end
 .rodata.srvInit.str1.4
                0x00118ddc        0x0 C:/devkitPro/libctru/lib\libctru.a(srv.o)
                                  0x5 (size before relaxing)
 .rodata.ptmSysmInit.str1.4
                0x00118ddc        0x0 C:/devkitPro/libctru/lib\libctru.a(ptmsysm.o)
                                  0x9 (size before relaxing)
 .rodata.archive_utf16path.str1.4
                0x00118ddc        0x0 C:/devkitPro/libctru/lib\libctru.a(archive_dev.o)
                                  0x2 (size before relaxing)
 .rodata._archiveUnmountDeviceStruct.part.0.str1.4
                0x00118ddc        0x0 C:/devkitPro/libctru/lib\libctru.a(archive_dev.o)
                                  0x2 (size before relaxing)
 .rodata._archiveMountDevice.str1.4
                0x00118ddc        0x0 C:/devkitPro/libctru/lib\libctru.a(archive_dev.o)
                                  0xc (size before relaxing)
 .rodata.archiveMountSdmc.str1.4
                0x00118ddc        0x0 C:/devkitPro/libctru/lib\libctru.a(archive_dev.o)
                                  0x5 (size before relaxing)
 .rodata.error_table
                0x00118ddc       0x30 C:/devkitPro/libctru/lib\libctru.a(archive_dev.o)
 .rodata.str1.4
                0x00118e0c        0x0 C:/devkitPro/libctru/lib\libctru.a(archive_dev.o)
                                  0x8 (size before relaxing)
 .rodata.archive_devoptab
                0x00118e0c       0x80 C:/devkitPro/libctru/lib\libctru.a(archive_dev.o)
 .rodata.fsInit.str1.4
                0x00118e8c        0x0 C:/devkitPro/libctru/lib\libctru.a(fs.o)
                                  0x8 (size before relaxing)
 .rodata._ctype_
                0x00118e8c      0x101 C:/devkitPro/devkitARM/bin/../lib/gcc/arm-none-eabi/16.1.0/../../../../arm-none-eabi/lib/armv6k/fpu\libg.a(libc_a-ctype_.o)
                0x00118e8c                _ctype_
 *fill*         0x00118f8d        0x1 
 .rodata.get_arg
                0x00118f8e       0x34 C:/devkitPro/devkitARM/bin/../lib/gcc/arm-none-eabi/16.1.0/../../../../arm-none-eabi/lib/armv6k/fpu\libg.a(libc_a-vfprintf.o)
 .rodata._vfprintf_r.str1.1
                0x00118fc2       0x3b C:/devkitPro/devkitARM/bin/../lib/gcc/arm-none-eabi/16.1.0/../../../../arm-none-eabi/lib/armv6k/fpu\libg.a(libc_a-vfprintf.o)
 *fill*         0x00118ffd        0x1 
 .rodata._vfprintf_r
                0x00118ffe       0xb6 C:/devkitPro/devkitARM/bin/../lib/gcc/arm-none-eabi/16.1.0/../../../../arm-none-eabi/lib/armv6k/fpu\libg.a(libc_a-vfprintf.o)
 .rodata.zeroes.0
                0x001190b4       0x10 C:/devkitPro/devkitARM/bin/../lib/gcc/arm-none-eabi/16.1.0/../../../../arm-none-eabi/lib/armv6k/fpu\libg.a(libc_a-vfprintf.o)
 .rodata.blanks.1
                0x001190c4       0x10 C:/devkitPro/devkitARM/bin/../lib/gcc/arm-none-eabi/16.1.0/../../../../arm-none-eabi/lib/armv6k/fpu\libg.a(libc_a-vfprintf.o)
 .rodata.__action_table
                0x001190d4       0x6c C:/devkitPro/devkitARM/bin/../lib/gcc/arm-none-eabi/16.1.0/../../../../arm-none-eabi/lib/armv6k/fpu\libg.a(libc_a-svfiprintf.o)
                0x001190d4                __action_table
 .rodata.__state_table
                0x00119140       0x6c C:/devkitPro/devkitARM/bin/../lib/gcc/arm-none-eabi/16.1.0/../../../../arm-none-eabi/lib/armv6k/fpu\libg.a(libc_a-svfiprintf.o)
                0x00119140                __state_table
 .rodata.__chclass
                0x001191ac      0x100 C:/devkitPro/devkitARM/bin/../lib/gcc/arm-none-eabi/16.1.0/../../../../arm-none-eabi/lib/armv6k/fpu\libg.a(libc_a-svfiprintf.o)
                0x001191ac                __chclass
 .rodata.str1.4
                0x001192ac        0x0 C:/devkitPro/devkitARM/bin/../lib/gcc/arm-none-eabi/16.1.0/../../../../arm-none-eabi/lib/armv6k/fpu\libg.a(libc_a-locale.o)
                                 0x4c (size before relaxing)
 .rodata._dtoa_r.str1.4
                0x001192ac        0x0 C:/devkitPro/devkitARM/bin/../lib/gcc/arm-none-eabi/16.1.0/../../../../arm-none-eabi/lib/armv6k/fpu\libg.a(libc_a-dtoa.o)
                                 0x9c (size before relaxing)
 .rodata._dtoa_r
                0x001192ac        0x8 C:/devkitPro/devkitARM/bin/../lib/gcc/arm-none-eabi/16.1.0/../../../../arm-none-eabi/lib/armv6k/fpu\libg.a(libc_a-dtoa.o)
 .rodata.__assert_func.str1.4
                0x001192b4        0x0 C:/devkitPro/devkitARM/bin/../lib/gcc/arm-none-eabi/16.1.0/../../../../arm-none-eabi/lib/armv6k/fpu\libg.a(libc_a-assert.o)
                                 0x43 (size before relaxing)
 .rodata.__multadd.str1.4
                0x001192b4        0x0 C:/devkitPro/devkitARM/bin/../lib/gcc/arm-none-eabi/16.1.0/../../../../arm-none-eabi/lib/armv6k/fpu\libg.a(libc_a-mprec.o)
                                 0x89 (size before relaxing)
 .rodata.p05.0  0x001192b4        0xc C:/devkitPro/devkitARM/bin/../lib/gcc/arm-none-eabi/16.1.0/../../../../arm-none-eabi/lib/armv6k/fpu\libg.a(libc_a-mprec.o)
 .rodata.__mprec_bigtens
                0x001192c0       0x28 C:/devkitPro/devkitARM/bin/../lib/gcc/arm-none-eabi/16.1.0/../../../../arm-none-eabi/lib/armv6k/fpu\libg.a(libc_a-mprec.o)
                0x001192c0                __mprec_bigtens
 .rodata.__mprec_tens
                0x001192e8       0xc8 C:/devkitPro/devkitARM/bin/../lib/gcc/arm-none-eabi/16.1.0/../../../../arm-none-eabi/lib/armv6k/fpu\libg.a(libc_a-mprec.o)
                0x001192e8                __mprec_tens
 .rodata.get_arg
                0x001193b0       0x34 C:/devkitPro/devkitARM/bin/../lib/gcc/arm-none-eabi/16.1.0/../../../../arm-none-eabi/lib/armv6k/fpu\libg.a(libc_a-vfiprintf.o)
 .rodata._vfiprintf_r.str1.1
                0x001193e4        0x0 C:/devkitPro/devkitARM/bin/../lib/gcc/arm-none-eabi/16.1.0/../../../../arm-none-eabi/lib/armv6k/fpu\libg.a(libc_a-vfiprintf.o)
                                 0x29 (size before relaxing)
 .rodata._vfiprintf_r
                0x001193e4       0xb6 C:/devkitPro/devkitARM/bin/../lib/gcc/arm-none-eabi/16.1.0/../../../../arm-none-eabi/lib/armv6k/fpu\libg.a(libc_a-vfiprintf.o)
 *fill*         0x0011949a        0x2 
 .rodata.zeroes.0
                0x0011949c       0x10 C:/devkitPro/devkitARM/bin/../lib/gcc/arm-none-eabi/16.1.0/../../../../arm-none-eabi/lib/armv6k/fpu\libg.a(libc_a-vfiprintf.o)
 .rodata.blanks.1
                0x001194ac       0x10 C:/devkitPro/devkitARM/bin/../lib/gcc/arm-none-eabi/16.1.0/../../../../arm-none-eabi/lib/armv6k/fpu\libg.a(libc_a-vfiprintf.o)
 .rodata.str1.4
                0x001194bc        0x0 C:/devkitPro/devkitARM/bin/../lib/gcc/arm-none-eabi/16.1.0/../../../../arm-none-eabi/lib/armv6k/fpu\libsysbase.a(libsysbase_libsysbase_a-iosupport.o)
                                  0x8 (size before relaxing)
 .rodata.dotab_stdnull
                0x001194bc       0x80 C:/devkitPro/devkitARM/bin/../lib/gcc/arm-none-eabi/16.1.0/../../../../arm-none-eabi/lib/armv6k/fpu\libsysbase.a(libsysbase_libsysbase_a-iosupport.o)
                0x001194bc                dotab_stdnull
 *all.rodata*(*)
 *(.gnu.linkonce.r*)
                0x0011953c                        . = ALIGN (0x4)
                0x0011953c                        __tdata_align = .
                0x0011953c        0x4 LONG 0x4 ALIGNOF (.tdata)
                0x00119540                        . = ALIGN (0x4)

.eh_frame       0x00119540        0x0
 .eh_frame      0x00119540        0x0 C:/devkitPro/devkitARM/bin/../lib/gcc/arm-none-eabi/16.1.0/armv6k/fpu/crtbegin.o

.rel.dyn        0x00119540        0x0
 .rel.iplt      0x00119540        0x0 C:/devkitPro/devkitARM/bin/../lib/gcc/arm-none-eabi/16.1.0/../../../../arm-none-eabi/lib/armv6k/fpu/3dsx_crt0.o
 .rel.got       0x00119540        0x0 C:/devkitPro/devkitARM/bin/../lib/gcc/arm-none-eabi/16.1.0/../../../../arm-none-eabi/lib/armv6k/fpu/3dsx_crt0.o

.ARM.extab
 *(.ARM.extab* .gnu.linkonce.armextab.*)
                0x00119540                        __exidx_start = .

.ARM.exidx
 *(.ARM.exidx* .gnu.linkonce.armexidx.*)
                0x00119540                        __exidx_end = .
                0x0011a000                        . = ALIGN (0x1000)

.data           0x0011a000     0x1d8c
 *(.data)
 *(.data.*)
 .data.firstConsoleInit.0
                0x0011a000        0x1 C:/devkitPro/libctru/lib\libctru.a(console.o)
 *fill*         0x0011a001        0x3 
 .data.currentConsole
                0x0011a004        0x4 C:/devkitPro/libctru/lib\libctru.a(console.o)
                0x0011a004                currentConsole
 .data.defaultConsole
                0x0011a008       0x48 C:/devkitPro/libctru/lib\libctru.a(console.o)
                0x0011a008                defaultConsole
 .data.aptChainloadDeliverArgSize
                0x0011a050        0x4 C:/devkitPro/libctru/lib\libctru.a(apt.o)
 .data.kCount   0x0011a054        0x4 C:/devkitPro/libctru/lib\libctru.a(hid.o)
 .data.kInterval
                0x0011a058        0x4 C:/devkitPro/libctru/lib\libctru.a(hid.o)
 .data.kDelay   0x0011a05c        0x4 C:/devkitPro/libctru/lib\libctru.a(hid.o)
 .data.__stacksize__
                0x0011a060        0x4 C:/devkitPro/libctru/lib\libctru.a(stack_adjust.o)
                0x0011a060                __stacksize__
 .data._impure_ptr
                0x0011a064        0x4 C:/devkitPro/devkitARM/bin/../lib/gcc/arm-none-eabi/16.1.0/../../../../arm-none-eabi/lib/armv6k/fpu\libg.a(libc_a-impure.o)
                0x0011a064                _impure_ptr
 .data._impure_data
                0x0011a068      0x200 C:/devkitPro/devkitARM/bin/../lib/gcc/arm-none-eabi/16.1.0/../../../../arm-none-eabi/lib/armv6k/fpu\libg.a(libc_a-impure.o)
                0x0011a068                _impure_data
 .data.__malloc_sbrk_base
                0x0011a268        0x4 C:/devkitPro/devkitARM/bin/../lib/gcc/arm-none-eabi/16.1.0/../../../../arm-none-eabi/lib/armv6k/fpu\libg.a(libc_a-mallocr.o)
                0x0011a268                __malloc_sbrk_base
 .data.__malloc_trim_threshold
                0x0011a26c        0x4 C:/devkitPro/devkitARM/bin/../lib/gcc/arm-none-eabi/16.1.0/../../../../arm-none-eabi/lib/armv6k/fpu\libg.a(libc_a-mallocr.o)
                0x0011a26c                __malloc_trim_threshold
 .data.__malloc_av_
                0x0011a270      0x408 C:/devkitPro/devkitARM/bin/../lib/gcc/arm-none-eabi/16.1.0/../../../../arm-none-eabi/lib/armv6k/fpu\libg.a(libc_a-mallocr.o)
                0x0011a270                __malloc_av_
 .data.__sglue  0x0011a678        0xc C:/devkitPro/devkitARM/bin/../lib/gcc/arm-none-eabi/16.1.0/../../../../arm-none-eabi/lib/armv6k/fpu\libg.a(libc_a-findfp.o)
                0x0011a678                __sglue
 .data.__global_locale
                0x0011a684      0x254 C:/devkitPro/devkitARM/bin/../lib/gcc/arm-none-eabi/16.1.0/../../../../arm-none-eabi/lib/armv6k/fpu\libg.a(libc_a-locale.o)
                0x0011a684                __global_locale
 .data._current_working_directory
                0x0011a8d8      0x400 C:/devkitPro/devkitARM/bin/../lib/gcc/arm-none-eabi/16.1.0/../../../../arm-none-eabi/lib/armv6k/fpu\libsysbase.a(libsysbase_libsysbase_a-chdir.o)
 .data.handles  0x0011acd8     0x1000 C:/devkitPro/devkitARM/bin/../lib/gcc/arm-none-eabi/16.1.0/../../../../arm-none-eabi/lib/armv6k/fpu\libsysbase.a(libsysbase_libsysbase_a-handle_manager.o)
 .data.__stderr_handle
                0x0011bcd8        0xc C:/devkitPro/devkitARM/bin/../lib/gcc/arm-none-eabi/16.1.0/../../../../arm-none-eabi/lib/armv6k/fpu\libsysbase.a(libsysbase_libsysbase_a-handle_manager.o)
 .data.__stdout_handle
                0x0011bce4        0xc C:/devkitPro/devkitARM/bin/../lib/gcc/arm-none-eabi/16.1.0/../../../../arm-none-eabi/lib/armv6k/fpu\libsysbase.a(libsysbase_libsysbase_a-handle_manager.o)
 .data.__stdin_handle
                0x0011bcf0        0xc C:/devkitPro/devkitARM/bin/../lib/gcc/arm-none-eabi/16.1.0/../../../../arm-none-eabi/lib/armv6k/fpu\libsysbase.a(libsysbase_libsysbase_a-handle_manager.o)
 .data.devoptab_list
                0x0011bcfc       0x8c C:/devkitPro/devkitARM/bin/../lib/gcc/arm-none-eabi/16.1.0/../../../../arm-none-eabi/lib/armv6k/fpu\libsysbase.a(libsysbase_libsysbase_a-iosupport.o)
                0x0011bcfc                devoptab_list
 .data.defaultDevice
                0x0011bd88        0x4 C:/devkitPro/devkitARM/bin/../lib/gcc/arm-none-eabi/16.1.0/../../../../arm-none-eabi/lib/armv6k/fpu\libsysbase.a(libsysbase_libsysbase_a-iosupport.o)
 *(.gnu.linkonce.d*)
                0x0011bd8c                        . = ALIGN (0x4)

.igot.plt       0x0011bd8c        0x0
 .igot.plt      0x0011bd8c        0x0 C:/devkitPro/devkitARM/bin/../lib/gcc/arm-none-eabi/16.1.0/../../../../arm-none-eabi/lib/armv6k/fpu/3dsx_crt0.o

.got            0x0011bd8c        0x8
 .got           0x0011bd8c        0x8 C:/devkitPro/devkitARM/bin/../lib/gcc/arm-none-eabi/16.1.0/../../../../arm-none-eabi/lib/armv6k/fpu/3dsx_crt0.o

.got.plt        0x0011bd94        0xc
 .got.plt       0x0011bd94        0xc C:/devkitPro/devkitARM/bin/../lib/gcc/arm-none-eabi/16.1.0/../../../../arm-none-eabi/lib/armv6k/fpu/3dsx_crt0.o
                0x0011bd94                _GLOBAL_OFFSET_TABLE_

.tdata          0x0011bda0        0x0
                0x0011bda0                        __tdata_lma = .
 *(.tdata)
 *(.tdata.*)
 *(.gnu.linkonce.td.*)
                0x0011bda0                        . = ALIGN (0x4)
                0x0011bda0                        __tdata_lma_end = .

.tbss           0x0011bda0      0xc08
 *(.tbss)
 *(.tbss.*)
 .tbss.__ctru_dev_utf16_buf
                0x0011bda0      0x802 C:/devkitPro/libctru/lib\libctru.a(path_buf.o)
                0x0011bda0                __ctru_dev_utf16_buf
 *fill*         0x0011c5a2        0x2 
 .tbss.__ctru_dev_path_buf
                0x0011c5a4      0x401 C:/devkitPro/libctru/lib\libctru.a(path_buf.o)
                0x0011c5a4                __ctru_dev_path_buf
 *(.gnu.linkonce.tb.*)
 *(.tcommon)
                0x0011c9a8                        . = ALIGN (0x4)
 *fill*         0x0011c9a5        0x3 

.preinit_array  0x0011bda0        0x0
                0x0011bda0                        PROVIDE (__preinit_array_start = .)
 *(.preinit_array)
                0x0011bda0                        PROVIDE (__preinit_array_end = .)

.init_array     0x0011bda0        0x4
                0x0011bda0                        PROVIDE (__init_array_start = .)
 *(SORT_BY_NAME(.init_array.*))
 *(.init_array)
 .init_array    0x0011bda0        0x4 C:/devkitPro/devkitARM/bin/../lib/gcc/arm-none-eabi/16.1.0/armv6k/fpu/crtbegin.o
                0x0011bda4                        PROVIDE (__init_array_end = .)

.fini_array     0x0011bda4        0x4
                0x0011bda4                        PROVIDE (__fini_array_start = .)
 *(.fini_array)
 .fini_array    0x0011bda4        0x4 C:/devkitPro/devkitARM/bin/../lib/gcc/arm-none-eabi/16.1.0/armv6k/fpu/crtbegin.o
 *(SORT_BY_NAME(.fini_array.*))
                0x0011bda8                        PROVIDE (__fini_array_end = .)

.ctors
 *crtbegin.o(.ctors)
 *(EXCLUDE_FILE(*crtend.o) .ctors)
 *(SORT_BY_NAME(.ctors.*))
 *(.ctors)

.dtors
 *crtbegin.o(.dtors)
 *(EXCLUDE_FILE(*crtend.o) .dtors)
 *(SORT_BY_NAME(.dtors.*))
 *(.dtors)
                0x0011bda8                        __bss_start__ = .

.bss            0x0011bda8     0x2e28
 *(.dynbss)
 *(.bss)
 *(.bss.*)
 .bss.completed.1
                0x0011bda8        0x1 C:/devkitPro/devkitARM/bin/../lib/gcc/arm-none-eabi/16.1.0/armv6k/fpu/crtbegin.o
 *fill*         0x0011bda9        0x3 
 .bss.object.0  0x0011bdac       0x18 C:/devkitPro/devkitARM/bin/../lib/gcc/arm-none-eabi/16.1.0/armv6k/fpu/crtbegin.o
 .bss.escapeSeq
                0x0011bdc4       0x64 C:/devkitPro/libctru/lib\libctru.a(console.o)
 .bss.currentCopy
                0x0011be28       0x48 C:/devkitPro/libctru/lib\libctru.a(console.o)
                0x0011be28                currentCopy
 .bss.screenAlloc
                0x0011be70        0x4 C:/devkitPro/libctru/lib\libctru.a(gfx.o)
 .bss.screenFree
                0x0011be74        0x4 C:/devkitPro/libctru/lib\libctru.a(gfx.o)
 .bss.gfxIsDoubleBuf
                0x0011be78        0x2 C:/devkitPro/libctru/lib\libctru.a(gfx.o)
 *fill*         0x0011be7a        0x2 
 .bss.gfxCurBuf
                0x0011be7c        0x2 C:/devkitPro/libctru/lib\libctru.a(gfx.o)
 .bss.gfxIsVram
                0x0011be7e        0x1 C:/devkitPro/libctru/lib\libctru.a(gfx.o)
 .bss.gfxTopMode
                0x0011be7f        0x1 C:/devkitPro/libctru/lib\libctru.a(gfx.o)
 .bss.gfxFramebufferFormats
                0x0011be80        0x2 C:/devkitPro/libctru/lib\libctru.a(gfx.o)
 *fill*         0x0011be82        0x2 
 .bss.gfxBottomFramebufferMaxSize
                0x0011be84        0x4 C:/devkitPro/libctru/lib\libctru.a(gfx.o)
 .bss.gfxTopFramebufferMaxSize
                0x0011be88        0x4 C:/devkitPro/libctru/lib\libctru.a(gfx.o)
 *fill*         0x0011be8c        0x4 
 .bss.gfxBottomFramebuffers
                0x0011be90        0x8 C:/devkitPro/libctru/lib\libctru.a(gfx.o)
 .bss.gfxTopFramebuffers
                0x0011be98        0x8 C:/devkitPro/libctru/lib\libctru.a(gfx.o)
 .bss.flagValue.0
                0x0011bea0        0x1 C:/devkitPro/libctru/lib\libctru.a(apt.o)
 .bss.flagInit.1
                0x0011bea1        0x1 C:/devkitPro/libctru/lib\libctru.a(apt.o)
 *fill*         0x0011bea2        0x2 
 .bss.serviceName.6
                0x0011bea4        0x4 C:/devkitPro/libctru/lib\libctru.a(apt.o)
 .bss.aptChainloadFlags
                0x0011bea8        0x1 C:/devkitPro/libctru/lib\libctru.a(apt.o)
 .bss.aptChainloadMediatype
                0x0011bea9        0x1 C:/devkitPro/libctru/lib\libctru.a(apt.o)
 *fill*         0x0011beaa        0x2 
 .bss.aptChainloadHmac
                0x0011beac       0x20 C:/devkitPro/libctru/lib\libctru.a(apt.o)
 .bss.aptChainloadDeliverArg
                0x0011becc      0x300 C:/devkitPro/libctru/lib\libctru.a(apt.o)
 *fill*         0x0011c1cc        0x4 
 .bss.aptChainloadTid
                0x0011c1d0        0x8 C:/devkitPro/libctru/lib\libctru.a(apt.o)
 .bss.aptParameters
                0x0011c1d8     0x1000 C:/devkitPro/libctru/lib\libctru.a(apt.o)
 .bss.aptFlags  0x0011d1d8        0x4 C:/devkitPro/libctru/lib\libctru.a(apt.o)
 .bss.aptHomeButtonState
                0x0011d1dc        0x1 C:/devkitPro/libctru/lib\libctru.a(apt.o)
 *fill*         0x0011d1dd        0x3 
 .bss.aptMessageFuncData
                0x0011d1e0        0x4 C:/devkitPro/libctru/lib\libctru.a(apt.o)
 .bss.aptMessageFunc
                0x0011d1e4        0x4 C:/devkitPro/libctru/lib\libctru.a(apt.o)
 .bss.aptFirstHook
                0x0011d1e8        0xc C:/devkitPro/libctru/lib\libctru.a(apt.o)
 .bss.aptEventHandlerThreadQuit
                0x0011d1f4        0x1 C:/devkitPro/libctru/lib\libctru.a(apt.o)
 *fill*         0x0011d1f5        0x3 
 .bss.aptEventHandlerThread
                0x0011d1f8        0x4 C:/devkitPro/libctru/lib\libctru.a(apt.o)
 .bss.aptSleepEvent
                0x0011d1fc        0x8 C:/devkitPro/libctru/lib\libctru.a(apt.o)
 .bss.aptReceiveEvent
                0x0011d204        0x8 C:/devkitPro/libctru/lib\libctru.a(apt.o)
 .bss.aptEvents
                0x0011d20c        0x8 C:/devkitPro/libctru/lib\libctru.a(apt.o)
 .bss.aptLockHandle
                0x0011d214        0x4 C:/devkitPro/libctru/lib\libctru.a(apt.o)
 .bss.aptRefCount
                0x0011d218        0x4 C:/devkitPro/libctru/lib\libctru.a(apt.o)
 .bss.gspEventCbOneShot
                0x0011d21c        0x7 C:/devkitPro/libctru/lib\libctru.a(gspgpu.o)
 *fill*         0x0011d223        0x1 
 .bss.gspEventCbData
                0x0011d224       0x1c C:/devkitPro/libctru/lib\libctru.a(gspgpu.o)
 .bss.gspEventCb
                0x0011d240       0x1c C:/devkitPro/libctru/lib\libctru.a(gspgpu.o)
 .bss.gspEvents
                0x0011d25c       0x38 C:/devkitPro/libctru/lib\libctru.a(gspgpu.o)
 .bss.gspLastEvent
                0x0011d294        0x4 C:/devkitPro/libctru/lib\libctru.a(gspgpu.o)
 .bss.gspRunEvents
                0x0011d298        0x1 C:/devkitPro/libctru/lib\libctru.a(gspgpu.o)
 *fill*         0x0011d299        0x3 
 .bss.gspEventThread
                0x0011d29c        0x4 C:/devkitPro/libctru/lib\libctru.a(gspgpu.o)
 .bss.gspEvent  0x0011d2a0        0x4 C:/devkitPro/libctru/lib\libctru.a(gspgpu.o)
 .bss.gspGpuRight
                0x0011d2a4        0x1 C:/devkitPro/libctru/lib\libctru.a(gspgpu.o)
 .bss.gspThreadId
                0x0011d2a5        0x1 C:/devkitPro/libctru/lib\libctru.a(gspgpu.o)
 *fill*         0x0011d2a6        0x2 
 .bss.gspSharedMem
                0x0011d2a8        0x4 C:/devkitPro/libctru/lib\libctru.a(gspgpu.o)
 .bss.gspSharedMemHandle
                0x0011d2ac        0x4 C:/devkitPro/libctru/lib\libctru.a(gspgpu.o)
 .bss.gspRefCount
                0x0011d2b0        0x4 C:/devkitPro/libctru/lib\libctru.a(gspgpu.o)
 .bss.gspGpuHandle
                0x0011d2b4        0x4 C:/devkitPro/libctru/lib\libctru.a(gspgpu.o)
 .bss.usingIrrst
                0x0011d2b8        0x1 C:/devkitPro/libctru/lib\libctru.a(hid.o)
 *fill*         0x0011d2b9        0x3 
 .bss.hidRefCount
                0x0011d2bc        0x4 C:/devkitPro/libctru/lib\libctru.a(hid.o)
 .bss.gRate     0x0011d2c0        0x6 C:/devkitPro/libctru/lib\libctru.a(hid.o)
 *fill*         0x0011d2c6        0x2 
 .bss.aVec      0x0011d2c8        0x6 C:/devkitPro/libctru/lib\libctru.a(hid.o)
 *fill*         0x0011d2ce        0x2 
 .bss.cPos      0x0011d2d0        0x4 C:/devkitPro/libctru/lib\libctru.a(hid.o)
 .bss.tPos      0x0011d2d4        0x4 C:/devkitPro/libctru/lib\libctru.a(hid.o)
 .bss.kRepeat   0x0011d2d8        0x4 C:/devkitPro/libctru/lib\libctru.a(hid.o)
 .bss.kUp       0x0011d2dc        0x4 C:/devkitPro/libctru/lib\libctru.a(hid.o)
 .bss.kDown     0x0011d2e0        0x4 C:/devkitPro/libctru/lib\libctru.a(hid.o)
 .bss.kHeld     0x0011d2e4        0x4 C:/devkitPro/libctru/lib\libctru.a(hid.o)
 .bss.kOld      0x0011d2e8        0x4 C:/devkitPro/libctru/lib\libctru.a(hid.o)
 .bss.hidSharedMem
                0x0011d2ec        0x4 C:/devkitPro/libctru/lib\libctru.a(hid.o)
                0x0011d2ec                hidSharedMem
 .bss.hidEvents
                0x0011d2f0       0x14 C:/devkitPro/libctru/lib\libctru.a(hid.o)
                0x0011d2f0                hidEvents
 .bss.hidMemHandle
                0x0011d304        0x4 C:/devkitPro/libctru/lib\libctru.a(hid.o)
                0x0011d304                hidMemHandle
 .bss.hidHandle
                0x0011d308        0x4 C:/devkitPro/libctru/lib\libctru.a(hid.o)
                0x0011d308                hidHandle
 .bss.irrstRefCount
                0x0011d30c        0x4 C:/devkitPro/libctru/lib\libctru.a(irrst.o)
 .bss.csPos     0x0011d310        0x4 C:/devkitPro/libctru/lib\libctru.a(irrst.o)
 .bss.kHeld     0x0011d314        0x4 C:/devkitPro/libctru/lib\libctru.a(irrst.o)
 .bss.irrstSharedMem
                0x0011d318        0x4 C:/devkitPro/libctru/lib\libctru.a(irrst.o)
                0x0011d318                irrstSharedMem
 .bss.irrstEvent
                0x0011d31c        0x4 C:/devkitPro/libctru/lib\libctru.a(irrst.o)
                0x0011d31c                irrstEvent
 .bss.irrstMemHandle
                0x0011d320        0x4 C:/devkitPro/libctru/lib\libctru.a(irrst.o)
                0x0011d320                irrstMemHandle
 .bss.irrstHandle
                0x0011d324        0x4 C:/devkitPro/libctru/lib\libctru.a(irrst.o)
                0x0011d324                irrstHandle
 .bss.__system_retAddr
                0x0011d328        0x4 C:/devkitPro/libctru/lib\libctru.a(ctru_init.o)
                0x0011d328                __system_retAddr
 .bss.__system_argv
                0x0011d32c        0x4 C:/devkitPro/libctru/lib\libctru.a(initArgv.o)
                0x0011d32c                __system_argv
 .bss.__system_argc
                0x0011d330        0x4 C:/devkitPro/libctru/lib\libctru.a(initArgv.o)
                0x0011d330                __system_argc
 .bss.saved_stack.42
                0x0011d334        0x8 C:/devkitPro/libctru/lib\libctru.a(stack_adjust.o)
 *fill*         0x0011d33c        0x4 
 .bss._ZL11sLinearPool
                0x0011d340        0x8 C:/devkitPro/libctru/lib\libctru.a(linear.o)
 .bss._ZL8sAddrMap
                0x0011d348        0xc C:/devkitPro/libctru/lib\libctru.a(linear.o)
 *fill*         0x0011d354        0x4 
 .bss._ZL10sVramPoolB
                0x0011d358        0x8 C:/devkitPro/libctru/lib\libctru.a(vram.o)
 .bss._ZL10sVramPoolA
                0x0011d360        0x8 C:/devkitPro/libctru/lib\libctru.a(vram.o)
 .bss._ZL8sAddrMap
                0x0011d368        0xc C:/devkitPro/libctru/lib\libctru.a(vram.o)
 .bss.__3dslink_host
                0x0011d374        0x4 C:/devkitPro/libctru/lib\libctru.a(3dslink.o)
                0x0011d374                __3dslink_host
 .bss.__ctru_speedup
                0x0011d378        0x1 C:/devkitPro/libctru/lib\libctru.a(os.o)
                0x0011d378                __ctru_speedup
 *fill*         0x0011d379        0x3 
 .bss.srvRefCount
                0x0011d37c        0x4 C:/devkitPro/libctru/lib\libctru.a(srv.o)
 .bss.srvHandle
                0x0011d380        0x4 C:/devkitPro/libctru/lib\libctru.a(srv.o)
 .bss.arbiter   0x0011d384        0x4 C:/devkitPro/libctru/lib\libctru.a(synchronization.o)
 .bss.currentAddr
                0x0011d388        0x4 C:/devkitPro/libctru/lib\libctru.a(mappable.o)
 .bss.maxAddr   0x0011d38c        0x4 C:/devkitPro/libctru/lib\libctru.a(mappable.o)
 .bss.minAddr   0x0011d390        0x4 C:/devkitPro/libctru/lib\libctru.a(mappable.o)
 .bss.ptmSysmRefCount
                0x0011d394        0x4 C:/devkitPro/libctru/lib\libctru.a(ptmsysm.o)
 .bss.ptmSysmHandle
                0x0011d398        0x4 C:/devkitPro/libctru/lib\libctru.a(ptmsysm.o)
 .bss.srvPmHandle
                0x0011d39c        0x4 C:/devkitPro/libctru/lib\libctru.a(srvpm.o)
 .bss.__ctru_linear_heap_size
                0x0011d3a0        0x4 C:/devkitPro/libctru/lib\libctru.a(allocateHeaps.o)
                0x0011d3a0                __ctru_linear_heap_size
 .bss.__ctru_heap_size
                0x0011d3a4        0x4 C:/devkitPro/libctru/lib\libctru.a(allocateHeaps.o)
                0x0011d3a4                __ctru_heap_size
 .bss.__ctru_linear_heap
                0x0011d3a8        0x4 C:/devkitPro/libctru/lib\libctru.a(allocateHeaps.o)
                0x0011d3a8                __ctru_linear_heap
 .bss.__ctru_heap
                0x0011d3ac        0x4 C:/devkitPro/libctru/lib\libctru.a(allocateHeaps.o)
                0x0011d3ac                __ctru_heap
 .bss.archive_devices
                0x0011d3b0      0x5c0 C:/devkitPro/libctru/lib\libctru.a(archive_dev.o)
 .bss.archive_device_cwd
                0x0011d970        0x4 C:/devkitPro/libctru/lib\libctru.a(archive_dev.o)
 .bss.archive_initialized
                0x0011d974        0x1 C:/devkitPro/libctru/lib\libctru.a(archive_dev.o)
 *fill*         0x0011d975        0x3 
 .bss.fsExemptArchives
                0x0011d978       0x80 C:/devkitPro/libctru/lib\libctru.a(fs.o)
 .bss.fsuRefCount
                0x0011d9f8        0x4 C:/devkitPro/libctru/lib\libctru.a(fs.o)
 .bss.fsuHandle
                0x0011d9fc        0x4 C:/devkitPro/libctru/lib\libctru.a(fs.o)
 .bss.__malloc_current_mallinfo
                0x0011da00       0x28 C:/devkitPro/devkitARM/bin/../lib/gcc/arm-none-eabi/16.1.0/../../../../arm-none-eabi/lib/armv6k/fpu\libg.a(libc_a-mallocr.o)
                0x0011da00                __malloc_current_mallinfo
 .bss.__malloc_max_total_mem
                0x0011da28        0x4 C:/devkitPro/devkitARM/bin/../lib/gcc/arm-none-eabi/16.1.0/../../../../arm-none-eabi/lib/armv6k/fpu\libg.a(libc_a-mallocr.o)
                0x0011da28                __malloc_max_total_mem
 .bss.__malloc_max_sbrked_mem